gcc -g `pkg-config fuse --cflags` -c -o slist.o slist.c
gcc -g `pkg-config fuse --cflags` -c -o directory.o directory.c
gcc -g `pkg-config fuse --cflags` -c -o nufs.o nufs.c
gcc -g `pkg-config fuse --cflags` -c -o inode.o inode.c
gcc -g `pkg-config fuse --cflags` -c -o pages.o pages.c
gcc -g `pkg-config fuse --cflags` -c -o bitmap.o bitmap.c
gcc -g `pkg-config fuse --cflags` -c -o storage.o storage.c
gcc  -o nufs slist.o directory.o nufs.o inode.o pages.o bitmap.o storage.o `pkg-config fuse --libs`
mkdir -p mnt || true
./nufs -s -f mnt data.nufs
pages_init(data.nufs) -> done
pages_get_node(1)
 -> success
directory_init()
storage_init(data.nufs)
pages_get_node(1)
 -> success
get_dir_inum(1)
tree_lookup(/) -> 1
storage_stat(/)
getattr(/) -> (0) {mode: 40755, size: 4096}
access(/, 0004) -> 0
pages_get_node(1)
 -> success
get_dir_inum(1)
tree_lookup(/) -> 1
storage_stat(/)
getattr(/) -> (0) {mode: 40755, size: 4096}
pages_get_node(1)
 -> success
get_dir_inum(1)
current dir->data in dirs list is .xdg-volume-info
tree_lookup(/.xdg-volume-info) -> -2
getattr(/.xdg-volume-info) -> (-2) {mode: 0000, size: 0}
pages_get_node(1)
 -> success
get_dir_inum(1)
current dir->data in dirs list is .Trash
tree_lookup(/.Trash) -> -2
getattr(/.Trash) -> (-2) {mode: 0000, size: 0}
pages_get_node(1)
 -> success
get_dir_inum(1)
current dir->data in dirs list is autorun.inf
tree_lookup(/autorun.inf) -> -2
getattr(/autorun.inf) -> (-2) {mode: 0000, size: 0}
get_dir_path(/)
pages_get_node(1)
 -> success
get_dir_inum(1)
tree_lookup(/) -> 1
pages_get_node(1)
 -> success
get_dir_inum(1)
storage_readdir(/)
readdir(/) -> 0
pages_get_node(1)
 -> success
get_dir_inum(1)
tree_lookup(/) -> 1
storage_stat(/)
getattr(/) -> (0) {mode: 40755, size: 4096}
pages_get_node(1)
 -> success
get_dir_inum(1)
current dir->data in dirs list is .Trash-1000
tree_lookup(/.Trash-1000) -> -2
getattr(/.Trash-1000) -> (-2) {mode: 0000, size: 0}
get_dir_path(/)
pages_get_node(1)
 -> success
get_dir_inum(1)
tree_lookup(/) -> 1
pages_get_node(1)
 -> success
get_dir_inum(1)
storage_readdir(/)
readdir(/) -> 0
pages_get_node(1)
 -> success
get_dir_inum(1)
tree_lookup(/) -> 1
storage_stat(/)
getattr(/) -> (0) {mode: 40755, size: 4096}
get_dir_path(/)
pages_get_node(1)
 -> success
get_dir_inum(1)
tree_lookup(/) -> 1
pages_get_node(1)
 -> success
get_dir_inum(1)
storage_readdir(/)
readdir(/) -> 0
pages_get_node(1)
 -> success
get_dir_inum(1)
tree_lookup(/) -> 1
storage_stat(/)
getattr(/) -> (0) {mode: 40755, size: 4096}
get_dir_path(/)
pages_get_node(1)
 -> success
get_dir_inum(1)
tree_lookup(/) -> 1
pages_get_node(1)
 -> success
get_dir_inum(1)
storage_readdir(/)
readdir(/) -> 0
pages_get_node(1)
 -> success
get_dir_inum(1)
tree_lookup(/) -> 1
storage_stat(/)
getattr(/) -> (0) {mode: 40755, size: 4096}
get_dir_path(/)
pages_get_node(1)
 -> success
get_dir_inum(1)
tree_lookup(/) -> 1
pages_get_node(1)
 -> success
get_dir_inum(1)
storage_readdir(/)
readdir(/) -> 0
pages_get_node(1)
 -> success
get_dir_inum(1)
tree_lookup(/) -> 1
storage_stat(/)
getattr(/) -> (0) {mode: 40755, size: 4096}
get_dir_path(/)
pages_get_node(1)
 -> success
get_dir_inum(1)
tree_lookup(/) -> 1
pages_get_node(1)
 -> success
get_dir_inum(1)
storage_readdir(/)
readdir(/) -> 0
pages_get_node(1)
 -> success
get_dir_inum(1)
tree_lookup(/) -> 1
storage_stat(/)
getattr(/) -> (0) {mode: 40755, size: 4096}
get_dir_path(/)
pages_get_node(1)
 -> success
get_dir_inum(1)
tree_lookup(/) -> 1
pages_get_node(1)
 -> success
get_dir_inum(1)
storage_readdir(/)
readdir(/) -> 0
pages_get_node(1)
 -> success
get_dir_inum(1)
tree_lookup(/) -> 1
storage_stat(/)
getattr(/) -> (0) {mode: 40755, size: 4096}
get_dir_path(/)
pages_get_node(1)
 -> success
get_dir_inum(1)
tree_lookup(/) -> 1
pages_get_node(1)
 -> success
get_dir_inum(1)
storage_readdir(/)
readdir(/) -> 0
pages_get_node(1)
 -> success
get_dir_inum(1)
tree_lookup(/) -> 1
storage_stat(/)
getattr(/) -> (0) {mode: 40755, size: 4096}
get_dir_path(/)
pages_get_node(1)
 -> success
get_dir_inum(1)
tree_lookup(/) -> 1
pages_get_node(1)
 -> success
get_dir_inum(1)
storage_readdir(/)
readdir(/) -> 0
pages_get_node(1)
 -> success
get_dir_inum(1)
tree_lookup(/) -> 1
storage_stat(/)
getattr(/) -> (0) {mode: 40755, size: 4096}
get_dir_path(/)
pages_get_node(1)
 -> success
get_dir_inum(1)
tree_lookup(/) -> 1
pages_get_node(1)
 -> success
get_dir_inum(1)
storage_readdir(/)
readdir(/) -> 0
pages_get_node(1)
 -> success
get_dir_inum(1)
tree_lookup(/) -> 1
storage_stat(/)
getattr(/) -> (0) {mode: 40755, size: 4096}
get_dir_path(/)
pages_get_node(1)
 -> success
get_dir_inum(1)
tree_lookup(/) -> 1
pages_get_node(1)
 -> success
get_dir_inum(1)
storage_readdir(/)
readdir(/) -> 0
pages_get_node(1)
 -> success
get_dir_inum(1)
tree_lookup(/) -> 1
storage_stat(/)
getattr(/) -> (0) {mode: 40755, size: 4096}
get_dir_path(/)
pages_get_node(1)
 -> success
get_dir_inum(1)
tree_lookup(/) -> 1
pages_get_node(1)
 -> success
get_dir_inum(1)
storage_readdir(/)
readdir(/) -> 0
pages_get_node(1)
 -> success
get_dir_inum(1)
tree_lookup(/) -> 1
storage_stat(/)
getattr(/) -> (0) {mode: 40755, size: 4096}
get_dir_path(/)
pages_get_node(1)
 -> success
get_dir_inum(1)
tree_lookup(/) -> 1
pages_get_node(1)
 -> success
get_dir_inum(1)
storage_readdir(/)
readdir(/) -> 0
pages_get_node(1)
 -> success
get_dir_inum(1)
tree_lookup(/) -> 1
storage_stat(/)
getattr(/) -> (0) {mode: 40755, size: 4096}
get_dir_path(/)
pages_get_node(1)
 -> success
get_dir_inum(1)
tree_lookup(/) -> 1
pages_get_node(1)
 -> success
get_dir_inum(1)
storage_readdir(/)
readdir(/) -> 0
pages_get_node(1)
 -> success
get_dir_inum(1)
tree_lookup(/) -> 1
storage_stat(/)
getattr(/) -> (0) {mode: 40755, size: 4096}
pages_get_node(1)
 -> success
get_dir_inum(1)
tree_lookup(/) -> 1
storage_stat(/)
getattr(/) -> (0) {mode: 40755, size: 4096}
get_dir_path(/)
pages_get_node(1)
 -> success
get_dir_inum(1)
tree_lookup(/) -> 1
pages_get_node(1)
 -> success
get_dir_inum(1)
storage_readdir(/)
readdir(/) -> 0
get_dir_path(/)
pages_get_node(1)
 -> success
get_dir_inum(1)
tree_lookup(/) -> 1
pages_get_node(1)
 -> success
get_dir_inum(1)
storage_readdir(/)
readdir(/) -> 0
pages_get_node(1)
 -> success
get_dir_inum(1)
tree_lookup(/) -> 1
storage_stat(/)
getattr(/) -> (0) {mode: 40755, size: 4096}
get_dir_path(/)
pages_get_node(1)
 -> success
get_dir_inum(1)
tree_lookup(/) -> 1
pages_get_node(1)
 -> success
get_dir_inum(1)
storage_readdir(/)
readdir(/) -> 0
pages_get_node(1)
 -> success
get_dir_inum(1)
tree_lookup(/) -> 1
storage_stat(/)
getattr(/) -> (0) {mode: 40755, size: 4096}
get_dir_path(/)
pages_get_node(1)
 -> success
get_dir_inum(1)
tree_lookup(/) -> 1
pages_get_node(1)
 -> success
get_dir_inum(1)
storage_readdir(/)
readdir(/) -> 0
pages_get_node(1)
 -> success
get_dir_inum(1)
tree_lookup(/) -> 1
storage_stat(/)
getattr(/) -> (0) {mode: 40755, size: 4096}
get_dir_path(/)
pages_get_node(1)
 -> success
get_dir_inum(1)
tree_lookup(/) -> 1
pages_get_node(1)
 -> success
get_dir_inum(1)
storage_readdir(/)
readdir(/) -> 0
pages_get_node(1)
 -> success
get_dir_inum(1)
tree_lookup(/) -> 1
storage_stat(/)
getattr(/) -> (0) {mode: 40755, size: 4096}
get_dir_path(/)
pages_get_node(1)
 -> success
get_dir_inum(1)
tree_lookup(/) -> 1
pages_get_node(1)
 -> success
get_dir_inum(1)
storage_readdir(/)
readdir(/) -> 0
pages_get_node(1)
 -> success
get_dir_inum(1)
tree_lookup(/) -> 1
storage_stat(/)
getattr(/) -> (0) {mode: 40755, size: 4096}
get_dir_path(/)
pages_get_node(1)
 -> success
get_dir_inum(1)
tree_lookup(/) -> 1
pages_get_node(1)
 -> success
get_dir_inum(1)
storage_readdir(/)
readdir(/) -> 0
pages_get_node(1)
 -> success
get_dir_inum(1)
tree_lookup(/) -> 1
storage_stat(/)
getattr(/) -> (0) {mode: 40755, size: 4096}
get_dir_path(/)
pages_get_node(1)
 -> success
get_dir_inum(1)
tree_lookup(/) -> 1
pages_get_node(1)
 -> success
get_dir_inum(1)
storage_readdir(/)
readdir(/) -> 0
pages_get_node(1)
 -> success
get_dir_inum(1)
tree_lookup(/) -> 1
storage_stat(/)
getattr(/) -> (0) {mode: 40755, size: 4096}
get_dir_path(/)
pages_get_node(1)
 -> success
get_dir_inum(1)
tree_lookup(/) -> 1
pages_get_node(1)
 -> success
get_dir_inum(1)
storage_readdir(/)
readdir(/) -> 0
pages_get_node(1)
 -> success
get_dir_inum(1)
tree_lookup(/) -> 1
storage_stat(/)
getattr(/) -> (0) {mode: 40755, size: 4096}
get_dir_path(/)
pages_get_node(1)
 -> success
get_dir_inum(1)
tree_lookup(/) -> 1
pages_get_node(1)
 -> success
get_dir_inum(1)
storage_readdir(/)
readdir(/) -> 0
pages_get_node(1)
 -> success
get_dir_inum(1)
current dir->data in dirs list is autorun.inf
tree_lookup(/autorun.inf) -> -2
getattr(/autorun.inf) -> (-2) {mode: 0000, size: 0}
pages_get_node(1)
 -> success
get_dir_inum(1)
tree_lookup(/) -> 1
storage_stat(/)
getattr(/) -> (0) {mode: 40755, size: 4096}
pages_get_node(1)
 -> success
get_dir_inum(1)
current dir->data in dirs list is one.txt
tree_lookup(/one.txt) -> -2
getattr(/one.txt) -> (-2) {mode: 0000, size: 0}
IN MAKE NODE
get_dir_path(/)
pages_get_node(1)
 -> success
get_dir_inum(1)
tree_lookup(/) -> 1
pages_get_node(1)
 -> success
get_dir_inum(1)
directory_lookup(dd, one.txt) -> -2
pages_get_empty_pg() -> 3
pages_get_node(2)
 -> success
init_inode(node, 100664)
storage_mknod(/one.txt, 100664)
directory_put(dd, one.txt, 2) -> 0
mknod(/one.txt, 100664) -> 0
pages_get_node(1)
 -> success
get_dir_inum(1)
current dir->data in dirs list is one.txt
pages_get_node(2)
 -> success
tree_lookup(/one.txt) -> 2
storage_stat(/one.txt)
getattr(/one.txt) -> (0) {mode: 100664, size: 0}
access(/one.txt, 0000) -> 0
open(/one.txt) -> 0
ioctl(/one.txt, 21505, ...) -> -1
pages_get_node(1)
 -> success
get_dir_inum(1)
current dir->data in dirs list is one.txt
pages_get_node(2)
 -> success
tree_lookup(/one.txt) -> 2
storage_write(/one.txt, hello, one
, 11, 0) -> 11
write(/one.txt, 11 bytes, @+0) -> 11
pages_get_node(1)
 -> success
get_dir_inum(1)
current dir->data in dirs list is one.txt
pages_get_node(2)
 -> success
tree_lookup(/one.txt) -> 2
storage_stat(/one.txt)
getattr(/one.txt) -> (0) {mode: 100664, size: 11}
access(/one.txt, 0000) -> 0
open(/one.txt) -> 0
pages_get_node(1)
 -> success
get_dir_inum(1)
tree_lookup(/) -> 1
storage_stat(/)
getattr(/) -> (0) {mode: 40755, size: 4096}
ioctl(/one.txt, 21505, ...) -> -1
pages_get_node(1)
 -> success
get_dir_inum(1)
current dir->data in dirs list is one.txt
pages_get_node(2)
 -> success
tree_lookup(/one.txt) -> 2
storage_data(/one.txt) -> hello, one

read(/one.txt, 4096 bytes, @+0) -> 12
pages_get_node(1)
 -> success
get_dir_inum(1)
current dir->data in dirs list is one.txt
pages_get_node(2)
 -> success
tree_lookup(/one.txt) -> 2
storage_stat(/one.txt)
getattr(/one.txt) -> (0) {mode: 100664, size: 11}
get_dir_path(/)
pages_get_node(1)
 -> success
get_dir_inum(1)
tree_lookup(/) -> 1
pages_get_node(1)
 -> success
get_dir_inum(1)
pages_get_node(1)
 -> success
get_dir_inum(1)
current dir->data in dirs list is one.txt
pages_get_node(2)
 -> success
tree_lookup(/one.txt) -> 2
storage_stat(/one.txt)
storage_readdir(/)
readdir(/) -> 0
pages_get_node(1)
 -> success
get_dir_inum(1)
current dir->data in dirs list is two.txt
tree_lookup(/two.txt) -> -2
getattr(/two.txt) -> (-2) {mode: 0000, size: 0}
IN MAKE NODE
get_dir_path(/)
pages_get_node(1)
 -> success
get_dir_inum(1)
tree_lookup(/) -> 1
pages_get_node(1)
 -> success
get_dir_inum(1)
directory_lookup(dd, two.txt) -> -2
pages_get_empty_pg() -> 4
pages_get_node(3)
 -> success
init_inode(node, 100664)
storage_mknod(/two.txt, 100664)
directory_put(dd, two.txt, 3) -> 0
mknod(/two.txt, 100664) -> 0
pages_get_node(1)
 -> success
get_dir_inum(1)
current dir->data in dirs list is two.txt
pages_get_node(3)
 -> success
tree_lookup(/two.txt) -> 3
storage_stat(/two.txt)
getattr(/two.txt) -> (0) {mode: 100664, size: 0}
access(/two.txt, 0000) -> 0
open(/two.txt) -> 0
ioctl(/two.txt, 21505, ...) -> -1
pages_get_node(1)
 -> success
get_dir_inum(1)
current dir->data in dirs list is two.txt
pages_get_node(3)
 -> success
tree_lookup(/two.txt) -> 3
storage_write(/two.txt, hello, two
, 11, 0) -> 11
write(/two.txt, 11 bytes, @+0) -> 11
pages_get_node(1)
 -> success
get_dir_inum(1)
current dir->data in dirs list is two.txt
pages_get_node(3)
 -> success
tree_lookup(/two.txt) -> 3
storage_stat(/two.txt)
getattr(/two.txt) -> (0) {mode: 100664, size: 11}
access(/two.txt, 0000) -> 0
open(/two.txt) -> 0
pages_get_node(1)
 -> success
get_dir_inum(1)
tree_lookup(/) -> 1
storage_stat(/)
getattr(/) -> (0) {mode: 40755, size: 4096}
ioctl(/two.txt, 21505, ...) -> -1
pages_get_node(1)
 -> success
get_dir_inum(1)
current dir->data in dirs list is two.txt
pages_get_node(3)
 -> success
tree_lookup(/two.txt) -> 3
storage_data(/two.txt) -> hello, two

read(/two.txt, 4096 bytes, @+0) -> 12
pages_get_node(1)
 -> success
get_dir_inum(1)
current dir->data in dirs list is two.txt
pages_get_node(3)
 -> success
tree_lookup(/two.txt) -> 3
storage_stat(/two.txt)
getattr(/two.txt) -> (0) {mode: 100664, size: 11}
get_dir_path(/)
pages_get_node(1)
 -> success
get_dir_inum(1)
tree_lookup(/) -> 1
pages_get_node(1)
 -> success
get_dir_inum(1)
pages_get_node(1)
 -> success
get_dir_inum(1)
current dir->data in dirs list is one.txt
pages_get_node(2)
 -> success
tree_lookup(/one.txt) -> 2
storage_stat(/one.txt)
pages_get_node(1)
 -> success
get_dir_inum(1)
current dir->data in dirs list is two.txt
pages_get_node(3)
 -> success
tree_lookup(/two.txt) -> 3
storage_stat(/two.txt)
storage_readdir(/)
readdir(/) -> 0
pages_get_node(1)
 -> success
get_dir_inum(1)
current dir->data in dirs list is 2k.txt
tree_lookup(/2k.txt) -> -2
getattr(/2k.txt) -> (-2) {mode: 0000, size: 0}
IN MAKE NODE
get_dir_path(/)
pages_get_node(1)
 -> success
get_dir_inum(1)
tree_lookup(/) -> 1
pages_get_node(1)
 -> success
get_dir_inum(1)
directory_lookup(dd, 2k.txt) -> -2
pages_get_empty_pg() -> 5
pages_get_node(4)
 -> success
init_inode(node, 100664)
storage_mknod(/2k.txt, 100664)
directory_put(dd, 2k.txt, 4) -> 0
mknod(/2k.txt, 100664) -> 0
pages_get_node(1)
 -> success
get_dir_inum(1)
current dir->data in dirs list is 2k.txt
pages_get_node(4)
 -> success
tree_lookup(/2k.txt) -> 4
storage_stat(/2k.txt)
getattr(/2k.txt) -> (0) {mode: 100664, size: 0}
access(/2k.txt, 0000) -> 0
open(/2k.txt) -> 0
ioctl(/2k.txt, 21505, ...) -> -1
pages_get_node(1)
 -> success
get_dir_inum(1)
current dir->data in dirs list is 2k.txt
pages_get_node(4)
 -> success
tree_lookup(/2k.txt) -> 4
storage_write(/2k.txt, =This string is fourty characters long.==This string is fourty characters long.==This string is fourty characters long.==This string is fourty characters long.==This string is fourty characters long.==This string is fourty characters long.==This string is fourty characters long.==This string is fourty characters long.==This string is fourty characters long.==This string is fourty characters long.==This string is fourty characters long.==This string is fourty characters long.==This string is fourty characters long.==This string is fourty characters long.==This string is fourty characters long.==This string is fourty characters long.==This string is fourty characters long.==This string is fourty characters long.==This string is fourty characters long.==This string is fourty characters long.==This string is fourty characters long.==This string is fourty characters long.==This string is fourty characters long.==This string is fourty characters long.==This string is fourty characters long.==This string is fourty characters long.==This string is fourty characters long.==This string is fourty characters long.==This string is fourty characters long.==This string is fourty characters long.==This string is fourty characters long.==This string is fourty characters long.==This string is fourty characters long.==This string is fourty characters long.==This string is fourty characters long.==This string is fourty characters long.==This string is fourty characters long.==This string is fourty characters long.==This string is fourty characters long.==This string is fourty characters long.==This string is fourty characters long.==This string is fourty characters long.==This string is fourty characters long.==This string is fourty characters long.==This string is fourty characters long.==This string is fourty characters long.==This string is fourty characters long.==This string is fourty characters long.==This string is fourty characters long.==This string is fourty characters long.=
, 2001, 0) -> 2001
write(/2k.txt, 2001 bytes, @+0) -> 2001
pages_get_node(1)
 -> success
get_dir_inum(1)
tree_lookup(/) -> 1
storage_stat(/)
getattr(/) -> (0) {mode: 40755, size: 4096}
access(/2k.txt, 0000) -> 0
open(/2k.txt) -> 0
ioctl(/2k.txt, 21505, ...) -> -1
pages_get_node(1)
 -> success
get_dir_inum(1)
current dir->data in dirs list is 2k.txt
pages_get_node(4)
 -> success
tree_lookup(/2k.txt) -> 4
storage_stat(/2k.txt)
getattr(/2k.txt) -> (0) {mode: 100664, size: 2001}
pages_get_node(1)
 -> success
get_dir_inum(1)
current dir->data in dirs list is 2k.txt
pages_get_node(4)
 -> success
tree_lookup(/2k.txt) -> 4
storage_data(/2k.txt) -> =This string is fourty characters long.==This string is fourty characters long.==This string is fourty characters long.==This string is fourty characters long.==This string is fourty characters long.==This string is fourty characters long.==This string is fourty characters long.==This string is fourty characters long.==This string is fourty characters long.==This string is fourty characters long.==This string is fourty characters long.==This string is fourty characters long.==This string is fourty characters long.==This string is fourty characters long.==This string is fourty characters long.==This string is fourty characters long.==This string is fourty characters long.==This string is fourty characters long.==This string is fourty characters long.==This string is fourty characters long.==This string is fourty characters long.==This string is fourty characters long.==This string is fourty characters long.==This string is fourty characters long.==This string is fourty characters long.==This string is fourty characters long.==This string is fourty characters long.==This string is fourty characters long.==This string is fourty characters long.==This string is fourty characters long.==This string is fourty characters long.==This string is fourty characters long.==This string is fourty characters long.==This string is fourty characters long.==This string is fourty characters long.==This string is fourty characters long.==This string is fourty characters long.==This string is fourty characters long.==This string is fourty characters long.==This string is fourty characters long.==This string is fourty characters long.==This string is fourty characters long.==This string is fourty characters long.==This string is fourty characters long.==This string is fourty characters long.==This string is fourty characters long.==This string is fourty characters long.==This string is fourty characters long.==This string is fourty characters long.==This string is fourty characters long.=

read(/2k.txt, 4096 bytes, @+0) -> 2002
get_dir_path(/)
pages_get_node(1)
 -> success
get_dir_inum(1)
tree_lookup(/) -> 1
pages_get_node(1)
 -> success
get_dir_inum(1)
pages_get_node(1)
 -> success
get_dir_inum(1)
current dir->data in dirs list is one.txt
pages_get_node(2)
 -> success
tree_lookup(/one.txt) -> 2
storage_stat(/one.txt)
pages_get_node(1)
 -> success
get_dir_inum(1)
current dir->data in dirs list is two.txt
pages_get_node(3)
 -> success
tree_lookup(/two.txt) -> 3
storage_stat(/two.txt)
pages_get_node(1)
 -> success
get_dir_inum(1)
current dir->data in dirs list is 2k.txt
pages_get_node(4)
 -> success
tree_lookup(/2k.txt) -> 4
storage_stat(/2k.txt)
storage_readdir(/)
readdir(/) -> 0
pages_get_node(1)
 -> success
get_dir_inum(1)
current dir->data in dirs list is 2k.txt
pages_get_node(4)
 -> success
tree_lookup(/2k.txt) -> 4
storage_stat(/2k.txt)
getattr(/2k.txt) -> (0) {mode: 100664, size: 2001}
access(/2k.txt, 0000) -> 0
open(/2k.txt) -> 0
ioctl(/2k.txt, 21505, ...) -> -1
pages_get_node(1)
 -> success
get_dir_inum(1)
current dir->data in dirs list is 2k.txt
pages_get_node(4)
 -> success
tree_lookup(/2k.txt) -> 4
storage_data(/2k.txt) -> =This string is fourty characters long.==This string is fourty characters long.==This string is fourty characters long.==This string is fourty characters long.==This string is fourty characters long.==This string is fourty characters long.==This string is fourty characters long.==This string is fourty characters long.==This string is fourty characters long.==This string is fourty characters long.==This string is fourty characters long.==This string is fourty characters long.==This string is fourty characters long.==This string is fourty characters long.==This string is fourty characters long.==This string is fourty characters long.==This string is fourty characters long.==This string is fourty characters long.==This string is fourty characters long.==This string is fourty characters long.==This string is fourty characters long.==This fusermount -u mnt || true
string is fourty characters long.==This string is fourty characters long.==This string is fourty characters long.==This string is fourty characters long.==This string is fourty characters long.==This string is fourty characters long.==This string is fourty characters long.==This string is fourty characters long.==This string is fourty characters long.==This string is fourty characters long.==This string is fourty characters long.==This string is fourty characters long.==This string is fourty characters long.==This string is fourty characters long.==This string is fourty characters long.==This string is fourty characters long.==This string is fourty characters long.==This string is fourty characters long.==This string is fourty characters long.==This string is fourty characters long.==This string is fourty characters long.==This string is fourty characters long.==This string is fourty characters long.==This string is fourty characters long.==This string is fourty characters long.==This string is fourty characters long.==This string is fourty characters long.==This string is fourty characters long.==This string is fourty characters long.=

read(/2k.txt, 4096 bytes, @+0) -> 2002
pages_get_node(1)
 -> success
get_dir_inum(1)
tree_lookup(/) -> 1
storage_stat(/)
getattr(/) -> (0) {mode: 40755, size: 4096}
pages_get_node(1)
 -> success
get_dir_inum(1)
current dir->data in dirs list is 2k.txt
pages_get_node(4)
 -> success
tree_lookup(/2k.txt) -> 4
storage_stat(/2k.txt)
getattr(/2k.txt) -> (0) {mode: 100664, size: 2001}
mkdir -p mnt || true
./nufs -s -f mnt data.nufs
pages_init(data.nufs) -> done
pages_get_node(1)
 -> success
directory_init()
storage_init(data.nufs)
access(/, 0004) -> 0
pages_get_node(1)
 -> success
get_dir_inum(1)
current dir->data in dirs list is .Trash
tree_lookup(/.Trash) -> -2
getattr(/.Trash) -> (-2) {mode: 0000, size: 0}
pages_get_node(1)
 -> success
get_dir_inum(1)
current dir->data in dirs list is .Trash-1000
tree_lookup(/.Trash-1000) -> -2
getattr(/.Trash-1000) -> (-2) {mode: 0000, size: 0}
pages_get_node(1)
 -> success
get_dir_inum(1)
current dir->data in dirs list is .xdg-volume-info
tree_lookup(/.xdg-volume-info) -> -2
getattr(/.xdg-volume-info) -> (-2) {mode: 0000, size: 0}
pages_get_node(1)
 -> success
get_dir_inum(1)
tree_lookup(/) -> 1
storage_stat(/)
getattr(/) -> (0) {mode: 40755, size: 4096}
pages_get_node(1)
 -> success
get_dir_inum(1)
current dir->data in dirs list is autorun.inf
tree_lookup(/autorun.inf) -> -2
getattr(/autorun.inf) -> (-2) {mode: 0000, size: 0}
get_dir_path(/)
pages_get_node(1)
 -> success
get_dir_inum(1)
tree_lookup(/) -> 1
pages_get_node(1)
 -> success
get_dir_inum(1)
pages_get_node(1)
 -> success
get_dir_inum(1)
current dir->data in dirs list is one.txt
pages_get_node(2)
 -> success
tree_lookup(/one.txt) -> 2
storage_stat(/one.txt)
pages_get_node(1)
 -> success
get_dir_inum(1)
current dir->data in dirs list is two.txt
pages_get_node(3)
 -> success
tree_lookup(/two.txt) -> 3
storage_stat(/two.txt)
pages_get_node(1)
 -> success
get_dir_inum(1)
current dir->data in dirs list is 2k.txt
pages_get_node(4)
 -> success
tree_lookup(/2k.txt) -> 4
storage_stat(/2k.txt)
storage_readdir(/)
readdir(/) -> 0
pages_get_node(1)
 -> success
get_dir_inum(1)
tree_lookup(/) -> 1
storage_stat(/)
getattr(/) -> (0) {mode: 40755, size: 4096}
get_dir_path(/)
pages_get_node(1)
 -> success
get_dir_inum(1)
tree_lookup(/) -> 1
pages_get_node(1)
 -> success
get_dir_inum(1)
pages_get_node(1)
 -> success
get_dir_inum(1)
current dir->data in dirs list is one.txt
pages_get_node(2)
 -> success
tree_lookup(/one.txt) -> 2
storage_stat(/one.txt)
pages_get_node(1)
 -> success
get_dir_inum(1)
current dir->data in dirs list is two.txt
pages_get_node(3)
 -> success
tree_lookup(/two.txt) -> 3
storage_stat(/two.txt)
pages_get_node(1)
 -> success
get_dir_inum(1)
current dir->data in dirs list is 2k.txt
pages_get_node(4)
 -> success
tree_lookup(/2k.txt) -> 4
storage_stat(/2k.txt)
storage_readdir(/)
readdir(/) -> 0
pages_get_node(1)
 -> success
get_dir_inum(1)
tree_lookup(/) -> 1
storage_stat(/)
getattr(/) -> (0) {mode: 40755, size: 4096}
get_dir_path(/)
pages_get_node(1)
 -> success
get_dir_inum(1)
tree_lookup(/) -> 1
pages_get_node(1)
 -> success
get_dir_inum(1)
pages_get_node(1)
 -> success
get_dir_inum(1)
current dir->data in dirs list is one.txt
pages_get_node(2)
 -> success
tree_lookup(/one.txt) -> 2
storage_stat(/one.txt)
pages_get_node(1)
 -> success
get_dir_inum(1)
current dir->data in dirs list is two.txt
pages_get_node(3)
 -> success
tree_lookup(/two.txt) -> 3
storage_stat(/two.txt)
pages_get_node(1)
 -> success
get_dir_inum(1)
current dir->data in dirs list is 2k.txt
pages_get_node(4)
 -> success
tree_lookup(/2k.txt) -> 4
storage_stat(/2k.txt)
storage_readdir(/)
readdir(/) -> 0
pages_get_node(1)
 -> success
get_dir_inum(1)
tree_lookup(/) -> 1
storage_stat(/)
getattr(/) -> (0) {mode: 40755, size: 4096}
get_dir_path(/)
pages_get_node(1)
 -> success
get_dir_inum(1)
tree_lookup(/) -> 1
pages_get_node(1)
 -> success
get_dir_inum(1)
pages_get_node(1)
 -> success
get_dir_inum(1)
current dir->data in dirs list is one.txt
pages_get_node(2)
 -> success
tree_lookup(/one.txt) -> 2
storage_stat(/one.txt)
pages_get_node(1)
 -> success
get_dir_inum(1)
current dir->data in dirs list is two.txt
pages_get_node(3)
 -> success
tree_lookup(/two.txt) -> 3
storage_stat(/two.txt)
pages_get_node(1)
 -> success
get_dir_inum(1)
current dir->data in dirs list is 2k.txt
pages_get_node(4)
 -> success
tree_lookup(/2k.txt) -> 4
storage_stat(/2k.txt)
storage_readdir(/)
readdir(/) -> 0
pages_get_node(1)
 -> success
get_dir_inum(1)
tree_lookup(/) -> 1
storage_stat(/)
getattr(/) -> (0) {mode: 40755, size: 4096}
get_dir_path(/)
pages_get_node(1)
 -> success
get_dir_inum(1)
tree_lookup(/) -> 1
pages_get_node(1)
 -> success
get_dir_inum(1)
pages_get_node(1)
 -> success
get_dir_inum(1)
current dir->data in dirs list is one.txt
pages_get_node(2)
 -> success
tree_lookup(/one.txt) -> 2
storage_stat(/one.txt)
pages_get_node(1)
 -> success
get_dir_inum(1)
current dir->data in dirs list is two.txt
pages_get_node(3)
 -> success
tree_lookup(/two.txt) -> 3
storage_stat(/two.txt)
pages_get_node(1)
 -> success
get_dir_inum(1)
current dir->data in dirs list is 2k.txt
pages_get_node(4)
 -> success
tree_lookup(/2k.txt) -> 4
storage_stat(/2k.txt)
storage_readdir(/)
readdir(/) -> 0
pages_get_node(1)
 -> success
get_dir_inum(1)
tree_lookup(/) -> 1
storage_stat(/)
getattr(/) -> (0) {mode: 40755, size: 4096}
get_dir_path(/)
pages_get_node(1)
 -> success
get_dir_inum(1)
tree_lookup(/) -> 1
pages_get_node(1)
 -> success
get_dir_inum(1)
pages_get_node(1)
 -> success
get_dir_inum(1)
current dir->data in dirs list is one.txt
pages_get_node(2)
 -> success
tree_lookup(/one.txt) -> 2
storage_stat(/one.txt)
pages_get_node(1)
 -> success
get_dir_inum(1)
current dir->data in dirs list is two.txt
pages_get_node(3)
 -> success
tree_lookup(/two.txt) -> 3
storage_stat(/two.txt)
pages_get_node(1)
 -> success
get_dir_inum(1)
current dir->data in dirs list is 2k.txt
pages_get_node(4)
 -> success
tree_lookup(/2k.txt) -> 4
storage_stat(/2k.txt)
storage_readdir(/)
readdir(/) -> 0
pages_get_node(1)
 -> success
get_dir_inum(1)
tree_lookup(/) -> 1
storage_stat(/)
getattr(/) -> (0) {mode: 40755, size: 4096}
get_dir_path(/)
pages_get_node(1)
 -> success
get_dir_inum(1)
tree_lookup(/) -> 1
pages_get_node(1)
 -> success
get_dir_inum(1)
pages_get_node(1)
 -> success
get_dir_inum(1)
current dir->data in dirs list is one.txt
pages_get_node(2)
 -> success
tree_lookup(/one.txt) -> 2
storage_stat(/one.txt)
pages_get_node(1)
 -> success
get_dir_inum(1)
current dir->data in dirs list is two.txt
pages_get_node(3)
 -> success
tree_lookup(/two.txt) -> 3
storage_stat(/two.txt)
pages_get_node(1)
 -> success
get_dir_inum(1)
current dir->data in dirs list is 2k.txt
pages_get_node(4)
 -> success
tree_lookup(/2k.txt) -> 4
storage_stat(/2k.txt)
storage_readdir(/)
readdir(/) -> 0
pages_get_node(1)
 -> success
get_dir_inum(1)
tree_lookup(/) -> 1
storage_stat(/)
getattr(/) -> (0) {mode: 40755, size: 4096}
get_dir_path(/)
pages_get_node(1)
 -> success
get_dir_inum(1)
tree_lookup(/) -> 1
pages_get_node(1)
 -> success
get_dir_inum(1)
pages_get_node(1)
 -> success
get_dir_inum(1)
current dir->data in dirs list is one.txt
pages_get_node(2)
 -> success
tree_lookup(/one.txt) -> 2
storage_stat(/one.txt)
pages_get_node(1)
 -> success
get_dir_inum(1)
current dir->data in dirs list is two.txt
pages_get_node(3)
 -> success
tree_lookup(/two.txt) -> 3
storage_stat(/two.txt)
pages_get_node(1)
 -> success
get_dir_inum(1)
current dir->data in dirs list is 2k.txt
pages_get_node(4)
 -> success
tree_lookup(/2k.txt) -> 4
storage_stat(/2k.txt)
storage_readdir(/)
readdir(/) -> 0
pages_get_node(1)
 -> success
get_dir_inum(1)
tree_lookup(/) -> 1
storage_stat(/)
getattr(/) -> (0) {mode: 40755, size: 4096}
get_dir_path(/)
pages_get_node(1)
 -> success
get_dir_inum(1)
tree_lookup(/) -> 1
pages_get_node(1)
 -> success
get_dir_inum(1)
pages_get_node(1)
 -> success
get_dir_inum(1)
current dir->data in dirs list is one.txt
pages_get_node(2)
 -> success
tree_lookup(/one.txt) -> 2
storage_stat(/one.txt)
pages_get_node(1)
 -> success
get_dir_inum(1)
current dir->data in dirs list is two.txt
pages_get_node(3)
 -> success
tree_lookup(/two.txt) -> 3
storage_stat(/two.txt)
pages_get_node(1)
 -> success
get_dir_inum(1)
current dir->data in dirs list is 2k.txt
pages_get_node(4)
 -> success
tree_lookup(/2k.txt) -> 4
storage_stat(/2k.txt)
storage_readdir(/)
readdir(/) -> 0
pages_get_node(1)
 -> success
get_dir_inum(1)
tree_lookup(/) -> 1
storage_stat(/)
getattr(/) -> (0) {mode: 40755, size: 4096}
get_dir_path(/)
pages_get_node(1)
 -> success
get_dir_inum(1)
tree_lookup(/) -> 1
pages_get_node(1)
 -> success
get_dir_inum(1)
pages_get_node(1)
 -> success
get_dir_inum(1)
current dir->data in dirs list is one.txt
pages_get_node(2)
 -> success
tree_lookup(/one.txt) -> 2
storage_stat(/one.txt)
pages_get_node(1)
 -> success
get_dir_inum(1)
current dir->data in dirs list is two.txt
pages_get_node(3)
 -> success
tree_lookup(/two.txt) -> 3
storage_stat(/two.txt)
pages_get_node(1)
 -> success
get_dir_inum(1)
current dir->data in dirs list is 2k.txt
pages_get_node(4)
 -> success
tree_lookup(/2k.txt) -> 4
storage_stat(/2k.txt)
storage_readdir(/)
readdir(/) -> 0
pages_get_node(1)
 -> success
get_dir_inum(1)
tree_lookup(/) -> 1
storage_stat(/)
getattr(/) -> (0) {mode: 40755, size: 4096}
get_dir_path(/)
pages_get_node(1)
 -> success
get_dir_inum(1)
tree_lookup(/) -> 1
pages_get_node(1)
 -> success
get_dir_inum(1)
pages_get_node(1)
 -> success
get_dir_inum(1)
current dir->data in dirs list is one.txt
pages_get_node(2)
 -> success
tree_lookup(/one.txt) -> 2
storage_stat(/one.txt)
pages_get_node(1)
 -> success
get_dir_inum(1)
current dir->data in dirs list is two.txt
pages_get_node(3)
 -> success
tree_lookup(/two.txt) -> 3
storage_stat(/two.txt)
pages_get_node(1)
 -> success
get_dir_inum(1)
current dir->data in dirs list is 2k.txt
pages_get_node(4)
 -> success
tree_lookup(/2k.txt) -> 4
storage_stat(/2k.txt)
storage_readdir(/)
readdir(/) -> 0
pages_get_node(1)
 -> success
get_dir_inum(1)
tree_lookup(/) -> 1
storage_stat(/)
getattr(/) -> (0) {mode: 40755, size: 4096}
get_dir_path(/)
pages_get_node(1)
 -> success
get_dir_inum(1)
tree_lookup(/) -> 1
pages_get_node(1)
 -> success
get_dir_inum(1)
pages_get_node(1)
 -> success
get_dir_inum(1)
current dir->data in dirs list is one.txt
pages_get_node(2)
 -> success
tree_lookup(/one.txt) -> 2
storage_stat(/one.txt)
pages_get_node(1)
 -> success
get_dir_inum(1)
current dir->data in dirs list is two.txt
pages_get_node(3)
 -> success
tree_lookup(/two.txt) -> 3
storage_stat(/two.txt)
pages_get_node(1)
 -> success
get_dir_inum(1)
current dir->data in dirs list is 2k.txt
pages_get_node(4)
 -> success
tree_lookup(/2k.txt) -> 4
storage_stat(/2k.txt)
storage_readdir(/)
readdir(/) -> 0
pages_get_node(1)
 -> success
get_dir_inum(1)
tree_lookup(/) -> 1
storage_stat(/)
getattr(/) -> (0) {mode: 40755, size: 4096}
pages_get_node(1)
 -> success
get_dir_inum(1)
tree_lookup(/) -> 1
storage_stat(/)
getattr(/) -> (0) {mode: 40755, size: 4096}
get_dir_path(/)
pages_get_node(1)
 -> success
get_dir_inum(1)
tree_lookup(/) -> 1
pages_get_node(1)
 -> success
get_dir_inum(1)
pages_get_node(1)
 -> success
get_dir_inum(1)
current dir->data in dirs list is one.txt
pages_get_node(2)
 -> success
tree_lookup(/one.txt) -> 2
storage_stat(/one.txt)
pages_get_node(1)
 -> success
get_dir_inum(1)
current dir->data in dirs list is two.txt
pages_get_node(3)
 -> success
tree_lookup(/two.txt) -> 3
storage_stat(/two.txt)
pages_get_node(1)
 -> success
get_dir_inum(1)
current dir->data in dirs list is 2k.txt
pages_get_node(4)
 -> success
tree_lookup(/2k.txt) -> 4
storage_stat(/2k.txt)
storage_readdir(/)
readdir(/) -> 0
pages_get_node(1)
 -> success
get_dir_inum(1)
tree_lookup(/) -> 1
storage_stat(/)
getattr(/) -> (0) {mode: 40755, size: 4096}
get_dir_path(/)
pages_get_node(1)
 -> success
get_dir_inum(1)
tree_lookup(/) -> 1
pages_get_node(1)
 -> success
get_dir_inum(1)
pages_get_node(1)
 -> success
get_dir_inum(1)
current dir->data in dirs list is one.txt
pages_get_node(2)
 -> success
tree_lookup(/one.txt) -> 2
storage_stat(/one.txt)
pages_get_node(1)
 -> success
get_dir_inum(1)
current dir->data in dirs list is two.txt
pages_get_node(3)
 -> success
tree_lookup(/two.txt) -> 3
storage_stat(/two.txt)
pages_get_node(1)
 -> success
get_dir_inum(1)
current dir->data in dirs list is 2k.txt
pages_get_node(4)
 -> success
tree_lookup(/2k.txt) -> 4
storage_stat(/2k.txt)
storage_readdir(/)
readdir(/) -> 0
pages_get_node(1)
 -> success
get_dir_inum(1)
tree_lookup(/) -> 1
storage_stat(/)
getattr(/) -> (0) {mode: 40755, size: 4096}
get_dir_path(/)
pages_get_node(1)
 -> success
get_dir_inum(1)
tree_lookup(/) -> 1
pages_get_node(1)
 -> success
get_dir_inum(1)
pages_get_node(1)
 -> success
get_dir_inum(1)
current dir->data in dirs list is one.txt
pages_get_node(2)
 -> success
tree_lookup(/one.txt) -> 2
storage_stat(/one.txt)
pages_get_node(1)
 -> success
get_dir_inum(1)
current dir->data in dirs list is two.txt
pages_get_node(3)
 -> success
tree_lookup(/two.txt) -> 3
storage_stat(/two.txt)
pages_get_node(1)
 -> success
get_dir_inum(1)
current dir->data in dirs list is 2k.txt
pages_get_node(4)
 -> success
tree_lookup(/2k.txt) -> 4
storage_stat(/2k.txt)
storage_readdir(/)
readdir(/) -> 0
pages_get_node(1)
 -> success
get_dir_inum(1)
tree_lookup(/) -> 1
storage_stat(/)
getattr(/) -> (0) {mode: 40755, size: 4096}
get_dir_path(/)
pages_get_node(1)
 -> success
get_dir_inum(1)
tree_lookup(/) -> 1
pages_get_node(1)
 -> success
get_dir_inum(1)
pages_get_node(1)
 -> success
get_dir_inum(1)
current dir->data in dirs list is one.txt
pages_get_node(2)
 -> success
tree_lookup(/one.txt) -> 2
storage_stat(/one.txt)
pages_get_node(1)
 -> success
get_dir_inum(1)
current dir->data in dirs list is two.txt
pages_get_node(3)
 -> success
tree_lookup(/two.txt) -> 3
storage_stat(/two.txt)
pages_get_node(1)
 -> success
get_dir_inum(1)
current dir->data in dirs list is 2k.txt
pages_get_node(4)
 -> success
tree_lookup(/2k.txt) -> 4
storage_stat(/2k.txt)
storage_readdir(/)
readdir(/) -> 0
pages_get_node(1)
 -> success
get_dir_inum(1)
tree_lookup(/) -> 1
storage_stat(/)
getattr(/) -> (0) {mode: 40755, size: 4096}
get_dir_path(/)
pages_get_node(1)
 -> success
get_dir_inum(1)
tree_lookup(/) -> 1
pages_get_node(1)
 -> success
get_dir_inum(1)
pages_get_node(1)
 -> success
get_dir_inum(1)
current dir->data in dirs list is one.txt
pages_get_node(2)
 -> success
tree_lookup(/one.txt) -> 2
storage_stat(/one.txt)
pages_get_node(1)
 -> success
get_dir_inum(1)
current dir->data in dirs list is two.txt
pages_get_node(3)
 -> success
tree_lookup(/two.txt) -> 3
storage_stat(/two.txt)
pages_get_node(1)
 -> success
get_dir_inum(1)
current dir->data in dirs list is 2k.txt
pages_get_node(4)
 -> success
tree_lookup(/2k.txt) -> 4
storage_stat(/2k.txt)
storage_readdir(/)
readdir(/) -> 0
pages_get_node(1)
 -> success
get_dir_inum(1)
tree_lookup(/) -> 1
storage_stat(/)
getattr(/) -> (0) {mode: 40755, size: 4096}
get_dir_path(/)
pages_get_node(1)
 -> success
get_dir_inum(1)
tree_lookup(/) -> 1
pages_get_node(1)
 -> success
get_dir_inum(1)
pages_get_node(1)
 -> success
get_dir_inum(1)
current dir->data in dirs list is one.txt
pages_get_node(2)
 -> success
tree_lookup(/one.txt) -> 2
storage_stat(/one.txt)
pages_get_node(1)
 -> success
get_dir_inum(1)
current dir->data in dirs list is two.txt
pages_get_node(3)
 -> success
tree_lookup(/two.txt) -> 3
storage_stat(/two.txt)
pages_get_node(1)
 -> success
get_dir_inum(1)
current dir->data in dirs list is 2k.txt
pages_get_node(4)
 -> success
tree_lookup(/2k.txt) -> 4
storage_stat(/2k.txt)
storage_readdir(/)
readdir(/) -> 0
pages_get_node(1)
 -> success
get_dir_inum(1)
tree_lookup(/) -> 1
storage_stat(/)
getattr(/) -> (0) {mode: 40755, size: 4096}
get_dir_path(/)
pages_get_node(1)
 -> success
get_dir_inum(1)
tree_lookup(/) -> 1
pages_get_node(1)
 -> success
get_dir_inum(1)
pages_get_node(1)
 -> success
get_dir_inum(1)
current dir->data in dirs list is one.txt
pages_get_node(2)
 -> success
tree_lookup(/one.txt) -> 2
storage_stat(/one.txt)
pages_get_node(1)
 -> success
get_dir_inum(1)
current dir->data in dirs list is two.txt
pages_get_node(3)
 -> success
tree_lookup(/two.txt) -> 3
storage_stat(/two.txt)
pages_get_node(1)
 -> success
get_dir_inum(1)
current dir->data in dirs list is 2k.txt
pages_get_node(4)
 -> success
tree_lookup(/2k.txt) -> 4
storage_stat(/2k.txt)
storage_readdir(/)
readdir(/) -> 0
pages_get_node(1)
 -> success
get_dir_inum(1)
tree_lookup(/) -> 1
storage_stat(/)
getattr(/) -> (0) {mode: 40755, size: 4096}
get_dir_path(/)
pages_get_node(1)
 -> success
get_dir_inum(1)
tree_lookup(/) -> 1
pages_get_node(1)
 -> success
get_dir_inum(1)
pages_get_node(1)
 -> success
get_dir_inum(1)
current dir->data in dirs list is one.txt
pages_get_node(2)
 -> success
tree_lookup(/one.txt) -> 2
storage_stat(/one.txt)
pages_get_node(1)
 -> success
get_dir_inum(1)
current dir->data in dirs list is two.txt
pages_get_node(3)
 -> success
tree_lookup(/two.txt) -> 3
storage_stat(/two.txt)
pages_get_node(1)
 -> success
get_dir_inum(1)
current dir->data in dirs list is 2k.txt
pages_get_node(4)
 -> success
tree_lookup(/2k.txt) -> 4
storage_stat(/2k.txt)
storage_readdir(/)
readdir(/) -> 0
pages_get_node(1)
 -> success
get_dir_inum(1)
tree_lookup(/) -> 1
storage_stat(/)
getattr(/) -> (0) {mode: 40755, size: 4096}
get_dir_path(/)
pages_get_node(1)
 -> success
get_dir_inum(1)
tree_lookup(/) -> 1
pages_get_node(1)
 -> success
get_dir_inum(1)
pages_get_node(1)
 -> success
get_dir_inum(1)
current dir->data in dirs list is one.txt
pages_get_node(2)
 -> success
tree_lookup(/one.txt) -> 2
storage_stat(/one.txt)
pages_get_node(1)
 -> success
get_dir_inum(1)
current dir->data in dirs list is two.txt
pages_get_node(3)
 -> success
tree_lookup(/two.txt) -> 3
storage_stat(/two.txt)
pages_get_node(1)
 -> success
get_dir_inum(1)
current dir->data in dirs list is 2k.txt
pages_get_node(4)
 -> success
tree_lookup(/2k.txt) -> 4
storage_stat(/2k.txt)
storage_readdir(/)
readdir(/) -> 0
pages_get_node(1)
 -> success
get_dir_inum(1)
tree_lookup(/) -> 1
storage_stat(/)
getattr(/) -> (0) {mode: 40755, size: 4096}
get_dir_path(/)
pages_get_node(1)
 -> success
get_dir_inum(1)
tree_lookup(/) -> 1
pages_get_node(1)
 -> success
get_dir_inum(1)
pages_get_node(1)
 -> success
get_dir_inum(1)
current dir->data in dirs list is one.txt
pages_get_node(2)
 -> success
tree_lookup(/one.txt) -> 2
storage_stat(/one.txt)
pages_get_node(1)
 -> success
get_dir_inum(1)
current dir->data in dirs list is two.txt
pages_get_node(3)
 -> success
tree_lookup(/two.txt) -> 3
storage_stat(/two.txt)
pages_get_node(1)
 -> success
get_dir_inum(1)
current dir->data in dirs list is 2k.txt
pages_get_node(4)
 -> success
tree_lookup(/2k.txt) -> 4
storage_stat(/2k.txt)
storage_readdir(/)
readdir(/) -> 0
pages_get_node(1)
 -> success
get_dir_inum(1)
tree_lookup(/) -> 1
storage_stat(/)
getattr(/) -> (0) {mode: 40755, size: 4096}
get_dir_path(/)
pages_get_node(1)
 -> success
get_dir_inum(1)
tree_lookup(/) -> 1
pages_get_node(1)
 -> success
get_dir_inum(1)
pages_get_node(1)
 -> success
get_dir_inum(1)
current dir->data in dirs list is one.txt
pages_get_node(2)
 -> success
tree_lookup(/one.txt) -> 2
storage_stat(/one.txt)
pages_get_node(1)
 -> success
get_dir_inum(1)
current dir->data in dirs list is two.txt
pages_get_node(3)
 -> success
tree_lookup(/two.txt) -> 3
storage_stat(/two.txt)
pages_get_node(1)
 -> success
get_dir_inum(1)
current dir->data in dirs list is 2k.txt
pages_get_node(4)
 -> success
tree_lookup(/2k.txt) -> 4
storage_stat(/2k.txt)
storage_readdir(/)
readdir(/) -> 0
pages_get_node(1)
 -> success
get_dir_inum(1)
current dir->data in dirs list is autorun.inf
tree_lookup(/autorun.inf) -> -2
getattr(/autorun.inf) -> (-2) {mode: 0000, size: 0}
pages_get_node(1)
 -> success
get_dir_inum(1)
tree_lookup(/) -> 1
storage_stat(/)
getattr(/) -> (0) {mode: 40755, size: 4096}
pages_get_node(1)
 -> success
get_dir_inum(1)
current dir->data in dirs list is one.txt
pages_get_node(2)
 -> success
tree_lookup(/one.txt) -> 2
storage_stat(/one.txt)
getattr(/one.txt) -> (0) {mode: 100664, size: 11}
pages_get_node(1)
 -> success
get_dir_inum(1)
current dir->data in dirs list is two.txt
pages_get_node(3)
 -> success
tree_lookup(/two.txt) -> 3
storage_stat(/two.txt)
getattr(/two.txt) -> (0) {mode: 100664, size: 11}
pages_get_node(1)
 -> success
get_dir_inum(1)
current dir->data in dirs list is 2k.txt
pages_get_node(4)
 -> success
tree_lookup(/2k.txt) -> 4
storage_stat(/2k.txt)
getattr(/2k.txt) -> (0) {mode: 100664, size: 2001}
get_dir_path(/)
pages_get_node(1)
 -> success
get_dir_inum(1)
tree_lookup(/) -> 1
pages_get_node(1)
 -> success
get_dir_inum(1)
pages_get_node(1)
 -> success
get_dir_inum(1)
current dir->data in dirs list is one.txt
pages_get_node(2)
 -> success
tree_lookup(/one.txt) -> 2
storage_stat(/one.txt)
pages_get_node(1)
 -> success
get_dir_inum(1)
current dir->data in dirs list is two.txt
pages_get_node(3)
 -> success
tree_lookup(/two.txt) -> 3
storage_stat(/two.txt)
pages_get_node(1)
 -> success
get_dir_inum(1)
current dir->data in dirs list is 2k.txt
pages_get_node(4)
 -> success
tree_lookup(/2k.txt) -> 4
storage_stat(/2k.txt)
storage_readdir(/)
readdir(/) -> 0
access(/one.txt, 0000) -> 0
open(/one.txt) -> 0
ioctl(/one.txt, 21505, ...) -> -1
pages_get_node(1)
 -> success
get_dir_inum(1)
current dir->data in dirs list is one.txt
pages_get_node(2)
 -> success
tree_lookup(/one.txt) -> 2
storage_data(/one.txt) -> hello, one

read(/one.txt, 4096 bytes, @+0) -> 12
pages_get_node(1)
 -> success
get_dir_inum(1)
current dir->data in dirs list is one.txt
pages_get_node(2)
 -> success
tree_lookup(/one.txt) -> 2
storage_stat(/one.txt)
getattr(/one.txt) -> (0) {mode: 100664, size: 11}
access(/two.txt, 0000) -> 0
open(/two.txt) -> 0
ioctl(/two.txt, 21505, ...) -> -1
pages_get_node(1)
 -> success
get_dir_inum(1)
current dir->data in dirs list is two.txt
pages_get_node(3)
 -> success
tree_lookup(/two.txt) -> 3
storage_data(/two.txt) -> hello, two

read(/two.txt, 4096 bytes, @+0) -> 12
pages_get_node(1)
 -> success
get_dir_inum(1)
current dir->data in dirs list is two.txt
pages_get_node(3)
 -> success
tree_lookup(/two.txt) -> 3
storage_stat(/two.txt)
getattr(/two.txt) -> (0) {mode: 100664, size: 11}
pages_get_node(1)
 -> success
get_dir_inum(1)
tree_lookup(/) -> 1
pages_get_node(1)
 -> success
get_dir_inum(1)
directory_lookup(dd, one.txt) -> 2
directory_delete(dd, one.txt) -> 2
storage_unlink(/one.txt)
unlink(/one.txt) -> 0
pages_get_node(1)
 -> success
get_dir_inum(1)
tree_lookup(/) -> 1
storage_stat(/)
getattr(/) -> (0) {mode: 40755, size: 4096}
get_dir_path(/)
pages_get_node(1)
 -> success
get_dir_inum(1)
tree_lookup(/) -> 1
pages_get_node(1)
 -> success
get_dir_inum(1)
pages_get_node(1)
 -> success
get_dir_inum(1)
current dir->data in dirs list is two.txt
pages_get_node(3)
 -> success
tree_lookup(/two.txt) -> 3
storage_stat(/two.txt)
pages_get_node(1)
 -> success
get_dir_inum(1)
current dir->data in dirs list is 2k.txt
pages_get_node(4)
 -> success
tree_lookup(/2k.txt) -> 4
storage_stat(/2k.txt)
storage_readdir(/)
readdir(/) -> 0
pages_get_node(1)
 -> success
get_dir_inum(1)
tree_lookup(/) -> 1
storage_stat(/)
getattr(/) -> (0) {mode: 40755, size: 4096}
pages_get_node(1)
 -> success
get_dir_inum(1)
current dir->data in dirs list is abc.txt
tree_lookup(/abc.txt) -> -2
getattr(/abc.txt) -> (-2) {mode: 0000, size: 0}
pages_get_node(1)
 -> success
get_dir_inum(1)
current dir->data in dirs list is abc.txt
tree_lookup(/abc.txt) -> -2
getattr(/abc.txt) -> (-2) {mode: 0000, size: 0}
pages_get_node(1)
 -> success
get_dir_inum(1)
current dir->data in dirs list is abc.txt
tree_lookup(/abc.txt) -> -2
getattr(/abc.txt) -> (-2) {mode: 0000, size: 0}
pages_get_node(1)
 -> success
get_dir_inum(1)
current dir->data in dirs list is two.txt
pages_get_node(3)
 -> success
tree_lookup(/two.txt) -> 3
get_dir_path(/)
pages_get_node(1)
 -> success
get_dir_inum(1)
tree_lookup(/) -> 1
pages_get_node(1)
 -> success
get_dir_inum(1)
pages_get_node(1)
 -> success
get_dir_inum(1)
current dir->data in dirs list is two.txt
pages_get_node(3)
 -> success
tree_lookup(/two.txt) -> 3
directory_put(dd, abc.txt, 3) -> 0
storage_link(/two.txt, /abc.txt)
pages_get_node(1)
 -> success
get_dir_inum(1)
tree_lookup(/) -> 1
pages_get_node(1)
 -> success
get_dir_inum(1)
directory_lookup(dd, two.txt) -> 3
directory_delete(dd, two.txt) -> 3
storage_unlink(/two.txt)
storage_rename(/two.txt, /abc.txt)
rename(/two.txt => /abc.txt) -> 0
pages_get_node(1)
 -> success
get_dir_inum(1)
tree_lookup(/) -> 1
storage_stat(/)
getattr(/) -> (0) {mode: 40755, size: 4096}
get_dir_path(/)
pages_get_node(1)
 -> success
get_dir_inum(1)
tree_lookup(/) -> 1
pages_get_node(1)
 -> success
get_dir_inum(1)
pages_get_node(1)
 -> success
get_dir_inum(1)
current dir->data in dirs list is abc.txt
pages_get_node(3)
 -> success
tree_lookup(/abc.txt) -> 3
storage_stat(/abc.txt)
pages_get_node(1)
 -> success
get_dir_inum(1)
current dir->data in dirs list is 2k.txt
pages_get_node(4)
 -> success
tree_lookup(/2k.txt) -> 4
storage_stat(/2k.txt)
storage_readdir(/)
readdir(/) -> 0
access(/abc.txt, 0000) -> 0
open(/abc.txt) -> 0
ioctl(/abc.txt, 21505, ...) -> -1
pages_get_node(1)
 -> success
get_dir_inum(1)
current dir->data in dirs list is abc.txt
pages_get_node(3)
 -> success
tree_lookup(/abc.txt) -> 3
storage_stat(/abc.txt)
getattr(/abc.txt) -> (0) {mode: 100664, size: 11}
pages_get_node(1)
 -> success
get_dir_inum(1)
current dir->data in dirs list is abc.txt
pages_get_node(3)
 -> success
tree_lookup(/abc.txt) -> 3
storage_data(/abc.txt) -> hello, two

read(/abc.txt, 4096 bytes, @+0) -> 12
pages_get_node(1)
 -> success
get_dir_inum(1)
current dir->data in dirs list is abc.txt
pages_get_node(3)
 -> success
tree_lookup(/abc.txt) -> 3
storage_stat(/abc.txt)
getattr(/abc.txt) -> (0) {mode: 100664, size: 11}
pages_get_node(1)
 -> success
get_dir_inum(1)
current dir->data in dirs list is def.txt
tree_lookup(/def.txt) -> -2
getattr(/def.txt) -> (-2) {mode: 0000, size: 0}
pages_get_node(1)
 -> success
get_dir_inum(1)
current dir->data in dirs list is def.txt
tree_lookup(/def.txt) -> -2
getattr(/def.txt) -> (-2) {mode: 0000, size: 0}
pages_get_node(1)
 -> success
get_dir_inum(1)
current dir->data in dirs list is abc.txt
pages_get_node(3)
 -> success
tree_lookup(/abc.txt) -> 3
get_dir_path(/)
pages_get_node(1)
 -> success
get_dir_inum(1)
tree_lookup(/) -> 1
pages_get_node(1)
 -> success
get_dir_inum(1)
pages_get_node(1)
 -> success
get_dir_inum(1)
current dir->data in dirs list is abc.txt
pages_get_node(3)
 -> success
tree_lookup(/abc.txt) -> 3
directory_put(dd, def.txt, 3) -> 0
storage_link(/abc.txt, /def.txt)
link(/abc.txt => /def.txt) -> 0
pages_get_node(1)
 -> success
get_dir_inum(1)
current dir->data in dirs list is def.txt
pages_get_node(3)
 -> success
tree_lookup(/def.txt) -> 3
storage_stat(/def.txt)
getattr(/def.txt) -> (0) {mode: 100664, size: 11}
access(/def.txt, 0000) -> 0
open(/def.txt) -> 0
ioctl(/def.txt, 21505, ...) -> -1
pages_get_node(1)
 -> success
get_dir_inum(1)
current dir->data in dirs list is def.txt
pages_get_node(3)
 -> success
tree_lookup(/def.txt) -> 3
storage_data(/def.txt) -> hello, two

read(/def.txt, 4096 bytes, @+0) -> 12
pages_get_node(1)
 -> success
get_dir_inum(1)
current dir->data in dirs list is def.txt
pages_get_node(3)
 -> success
tree_lookup(/def.txt) -> 3
storage_stat(/def.txt)
getattr(/def.txt) -> (0) {mode: 100664, size: 11}
pages_get_node(1)
 -> success
get_dir_inum(1)
tree_lookup(/) -> 1
storage_stat(/)
getattr(/) -> (0) {mode: 40755, size: 4096}
pages_get_node(1)
 -> success
get_dir_inum(1)
current dir->data in dirs list is abc.txt
pages_get_node(3)
 -> success
tree_lookup(/abc.txt) -> 3
storage_stat(/abc.txt)
getattr(/abc.txt) -> (0) {mode: 100664, size: 11}
pages_get_node(1)
 -> success
get_dir_inum(1)
tree_lookup(/) -> 1
pages_get_node(1)
 -> success
get_dir_inum(1)
directory_lookup(dd, abc.txt) -> 3
directory_delete(dd, abc.txt) -> 3
storage_unlink(/abc.txt)
unlink(/abc.txt) -> 0
access(/def.txt, 0000) -> 0
open(/def.txt) -> 0
ioctl(/def.txt, 21505, ...) -> -1
pages_get_node(1)
 -> success
get_dir_inum(1)
current dir->data in dirs list is def.txt
pages_get_node(3)
 -> success
tree_lookup(/def.txt) -> 3
storage_data(/def.txt) -> hello, two

read(/def.txt, 4096 bytes, @+0) -> 12
pages_get_node(1)
 -> success
get_dir_inum(1)
current dir->data in dirs list is def.txt
pages_get_node(3)
 -> success
tree_lookup(/def.txt) -> 3
storage_stat(/def.txt)
getattr(/def.txt) -> (0) {mode: 100664, size: 11}
pages_get_node(1)
 -> success
get_dir_inum(1)
current dir->data in dirs list is foo
tree_lookup(/foo) -> -2
getattr(/foo) -> (-2) {mode: 0000, size: 0}
get_dir_path(/)
pages_get_node(1)
 -> success
get_dir_inum(1)
tree_lookup(/) -> 1
pages_get_node(1)
 -> success
get_dir_inum(1)
pages_get_empty_pg() -> 3
init_inode(node, 40775)
storage_mkdir(/foo, 40775)
directory_put(dd, foo, 2) -> 0
mkdir(/foo) -> 0
pages_get_node(1)
 -> success
get_dir_inum(1)
current dir->data in dirs list is foo
pages_get_node(2)
 -> success
pages_get_node(2)
 -> success
get_dir_inum(2)
tree_lookup(/foo) -> 2
storage_stat(/foo)
getattr(/foo) -> (0) {mode: 40775, size: 4096}
pages_get_node(1)
 -> success
get_dir_inum(1)
current dir->data in dirs list is foo
pages_get_node(2)
 -> success
pages_get_node(2)
 -> success
get_dir_inum(2)
current dir->data in dirs list is abc.txt
tree_lookup(/foo/abc.txt) -> -2
getattr(/foo/abc.txt) -> (-2) {mode: 0000, size: 0}
pages_get_node(1)
 -> success
get_dir_inum(1)
current dir->data in dirs list is foo
pages_get_node(2)
 -> success
pages_get_node(2)
 -> success
get_dir_inum(2)
current dir->data in dirs list is abc.txt
tree_lookup(/foo/abc.txt) -> -2
getattr(/foo/abc.txt) -> (-2) {mode: 0000, size: 0}
access(/def.txt, 0000) -> 0
open(/def.txt) -> 0
pages_get_node(1)
 -> success
get_dir_inum(1)
current dir->data in dirs list is foo
pages_get_node(2)
 -> success
pages_get_node(2)
 -> success
get_dir_inum(2)
current dir->data in dirs list is abc.txt
tree_lookup(/foo/abc.txt) -> -2
getattr(/foo/abc.txt) -> (-2) {mode: 0000, size: 0}
IN MAKE NODE
get_dir_path(/foo)
pages_get_node(1)
 -> success
get_dir_inum(1)
current dir->data in dirs list is foo
pages_get_node(2)
 -> success
pages_get_node(2)
 -> success
get_dir_inum(2)
tree_lookup(/foo) -> 2
pages_get_node(2)
 -> success
get_dir_inum(2)
directory_lookup(dd, abc.txt) -> -2
pages_get_empty_pg() -> 6
pages_get_node(5)
 -> success
init_inode(node, 100664)
storage_mknod(/foo/abc.txt, 100664)
directory_put(dd, abc.txt, 5) -> 0
mknod(/foo/abc.txt, 100664) -> 0
pages_get_node(1)
 -> success
get_dir_inum(1)
current dir->data in dirs list is foo
pages_get_node(2)
 -> success
pages_get_node(2)
 -> success
get_dir_inum(2)
current dir->data in dirs list is abc.txt
pages_get_node(5)
 -> success
tree_lookup(/foo/abc.txt) -> 5
storage_stat(/foo/abc.txt)
getattr(/foo/abc.txt) -> (0) {mode: 100664, size: 0}
access(/foo/abc.txt, 0000) -> 0
open(/foo/abc.txt) -> 0
pages_get_node(1)
 -> success
get_dir_inum(1)
current dir->data in dirs list is def.txt
pages_get_node(3)
 -> success
tree_lookup(/def.txt) -> 3
storage_data(/def.txt) -> hello, two

read(/def.txt, 4096 bytes, @+0) -> 12
pages_get_node(1)
 -> success
get_dir_inum(1)
current dir->data in dirs list is foo
pages_get_node(2)
 -> success
pages_get_node(2)
 -> success
get_dir_inum(2)
current dir->data in dirs list is abc.txt
pages_get_node(5)
 -> success
tree_lookup(/foo/abc.txt) -> 5
storage_write(/foo/abc.txt, hello, two
, 11, 0) -> 11
write(/foo/abc.txt, 11 bytes, @+0) -> 11
pages_get_node(1)
 -> success
get_dir_inum(1)
current dir->data in dirs list is def.txt
pages_get_node(3)
 -> success
tree_lookup(/def.txt) -> 3
storage_stat(/def.txt)
getattr(/def.txt) -> (0) {mode: 100664, size: 11}
pages_get_node(1)
 -> success
get_dir_inum(1)
tree_lookup(/) -> 1
storage_stat(/)
getattr(/) -> (0) {mode: 40755, size: 4096}
access(/foo/abc.txt, 0000) -> 0
open(/foo/abc.txt) -> 0
ioctl(/foo/abc.txt, 21505, ...) -> -1
pages_get_node(1)
 -> success
get_dir_inum(1)
current dir->data in dirs list is foo
pages_get_node(2)
 -> success
pages_get_node(2)
 -> success
get_dir_inum(2)
current dir->data in dirs list is abc.txt
pages_get_node(5)
 -> success
tree_lookup(/foo/abc.txt) -> 5
storage_stat(/foo/abc.txt)
getattr(/foo/abc.txt) -> (0) {mode: 100664, size: 11}
pages_get_node(1)
 -> success
get_dir_inum(1)
current dir->data in dirs list is foo
pages_get_node(2)
 -> success
pages_get_node(2)
 -> success
get_dir_inum(2)
current dir->data in dirs list is abc.txt
pages_get_node(5)
 -> success
tree_lookup(/foo/abc.txt) -> 5
storage_data(/foo/abc.txt) -> hello, two

read(/foo/abc.txt, 4096 bytes, @+0) -> 12
pages_get_node(1)
 -> success
get_dir_inum(1)
current dir->data in dirs list is foo
pages_get_node(2)
 -> success
pages_get_node(2)
 -> success
get_dir_inum(2)
current dir->data in dirs list is abc.txt
pages_get_node(5)
 -> success
tree_lookup(/foo/abc.txt) -> 5
storage_stat(/foo/abc.txt)
getattr(/foo/abc.txt) -> (0) {mode: 100664, size: 11}
pages_get_node(1)
 -> success
get_dir_inum(1)
current dir->data in dirs list is 40k.txt
tree_lookup(/40k.txt) -> -2
getattr(/40k.txt) -> (-2) {mode: 0000, size: 0}
IN MAKE NODE
get_dir_path(/)
pages_get_node(1)
 -> success
get_dir_inum(1)
tree_lookup(/) -> 1
pages_get_node(1)
 -> success
get_dir_inum(1)
directory_lookup(dd, 40k.txt) -> -2
pages_get_empty_pg() -> 7
pages_get_node(6)
 -> success
init_inode(node, 100664)
storage_mknod(/40k.txt, 100664)
directory_put(dd, 40k.txt, 6) -> 0
mknod(/40k.txt, 100664) -> 0
pages_get_node(1)
 -> success
get_dir_inum(1)
current dir->data in dirs list is 40k.txt
pages_get_node(6)
 -> success
tree_lookup(/40k.txt) -> 6
storage_stat(/40k.txt)
getattr(/40k.txt) -> (0) {mode: 100664, size: 0}
access(/40k.txt, 0000) -> 0
open(/40k.txt) -> 0
ioctl(/40k.txt, 21505, ...) -> -1
pages_get_node(1)
 -> success
get_dir_inum(1)
current dir->data in dirs list is 40k.txt
pages_get_node(6)
 -> success
tree_lookup(/40k.txt) -> 6
storage_write(/40k.txt, =This string is fourty characters long.==This string is fourty characters long.==This string is fourty characters long.==This string is fourty characters long.==This string is fourty characters long.==This string is fourty characters long.==This string is fourty characters long.==This string is fourty characters long.==This string is fourty characters long.==This string is fourty characters long.==This string is fourty characters long.==This string is fourty characters long.==This string is fourty characters long.==This string is fourty characters long.==This string is fourty characters long.==This string is fourty characters long.==This string is fourty characters long.==This string is fourty characters long.==This string is fourty characters long.==This string is fourty characters long.==This string is fourty characters long.==This string is fourty characters long.==This string is fourty characters long.==This string is fourty characters long.==This string is fourty characters long.==This string is fourty characters long.==This string is fourty characters long.==This string is fourty characters long.==This string is fourty characters long.==This string is fourty characters long.==This string is fourty characters long.==This string is fourty characters long.==This string is fourty characters long.==This string is fourty characters long.==This string is fourty characters long.==This string is fourty characters long.==This string is fourty characters long.==This string is fourty characters long.==This string is fourty characters long.==This string is fourty characters long.==This string is fourty characters long.==This string is fourty characters long.==This string is fourty characters long.==This string is fourty characters long.==This string is fourty characters long.==This string is fourty characters long.==This string is fourty characters long.==This string is fourty characters long.==This string is fourty characters long.==This string is fourty characters long.==This string is fourty characters long.==This string is fourty characters long.==This string is fourty characters long.==This string is fourty characters long.==This string is fourty characters long.==This string is fourty characters long.==This string is fourty characters long.==This string is fourty characters long.==This string is fourty characters long.==This string is fourty characters long.==This string is fourty characters long.==This string is fourty characters long.==This string is fourty characters long.==This string is fourty characters long.==This string is fourty characters long.==This string is fourty characters long.==This string is fourty characters long.==This string is fourty characters long.==This string is fourty characters long.==This string is fourty characters long.==This string is fourty characters long.==This string is fourty characters long.==This string is fourty characters long.==This string is fourty characters long.==This string is fourty characters long.==This string is fourty characters long.==This string is fourty characters long.==This string is fourty characters long.==This string is fourty characters long.==This string is fourty characters long.==This string is fourty characters long.==This string is fourty characters long.==This string is fourty characters long.==This string is fourty characters long.==This string is fourty characters long.==This string is fourty characters long.==This string is fourty characters long.==This string is fourty characters long.==This string is fourty characters long.==This string is fourty characters long.==This string is fourty characters long.==This string is fourty characters long.==This string is fourty characters long.==This string is fourty characters long.==This string is fourty characters long.==This string is fourty characters long.==This string is fourty characters long.==This string is fourty characters long.==This string is fourty characters long.==This string is fourty characters long.==This string is fourty characters long.==This string is fourty characters long.==This string is , 4096, 0) -> 4096
write(/40k.txt, 4096 bytes, @+0) -> 4096
pages_get_node(1)
 -> success
get_dir_inum(1)
current dir->data in dirs list is 40k.txt
pages_get_node(6)
 -> success
tree_lookup(/40k.txt) -> 6
storage_write(/40k.txt, fourty characters long.==This string is fourty characters long.==This string is fourty characters long.==This string is fourty characters long.==This string is fourty characters long.==This string is fourty characters long.==This string is fourty characters long.==This string is fourty characters long.==This string is fourty characters long.==This string is fourty characters long.==This string is fourty characters long.==This string is fourty characters long.==This string is fourty characters long.==This string is fourty characters long.==This string is fourty characters long.==This string is fourty characters long.==This string is fourty characters long.==This string is fourty characters long.==This string is fourty characters long.==This string is fourty characters long.==This string is fourty characters long.==This string is fourty characters long.==This string is fourty characters long.==This string is fourty characters long.==This string is fourty characters long.==This string is fourty characters long.==This string is fourty characters long.==This string is fourty characters long.==This string is fourty characters long.==This string is fourty characters long.==This string is fourty characters long.==This string is fourty characters long.==This string is fourty characters long.==This string is fourty characters long.==This string is fourty characters long.==This string is fourty characters long.==This string is fourty characters long.==This string is fourty characters long.==This string is fourty characters long.==This string is fourty characters long.==This string is fourty characters long.==This string is fourty characters long.==This string is fourty characters long.==This string is fourty characters long.==This string is fourty characters long.==This string is fourty characters long.==This string is fourty characters long.==This string is fourty characters long.==This string is fourty characters long.==This string is fourty characters long.==This string is fourty characters long.==This string is fourty characters long.==This string is fourty characters long.==This string is fourty characters long.==This string is fourty characters long.==This string is fourty characters long.==This string is fourty characters long.==This string is fourty characters long.==This string is fourty characters long.==This string is fourty characters long.==This string is fourty characters long.==This string is fourty characters long.==This string is fourty characters long.==This string is fourty characters long.==This string is fourty characters long.==This string is fourty characters long.==This string is fourty characters long.==This string is fourty characters long.==This string is fourty characters long.==This string is fourty characters long.==This string is fourty characters long.==This string is fourty characters long.==This string is fourty characters long.==This string is fourty characters long.==This string is fourty characters long.==This string is fourty characters long.==This string is fourty characters long.==This string is fourty characters long.==This string is fourty characters long.==This string is fourty characters long.==This string is fourty characters long.==This string is fourty characters long.==This string is fourty characters long.==This string is fourty characters long.==This string is fourty characters long.==This string is fourty characters long.==This string is fourty characters long.==This string is fourty characters long.==This string is fourty characters long.==This string is fourty characters long.==This string is fourty characters long.==This string is fourty characters long.==This string is fourty characters long.==This string is fourty characters long.==This string is fourty characters long.==This string is fourty characters long.==This string is fourty characters long.==This string is fourty characters long.==This string is fourty characters long.==This string is fourty characters long.==This string is fourty characters long.==This string is fourty characters long.==This string is fourty character, 4096, 4096) -> 4096
write(/40k.txt, 4096 bytes, @+4096) -> 4096
pages_get_node(1)
 -> success
get_dir_inum(1)
current dir->data in dirs list is 40k.txt
pages_get_node(6)
 -> success
tree_lookup(/40k.txt) -> 6
storage_write(/40k.txt, s long.==This string is fourty characters long.==This string is fourty characters long.==This string is fourty characters long.==This string is fourty characters long.==This string is fourty characters long.==This string is fourty characters long.==This string is fourty characters long.==This string is fourty characters long.==This string is fourty characters long.==This string is fourty characters long.==This string is fourty characters long.==This string is fourty characters long.==This string is fourty characters long.==This string is fourty characters long.==This string is fourty characters long.==This string is fourty characters long.==This string is fourty characters long.==This string is fourty characters long.==This string is fourty characters long.==This string is fourty characters long.==This string is fourty characters long.==This string is fourty characters long.==This string is fourty characters long.==This string is fourty characters long.==This string is fourty characters long.==This string is fourty characters long.==This string is fourty characters long.==This string is fourty characters long.==This string is fourty characters long.==This string is fourty characters long.==This string is fourty characters long.==This string is fourty characters long.==This string is fourty characters long.==This string is fourty characters long.==This string is fourty characters long.==This string is fourty characters long.==This string is fourty characters long.==This string is fourty characters long.==This string is fourty characters long.==This string is fourty characters long.==This string is fourty characters long.==This string is fourty characters long.==This string is fourty characters long.==This string is fourty characters long.==This string is fourty characters long.==This string is fourty characters long.==This string is fourty characters long.==This string is fourty characters long.==This string is fourty characters long.==This string is fourty characters long.==This string is fourty characters long.==This string is fourty characters long.==This string is fourty characters long.==This string is fourty characters long.==This string is fourty characters long.==This string is fourty characters long.==This string is fourty characters long.==This string is fourty characters long.==This string is fourty characters long.==This string is fourty characters long.==This string is fourty characters long.==This string is fourty characters long.==This string is fourty characters long.==This string is fourty characters long.==This string is fourty characters long.==This string is fourty characters long.==This string is fourty characters long.==This string is fourty characters long.==This string is fourty characters long.==This string is fourty characters long.==This string is fourty characters long.==This string is fourty characters long.==This string is fourty characters long.==This string is fourty characters long.==This string is fourty characters long.==This string is fourty characters long.==This string is fourty characters long.==This string is fourty characters long.==This string is fourty characters long.==This string is fourty characters long.==This string is fourty characters long.==This string is fourty characters long.==This string is fourty characters long.==This string is fourty characters long.==This string is fourty characters long.==This string is fourty characters long.==This string is fourty characters long.==This string is fourty characters long.==This string is fourty characters long.==This string is fourty characters long.==This string is fourty characters long.==This string is fourty characters long.==This string is fourty characters long.==This string is fourty characters long.==This string is fourty characters long.==This string is fourty characters long.==This string is fourty characters long.==This string is fourty characters long.==This string is fourty characters long.==This string is fourty characters long.==This string is fourty characters long.==This string is fourty characters long.==This st, 4096, 8192) -> 4096
write(/40k.txt, 4096 bytes, @+8192) -> 4096
pages_get_node(1)
 -> success
get_dir_inum(1)
current dir->data in dirs list is 40k.txt
pages_get_node(6)
 -> success
tree_lookup(/40k.txt) -> 6
storage_write(/40k.txt, ring is fourty characters long.==This string is fourty characters long.==This string is fourty characters long.==This string is fourty characters long.==This string is fourty characters long.==This string is fourty characters long.==This string is fourty characters long.==This string is fourty characters long.==This string is fourty characters long.==This string is fourty characters long.==This string is fourty characters long.==This string is fourty characters long.==This string is fourty characters long.==This string is fourty characters long.==This string is fourty characters long.==This string is fourty characters long.==This string is fourty characters long.==This string is fourty characters long.==This string is fourty characters long.==This string is fourty characters long.==This string is fourty characters long.==This string is fourty characters long.==This string is fourty characters long.==This string is fourty characters long.==This string is fourty characters long.==This string is fourty characters long.==This string is fourty characters long.==This string is fourty characters long.==This string is fourty characters long.==This string is fourty characters long.==This string is fourty characters long.==This string is fourty characters long.==This string is fourty characters long.==This string is fourty characters long.==This string is fourty characters long.==This string is fourty characters long.==This string is fourty characters long.==This string is fourty characters long.==This string is fourty characters long.==This string is fourty characters long.==This string is fourty characters long.==This string is fourty characters long.==This string is fourty characters long.==This string is fourty characters long.==This string is fourty characters long.==This string is fourty characters long.==This string is fourty characters long.==This string is fourty characters long.==This string is fourty characters long.==This string is fourty characters long.==This string is fourty characters long.==This string is fourty characters long.==This string is fourty characters long.==This string is fourty characters long.==This string is fourty characters long.==This string is fourty characters long.==This string is fourty characters long.==This string is fourty characters long.==This string is fourty characters long.==This string is fourty characters long.==This string is fourty characters long.==This string is fourty characters long.==This string is fourty characters long.==This string is fourty characters long.==This string is fourty characters long.==This string is fourty characters long.==This string is fourty characters long.==This string is fourty characters long.==This string is fourty characters long.==This string is fourty characters long.==This string is fourty characters long.==This string is fourty characters long.==This string is fourty characters long.==This string is fourty characters long.==This string is fourty characters long.==This string is fourty characters long.==This string is fourty characters long.==This string is fourty characters long.==This string is fourty characters long.==This string is fourty characters long.==This string is fourty characters long.==This string is fourty characters long.==This string is fourty characters long.==This string is fourty characters long.==This string is fourty characters long.==This string is fourty characters long.==This string is fourty characters long.==This string is fourty characters long.==This string is fourty characters long.==This string is fourty characters long.==This string is fourty characters long.==This string is fourty characters long.==This string is fourty characters long.==This string is fourty characters long.==This string is fourty characters long.==This string is fourty characters long.==This string is fourty characters long.==This string is fourty characters long.==This string is fourty characters long.==This string is fourty characters long.==This string is fourty characters long.==This string is fourty characters long.==This string is fourty c, 4096, 12288) -> 4096
write(/40k.txt, 4096 bytes, @+12288) -> 4096
pages_get_node(1)
 -> success
get_dir_inum(1)
current dir->data in dirs list is 40k.txt
pages_get_node(6)
 -> success
tree_lookup(/40k.txt) -> 6
storage_write(/40k.txt, haracters long.==This string is fourty characters long.==This string is fourty characters long.==This string is fourty characters long.==This string is fourty characters long.==This string is fourty characters long.==This string is fourty characters long.==This string is fourty characters long.==This string is fourty characters long.==This string is fourty characters long.==This string is fourty characters long.==This string is fourty characters long.==This string is fourty characters long.==This string is fourty characters long.==This string is fourty characters long.==This string is fourty characters long.==This string is fourty characters long.==This string is fourty characters long.==This string is fourty characters long.==This string is fourty characters long.==This string is fourty characters long.==This string is fourty characters long.==This string is fourty characters long.==This string is fourty characters long.==This string is fourty characters long.==This string is fourty characters long.==This string is fourty characters long.==This string is fourty characters long.==This string is fourty characters long.==This string is fourty characters long.==This string is fourty characters long.==This string is fourty characters long.==This string is fourty characters long.==This string is fourty characters long.==This string is fourty characters long.==This string is fourty characters long.==This string is fourty characters long.==This string is fourty characters long.==This string is fourty characters long.==This string is fourty characters long.==This string is fourty characters long.==This string is fourty characters long.==This string is fourty characters long.==This string is fourty characters long.==This string is fourty characters long.==This string is fourty characters long.==This string is fourty characters long.==This string is fourty characters long.==This string is fourty characters long.==This string is fourty characters long.==This string is fourty characters long.==This string is fourty characters long.==This string is fourty characters long.==This string is fourty characters long.==This string is fourty characters long.==This string is fourty characters long.==This string is fourty characters long.==This string is fourty characters long.==This string is fourty characters long.==This string is fourty characters long.==This string is fourty characters long.==This string is fourty characters long.==This string is fourty characters long.==This string is fourty characters long.==This string is fourty characters long.==This string is fourty characters long.==This string is fourty characters long.==This string is fourty characters long.==This string is fourty characters long.==This string is fourty characters long.==This string is fourty characters long.==This string is fourty characters long.==This string is fourty characters long.==This string is fourty characters long.==This string is fourty characters long.==This string is fourty characters long.==This string is fourty characters long.==This string is fourty characters long.==This string is fourty characters long.==This string is fourty characters long.==This string is fourty characters long.==This string is fourty characters long.==This string is fourty characters long.==This string is fourty characters long.==This string is fourty characters long.==This string is fourty characters long.==This string is fourty characters long.==This string is fourty characters long.==This string is fourty characters long.==This string is fourty characters long.==This string is fourty characters long.==This string is fourty characters long.==This string is fourty characters long.==This string is fourty characters long.==This string is fourty characters long.==This string is fourty characters long.==This string is fourty characters long.==This string is fourty characters long.==This string is fourty characters long.==This string is fourty characters long.==This string is fourty characters long.==This string is fourty characters long.==This string is fourty characters long.=, 4096, 16384) -> 4096
write(/40k.txt, 4096 bytes, @+16384) -> 4096
pages_get_node(1)
 -> success
get_dir_inum(1)
current dir->data in dirs list is 40k.txt
pages_get_node(6)
 -> success
tree_lookup(/40k.txt) -> 6
storage_write(/40k.txt, =This string is fourty characters long.==This string is fourty characters long.==This string is fourty characters long.==This string is fourty characters long.==This string is fourty characters long.==This string is fourty characters long.==This string is fourty characters long.==This string is fourty characters long.==This string is fourty characters long.==This string is fourty characters long.==This string is fourty characters long.==This string is fourty characters long.==This string is fourty characters long.==This string is fourty characters long.==This string is fourty characters long.==This string is fourty characters long.==This string is fourty characters long.==This string is fourty characters long.==This string is fourty characters long.==This string is fourty characters long.==This string is fourty characters long.==This string is fourty characters long.==This string is fourty characters long.==This string is fourty characters long.==This string is fourty characters long.==This string is fourty characters long.==This string is fourty characters long.==This string is fourty characters long.==This string is fourty characters long.==This string is fourty characters long.==This string is fourty characters long.==This string is fourty characters long.==This string is fourty characters long.==This string is fourty characters long.==This string is fourty characters long.==This string is fourty characters long.==This string is fourty characters long.==This string is fourty characters long.==This string is fourty characters long.==This string is fourty characters long.==This string is fourty characters long.==This string is fourty characters long.==This string is fourty characters long.==This string is fourty characters long.==This string is fourty characters long.==This string is fourty characters long.==This string is fourty characters long.==This string is fourty characters long.==This string is fourty characters long.==This string is fourty characters long.==This string is fourty characters long.==This string is fourty characters long.==This string is fourty characters long.==This string is fourty characters long.==This string is fourty characters long.==This string is fourty characters long.==This string is fourty characters long.==This string is fourty characters long.==This string is fourty characters long.==This string is fourty characters long.==This string is fourty characters long.==This string is fourty characters long.==This string is fourty characters long.==This string is fourty characters long.==This string is fourty characters long.==This string is fourty characters long.==This string is fourty characters long.==This string is fourty characters long.==This string is fourty characters long.==This string is fourty characters long.==This string is fourty characters long.==This string is fourty characters long.==This string is fourty characters long.==This string is fourty characters long.==This string is fourty characters long.==This string is fourty characters long.==This string is fourty characters long.==This string is fourty characters long.==This string is fourty characters long.==This string is fourty characters long.==This string is fourty characters long.==This string is fourty characters long.==This string is fourty characters long.==This string is fourty characters long.==This string is fourty characters long.==This string is fourty characters long.==This string is fourty characters long.==This string is fourty characters long.==This string is fourty characters long.==This string is fourty characters long.==This string is fourty characters long.==This string is fourty characters long.==This string is fourty characters long.==This string is fourty characters long.==This string is fourty characters long.==This string is fourty characters long.==This string is fourty characters long.==This string is fourty characters long.==This string is fourty characters long.==This string is fourty characters long.==This string is fourty characters long.==This string is fourty characters long.==This string is , 4096, 20480) -> 4096
write(/40k.txt, 4096 bytes, @+20480) -> 4096
pages_get_node(1)
 -> success
get_dir_inum(1)
current dir->data in dirs list is 40k.txt
pages_get_node(6)
 -> success
tree_lookup(/40k.txt) -> 6
storage_write(/40k.txt, fourty characters long.==This string is fourty characters long.==This string is fourty characters long.==This string is fourty characters long.==This string is fourty characters long.==This string is fourty characters long.==This string is fourty characters long.==This string is fourty characters long.==This string is fourty characters long.==This string is fourty characters long.==This string is fourty characters long.==This string is fourty characters long.==This string is fourty characters long.==This string is fourty characters long.==This string is fourty characters long.==This string is fourty characters long.==This string is fourty characters long.==This string is fourty characters long.==This string is fourty characters long.==This string is fourty characters long.==This string is fourty characters long.==This string is fourty characters long.==This string is fourty characters long.==This string is fourty characters long.==This string is fourty characters long.==This string is fourty characters long.==This string is fourty characters long.==This string is fourty characters long.==This string is fourty characters long.==This string is fourty characters long.==This string is fourty characters long.==This string is fourty characters long.==This string is fourty characters long.==This string is fourty characters long.==This string is fourty characters long.==This string is fourty characters long.==This string is fourty characters long.==This string is fourty characters long.==This string is fourty characters long.==This string is fourty characters long.==This string is fourty characters long.==This string is fourty characters long.==This string is fourty characters long.==This string is fourty characters long.==This string is fourty characters long.==This string is fourty characters long.==This string is fourty characters long.==This string is fourty characters long.==This string is fourty characters long.==This string is fourty characters long.==This string is fourty characters long.==This string is fourty characters long.==This string is fourty characters long.==This string is fourty characters long.==This string is fourty characters long.==This string is fourty characters long.==This string is fourty characters long.==This string is fourty characters long.==This string is fourty characters long.==This string is fourty characters long.==This string is fourty characters long.==This string is fourty characters long.==This string is fourty characters long.==This string is fourty characters long.==This string is fourty characters long.==This string is fourty characters long.==This string is fourty characters long.==This string is fourty characters long.==This string is fourty characters long.==This string is fourty characters long.==This string is fourty characters long.==This string is fourty characters long.==This string is fourty characters long.==This string is fourty characters long.==This string is fourty characters long.==This string is fourty characters long.==This string is fourty characters long.==This string is fourty characters long.==This string is fourty characters long.==This string is fourty characters long.==This string is fourty characters long.==This string is fourty characters long.==This string is fourty characters long.==This string is fourty characters long.==This string is fourty characters long.==This string is fourty characters long.==This string is fourty characters long.==This string is fourty characters long.==This string is fourty characters long.==This string is fourty characters long.==This string is fourty characters long.==This string is fourty characters long.==This string is fourty characters long.==This string is fourty characters long.==This string is fourty characters long.==This string is fourty characters long.==This string is fourty characters long.==This string is fourty characters long.==This string is fourty characters long.==This string is fourty characters long.==This string is fourty characters long.==This string is fourty characters long.==This string is fourty character, 4096, 24576) -> 4096
write(/40k.txt, 4096 bytes, @+24576) -> 4096
pages_get_node(1)
 -> success
get_dir_inum(1)
current dir->data in dirs list is 40k.txt
pages_get_node(6)
 -> success
tree_lookup(/40k.txt) -> 6
storage_write(/40k.txt, s long.==This string is fourty characters long.==This string is fourty characters long.==This string is fourty characters long.==This string is fourty characters long.==This string is fourty characters long.==This string is fourty characters long.==This string is fourty characters long.==This string is fourty characters long.==This string is fourty characters long.==This string is fourty characters long.==This string is fourty characters long.==This string is fourty characters long.==This string is fourty characters long.==This string is fourty characters long.==This string is fourty characters long.==This string is fourty characters long.==This string is fourty characters long.==This string is fourty characters long.==This string is fourty characters long.==This string is fourty characters long.==This string is fourty characters long.==This string is fourty characters long.==This string is fourty characters long.==This string is fourty characters long.==This string is fourty characters long.==This string is fourty characters long.==This string is fourty characters long.==This string is fourty characters long.==This string is fourty characters long.==This string is fourty characters long.==This string is fourty characters long.==This string is fourty characters long.==This string is fourty characters long.==This string is fourty characters long.==This string is fourty characters long.==This string is fourty characters long.==This string is fourty characters long.==This string is fourty characters long.==This string is fourty characters long.==This string is fourty characters long.==This string is fourty characters long.==This string is fourty characters long.==This string is fourty characters long.==This string is fourty characters long.==This string is fourty characters long.==This string is fourty characters long.==This string is fourty characters long.==This string is fourty characters long.==This string is fourty characters long.==This string is fourty characters long.==This string is fourty characters long.==This string is fourty characters long.==This string is fourty characters long.==This string is fourty characters long.==This string is fourty characters long.==This string is fourty characters long.==This string is fourty characters long.==This string is fourty characters long.==This string is fourty characters long.==This string is fourty characters long.==This string is fourty characters long.==This string is fourty characters long.==This string is fourty characters long.==This string is fourty characters long.==This string is fourty characters long.==This string is fourty characters long.==This string is fourty characters long.==This string is fourty characters long.==This string is fourty characters long.==This string is fourty characters long.==This string is fourty characters long.==This string is fourty characters long.==This string is fourty characters long.==This string is fourty characters long.==This string is fourty characters long.==This string is fourty characters long.==This string is fourty characters long.==This string is fourty characters long.==This string is fourty characters long.==This string is fourty characters long.==This string is fourty characters long.==This string is fourty characters long.==This string is fourty characters long.==This string is fourty characters long.==This string is fourty characters long.==This string is fourty characters long.==This string is fourty characters long.==This string is fourty characters long.==This string is fourty characters long.==This string is fourty characters long.==This string is fourty characters long.==This string is fourty characters long.==This string is fourty characters long.==This string is fourty characters long.==This string is fourty characters long.==This string is fourty characters long.==This string is fourty characters long.==This string is fourty characters long.==This string is fourty characters long.==This string is fourty characters long.==This string is fourty characters long.==This string is fourty characters long.==This st, 4096, 28672) -> 4096
write(/40k.txt, 4096 bytes, @+28672) -> 4096
pages_get_node(1)
 -> success
get_dir_inum(1)
current dir->data in dirs list is 40k.txt
pages_get_node(6)
 -> success
tree_lookup(/40k.txt) -> 6
storage_write(/40k.txt, ring is fourty characters long.==This string is fourty characters long.==This string is fourty characters long.==This string is fourty characters long.==This string is fourty characters long.==This string is fourty characters long.==This string is fourty characters long.==This string is fourty characters long.==This string is fourty characters long.==This string is fourty characters long.==This string is fourty characters long.==This string is fourty characters long.==This string is fourty characters long.==This string is fourty characters long.==This string is fourty characters long.==This string is fourty characters long.==This string is fourty characters long.==This string is fourty characters long.==This string is fourty characters long.==This string is fourty characters long.==This string is fourty characters long.==This string is fourty characters long.==This string is fourty characters long.==This string is fourty characters long.==This string is fourty characters long.==This string is fourty characters long.==This string is fourty characters long.==This string is fourty characters long.==This string is fourty characters long.==This string is fourty characters long.==This string is fourty characters long.==This string is fourty characters long.==This string is fourty characters long.==This string is fourty characters long.==This string is fourty characters long.==This string is fourty characters long.==This string is fourty characters long.==This string is fourty characters long.==This string is fourty characters long.==This string is fourty characters long.==This string is fourty characters long.==This string is fourty characters long.==This string is fourty characters long.==This string is fourty characters long.==This string is fourty characters long.==This string is fourty characters long.==This string is fourty characters long.==This string is fourty characters long.==This string is fourty characters long.==This string is fourty characters long.==This string is fourty characters long.==This string is fourty characters long.==This string is fourty characters long.==This string is fourty characters long.==This string is fourty characters long.==This string is fourty characters long.==This string is fourty characters long.==This string is fourty characters long.==This string is fourty characters long.==This string is fourty characters long.==This string is fourty characters long.==This string is fourty characters long.==This string is fourty characters long.==This string is fourty characters long.==This string is fourty characters long.==This string is fourty characters long.==This string is fourty characters long.==This string is fourty characters long.==This string is fourty characters long.==This string is fourty characters long.==This string is fourty characters long.==This string is fourty characters long.==This string is fourty characters long.==This string is fourty characters long.==This string is fourty characters long.==This string is fourty characters long.==This string is fourty characters long.==This string is fourty characters long.==This string is fourty characters long.==This string is fourty characters long.==This string is fourty characters long.==This string is fourty characters long.==This string is fourty characters long.==This string is fourty characters long.==This string is fourty characters long.==This string is fourty characters long.==This string is fourty characters long.==This string is fourty characters long.==This string is fourty characters long.==This string is fourty characters long.==This string is fourty characters long.==This string is fourty characters long.==This string is fourty characters long.==This string is fourty characters long.==This string is fourty characters long.==This string is fourty characters long.==This string is fourty characters long.==This string is fourty characters long.==This string is fourty characters long.==This string is fourty characters long.==This string is fourty characters long.==This string is fourty characters long.==This string is fourty c, 4096, 32768) -> 4096
write(/40k.txt, 4096 bytes, @+32768) -> 4096
pages_get_node(1)
 -> success
get_dir_inum(1)
current dir->data in dirs list is 40k.txt
pages_get_node(6)
 -> success
tree_lookup(/40k.txt) -> 6
storage_write(/40k.txt, haracters long.==This string is fourty characters long.==This string is fourty characters long.==This string is fourty characters long.==This string is fourty characters long.==This string is fourty characters long.==This string is fourty characters long.==This string is fourty characters long.==This string is fourty characters long.==This string is fourty characters long.==This string is fourty characters long.==This string is fourty characters long.==This string is fourty characters long.==This string is fourty characters long.==This string is fourty characters long.==This string is fourty characters long.==This string is fourty characters long.==This string is fourty characters long.==This string is fourty characters long.==This string is fourty characters long.==This string is fourty characters long.==This string is fourty characters long.==This string is fourty characters long.==This string is fourty characters long.==This string is fourty characters long.==This string is fourty characters long.==This string is fourty characters long.==This string is fourty characters long.==This string is fourty characters long.==This string is fourty characters long.==This string is fourty characters long.==This string is fourty characters long.==This string is fourty characters long.==This string is fourty characters long.==This string is fourty characters long.==This string is fourty characters long.==This string is fourty characters long.==This string is fourty characters long.==This string is fourty characters long.==This string is fourty characters long.==This string is fourty characters long.==This string is fourty characters long.==This string is fourty characters long.==This string is fourty characters long.==This string is fourty characters long.==This string is fourty characters long.==This string is fourty characters long.==This string is fourty characters long.==This string is fourty characters long.==This string is fourty characters long.==This string is fourty characters long.==This string is fourty characters long.==This string is fourty characters long.==This string is fourty characters long.==This string is fourty characters long.==This string is fourty characters long.==This string is fourty characters long.==This string is fourty characters long.==This string is fourty characters long.==This string is fourty characters long.==This string is fourty characters long.==This string is fourty characters long.==This string is fourty characters long.==This string is fourty characters long.==This string is fourty characters long.==This string is fourty characters long.==This string is fourty characters long.==This string is fourty characters long.==This string is fourty characters long.==This string is fourty characters long.==This string is fourty characters long.==This string is fourty characters long.==This string is fourty characters long.==This string is fourty characters long.==This string is fourty characters long.==This string is fourty characters long.==This string is fourty characters long.==This string is fourty characters long.==This string is fourty characters long.=
aracters long.==This string is fourty characters long.==This string is fourty characters long.==This string is fourty characters long.==This string is fourty characters long.==This string is fourty characters long.==This string is fourty characters long.==This string is fourty characters long.==This string is fourty characters long.==This string is fourty characters long.==This string is fourty characters long.==This string is fourty characters long.==This string is fourty characters long.==This string is fourty characters long.==This string is fourty characters long.==This string is fourty characters long.==This string is fourty characters long.==This string is fourty characters long.==This string is fourty characters long.==This string is fourty characters long.==This string is fourty characters long.==This string is fourty characters long.==This string is fourty characters long.==This string is fourty characters long.==This string is fourty c, 3137, 36864) -> 3137
write(/40k.txt, 3137 bytes, @+36864) -> 3137
access(/40k.txt, 0000) -> 0
open(/40k.txt) -> 0
ioctl(/40k.txt, 21505, ...) -> -1
pages_get_node(1)
 -> success
get_dir_inum(1)
current dir->data in dirs list is 40k.txt
pages_get_node(6)
 -> success
tree_lookup(/40k.txt) -> 6
storage_stat(/40k.txt)
getattr(/40k.txt) -> (0) {mode: 100664, size: 3137}
pages_get_node(1)
 -> success
get_dir_inum(1)
current dir->data in dirs list is 40k.txt
pages_get_node(6)
 -> success
tree_lookup(/40k.txt) -> 6
storage_data(/40k.txt) -> haracters long.==This string is fourty characters long.==This string is fourty characters long.==This string is fourty characters long.==This string is fourty characters long.==This string is fourty characters long.==This string is fourty characters long.==This string is fourty characters long.==This string is fourty characters long.==This string is fourty characters long.==This string is fourty characters long.==This string is fourty characters long.==This string is fourty characters long.==This string is fourty characters long.==This string is fourty characters long.==This string is fourty characters long.==This string is fourty characters long.==This string is fourty characters long.==This string is fourty characters long.==This string is fourty characters long.==This string is fourty characters long.==This string is fourty characters long.==This string is fourty characters long.==This string is fourty characters long.==This string is fourty characters long.==This string is fourty characters long.==This string is fourty characters long.==This string is fourty characters long.==This string is fourty characters long.==This string is fourty characters long.==This string is fourty characters long.==This string is fourty characters long.==This string is fourty characters long.==This string is fourty characters long.==This string is fourty characters long.==This string is fourty characters long.==This string is fourty characters long.==This string is fourty characters long.==This string is fourty characters long.==This string is fourty characters long.==This string is fourty characters long.==This string is fourty characters long.==This string is fourty characters long.==This string is fourty characters long.==This string is fourty characters long.==This string is fourty characters long.==This string is fourty characters long.==This string is fourty characters long.==This string is fourty characters long.==This string is fourty characters long.==This string is fourty characters long.==This string is fourty characters long.==This string is fourty characters long.==This string is fourty characters long.==This string is fourty characters long.==This string is fourty characters long.==This string is fourty characters long.==This string is fourty characters long.==This string is fourty characters long.==This string is fourty characters long.==This string is fourty characters long.==This string is fourty characters long.==This string is fourty characters long.==This string is fourty characters long.==This string is fourty characters long.==This string is fourty characters long.==This string is fourty characters long.==This string is fourty characters long.==This string is fourty characters long.==This string is fourty characters long.==This string is fourty characters long.==This string is fourty characters long.==This string is fourty characters long.==This string is fourty characters long.==This string is fourty characters long.==This string is fourty characters long.==This string is fourty characters long.==This string is fourty characters long.==This string is fourty characters long.=
aracters long.==This string is fourty characters long.==This string is fourty characters long.==This string is fourty characters long.==This string is fourty characters long.==This string is fourty characters long.==This string is fourty characters long.==This string is fourty characters long.==This string is fourty characters long.==This string is fourty characters long.==This string is fourty characters long.==This string is fourty characters long.==This string is fourty characters long.==This string is fourty characters long.==This string is fourty characters long.==This string is fourty characters long.==This string is fourty characters long.==This string is fourty characters long.==This string is fourty characters long.==This string is fourty characters long.==This string is fourty characters long.==This string is fourty characters long.==This string is fourty characters long.==This string is fourty characters long.==This string is fourty c
read(/40k.txt, 4096 bytes, @+0) -> 4096
pages_get_node(1)
 -> success
get_dir_inum(1)
current dir->data in dirs list is 40k.txt
pages_get_node(6)
 -> success
tree_lookup(/40k.txt) -> 6
storage_stat(/40k.txt)
getattr(/40k.txt) -> (0) {mode: 100664, size: 3137}
access(/40k.txt, 0000) -> 0
open(/40k.txt) -> 0
ioctl(/40k.txt, 21505, ...) -> -1
pages_get_node(1)
 -> success
get_dir_inum(1)
current dir->data in dirs list is 40k.txt
pages_get_node(6)
 -> success
tree_lookup(/40k.txt) -> 6
storage_data(/40k.txt) -> haracters long.==This string is fourty characters long.==This string is fourty characters long.==This string is fourty characters long.==This string is fourty characters long.==This string is fourty characters long.==This string is fourty characters long.==This string is fourty characters long.==This string is fourty characters long.==This string is fourty characters long.==This string is fourty characters long.==This string is fourty characters long.==This string is fourty characters long.==This string is fourty characters long.==This string is fourty characters long.==This string is fourty characters long.==This string is fourty characters long.==This string is fourty characters long.==This string is fourty characters long.==This string is fourty characters long.==This string is fourty characters long.==This string is fourty characters long.==This string is fourty characters long.==This string is fourty characters long.==This string is fourty characters long.==This string is fourty characters long.==This string is fourty characters long.==This string is fourty characters long.==This string is fourty characters long.==This string is fourty characters long.==This string is fourty characters long.==This string is fourty characters long.==This string is fourty characters long.==This string is fourty characters long.==This string is fourty characters long.==This string is fourty characters long.==This string is fourty characters long.==This string is fourty characters long.==This string is fourty characters long.==This string is fourty characters long.==This string is fourty characters long.==This string is fourty characters long.==This string is fourty characters long.==This string is fourty characters long.==This string is fourty characters long.==This string is fourty characters long.==This string is fourty characters long.==This string is fourty characters long.==This string is fourty characters long.==This string is fourty characters long.==This string is fourty characters long.==This string is fourty characters long.==This string is fourty characters long.==This string is fourty characters long.==This string is fourty characters long.==This string is fourty characters long.==This string is fourty characters long.==This string is fourty characters long.==This string is fourty characters long.==This string is fourty characters long.==This string is fourty characters long.==This string is fourty characters long.==This string is fourty characters long.==This string is fourty characters long.==This string is fourty characters long.==This string is fourty characters long.==This string is fourty characters long.==This string is fourty characters long.==This string is fourty characters long.==This string is fourty characters long.==This string is fourty characters long.==This string is fourty characters long.==This string is fourty characters long.==This string is fourty characters long.==This string is fourty characters long.==This string is fourty characters long.==This string is fourty characters long.==This string is fourty characters long.==This string is fourty characters long.=
aracters long.==This string is fourty characters long.==This string is fourty characters long.==This string is fourty characters long.==This string is fourty characters long.==This string is fourty characters long.==This string is fourty characters long.==This string is fourty characters long.==This string is fourty characters long.==This string is fourty characters long.==This string is fourty characters long.==This string is fourty characters long.==This string is fourty characters long.==This string is fourty characters long.==This string is fourty characters long.==This string is fourty characters long.==This string is fourty characters long.==This string is fourty characters long.==This string is fourty characters long.==This string is fourty characters long.==This string is fourty characters long.==This string is fourty characters long.==This string is fourty characters long.==This string is fourty characters long.==This string is fourty c
read(/40k.txt, 4096 bytes, @+4096) -> 4096
access(/, 0001) -> 0
pages_get_node(1)
 -> success
get_dir_inum(1)
current dir->data in dirs list is dir1
tree_lookup(/dir1) -> -2
getattr(/dir1) -> (-2) {mode: 0000, size: 0}
get_dir_path(/)
pages_get_node(1)
 -> success
get_dir_inum(1)
tree_lookup(/) -> 1
pages_get_node(1)
 -> success
get_dir_inum(1)
pages_get_empty_pg() -> 8
init_inode(node, 40775)
storage_mkdir(/dir1, 40775)
directory_put(dd, dir1, 7) -> 0
mkdir(/dir1) -> 0
pages_get_node(1)
 -> success
get_dir_inum(1)
current dir->data in dirs list is dir1
pages_get_node(7)
 -> success
pages_get_node(7)
 -> success
get_dir_inum(7)
tree_lookup(/dir1) -> 7
storage_stat(/dir1)
getattr(/dir1) -> (0) {mode: 40775, size: 4096}
access(/dir1, 0001) -> 0
pages_get_node(1)
 -> success
get_dir_inum(1)
current dir->data in dirs list is dir1
pages_get_node(7)
 -> success
pages_get_node(7)
 -> success
get_dir_inum(7)
current dir->data in dirs list is dir2
tree_lookup(/dir1/dir2) -> -2
getattr(/dir1/dir2) -> (-2) {mode: 0000, size: 0}
get_dir_path(/dir1)
pages_get_node(1)
 -> success
get_dir_inum(1)
current dir->data in dirs list is dir1
pages_get_node(7)
 -> success
pages_get_node(7)
 -> success
get_dir_inum(7)
tree_lookup(/dir1) -> 7
pages_get_node(7)
 -> success
get_dir_inum(7)
pages_get_empty_pg() -> 9
init_inode(node, 40775)
storage_mkdir(/dir1/dir2, 40775)
directory_put(dd, dir2, 8) -> 0
mkdir(/dir1/dir2) -> 0
pages_get_node(1)
 -> success
get_dir_inum(1)
current dir->data in dirs list is dir1
pages_get_node(7)
 -> success
pages_get_node(7)
 -> success
get_dir_inum(7)
current dir->data in dirs list is dir2
pages_get_node(8)
 -> success
pages_get_node(8)
 -> success
get_dir_inum(8)
tree_lookup(/dir1/dir2) -> 8
storage_stat(/dir1/dir2)
getattr(/dir1/dir2) -> (0) {mode: 40775, size: 4096}
pages_get_node(1)
 -> success
get_dir_inum(1)
tree_lookup(/) -> 1
storage_stat(/)
getattr(/) -> (0) {mode: 40755, size: 4096}
access(/dir1/dir2, 0001) -> 0
pages_get_node(1)
 -> success
get_dir_inum(1)
current dir->data in dirs list is dir1
pages_get_node(7)
 -> success
pages_get_node(7)
 -> success
get_dir_inum(7)
current dir->data in dirs list is dir2
pages_get_node(8)
 -> success
pages_get_node(8)
 -> success
get_dir_inum(8)
current dir->data in dirs list is dir3
tree_lookup(/dir1/dir2/dir3) -> -2
getattr(/dir1/dir2/dir3) -> (-2) {mode: 0000, size: 0}
get_dir_path(/dir1/dir2)
pages_get_node(1)
 -> success
get_dir_inum(1)
current dir->data in dirs list is dir1
pages_get_node(7)
 -> success
pages_get_node(7)
 -> success
get_dir_inum(7)
current dir->data in dirs list is dir2
pages_get_node(8)
 -> success
pages_get_node(8)
 -> success
get_dir_inum(8)
tree_lookup(/dir1/dir2) -> 8
pages_get_node(8)
 -> success
get_dir_inum(8)
pages_get_empty_pg() -> 10
init_inode(node, 40775)
storage_mkdir(/dir1/dir2/dir3, 40775)
directory_put(dd, dir3, 9) -> 0
mkdir(/dir1/dir2/dir3) -> 0
pages_get_node(1)
 -> success
get_dir_inum(1)
current dir->data in dirs list is dir1
pages_get_node(7)
 -> success
pages_get_node(7)
 -> success
get_dir_inum(7)
current dir->data in dirs list is dir2
pages_get_node(8)
 -> success
pages_get_node(8)
 -> success
get_dir_inum(8)
current dir->data in dirs list is dir3
pages_get_node(9)
 -> success
pages_get_node(9)
 -> success
get_dir_inum(9)
tree_lookup(/dir1/dir2/dir3) -> 9
storage_stat(/dir1/dir2/dir3)
getattr(/dir1/dir2/dir3) -> (0) {mode: 40775, size: 4096}
access(/dir1/dir2/dir3, 0001) -> 0
pages_get_node(1)
 -> success
get_dir_inum(1)
current dir->data in dirs list is dir1
pages_get_node(7)
 -> success
pages_get_node(7)
 -> success
get_dir_inum(7)
current dir->data in dirs list is dir2
pages_get_node(8)
 -> success
pages_get_node(8)
 -> success
get_dir_inum(8)
current dir->data in dirs list is dir3
pages_get_node(9)
 -> success
pages_get_node(9)
 -> success
get_dir_inum(9)
current dir->data in dirs list is dir4
tree_lookup(/dir1/dir2/dir3/dir4) -> -2
getattr(/dir1/dir2/dir3/dir4) -> (-2) {mode: 0000, size: 0}
get_dir_path(/dir1/dir2/dir3)
pages_get_node(1)
 -> success
get_dir_inum(1)
current dir->data in dirs list is dir1
pages_get_node(7)
 -> success
pages_get_node(7)
 -> success
get_dir_inum(7)
current dir->data in dirs list is dir2
pages_get_node(8)
 -> success
pages_get_node(8)
 -> success
get_dir_inum(8)
current dir->data in dirs list is dir3
pages_get_node(9)
 -> success
pages_get_node(9)
 -> success
get_dir_inum(9)
tree_lookup(/dir1/dir2/dir3) -> 9
pages_get_node(9)
 -> success
get_dir_inum(9)
pages_get_empty_pg() -> 11
init_inode(node, 40775)
storage_mkdir(/dir1/dir2/dir3/dir4, 40775)
directory_put(dd, dir4, 10) -> 0
mkdir(/dir1/dir2/dir3/dir4) -> 0
pages_get_node(1)
 -> success
get_dir_inum(1)
current dir->data in dirs list is dir1
pages_get_node(7)
 -> success
pages_get_node(7)
 -> success
get_dir_inum(7)
current dir->data in dirs list is dir2
pages_get_node(8)
 -> success
pages_get_node(8)
 -> success
get_dir_inum(8)
current dir->data in dirs list is dir3
pages_get_node(9)
 -> success
pages_get_node(9)
 -> success
get_dir_inum(9)
current dir->data in dirs list is dir4
pages_get_node(10)
 -> success
pages_get_node(10)
 -> success
get_dir_inum(10)
tree_lookup(/dir1/dir2/dir3/dir4) -> 10
storage_stat(/dir1/dir2/dir3/dir4)
getattr(/dir1/dir2/dir3/dir4) -> (0) {mode: 40775, size: 4096}
access(/dir1/dir2/dir3/dir4, 0001) -> 0
pages_get_node(1)
 -> success
get_dir_inum(1)
current dir->data in dirs list is dir1
pages_get_node(7)
 -> success
pages_get_node(7)
 -> success
get_dir_inum(7)
current dir->data in dirs list is dir2
pages_get_node(8)
 -> success
pages_get_node(8)
 -> success
get_dir_inum(8)
current dir->data in dirs list is dir3
pages_get_node(9)
 -> success
pages_get_node(9)
 -> success
get_dir_inum(9)
current dir->data in dirs list is dir4
pages_get_node(10)
 -> success
pages_get_node(10)
 -> success
get_dir_inum(10)
current dir->data in dirs list is dir5
tree_lookup(/dir1/dir2/dir3/dir4/dir5) -> -2
getattr(/dir1/dir2/dir3/dir4/dir5) -> (-2) {mode: 0000, size: 0}
get_dir_path(/dir1/dir2/dir3/dir4)
pages_get_node(1)
 -> success
get_dir_inum(1)
current dir->data in dirs list is dir1
pages_get_node(7)
 -> success
pages_get_node(7)
 -> success
get_dir_inum(7)
current dir->data in dirs list is dir2
pages_get_node(8)
 -> success
pages_get_node(8)
 -> success
get_dir_inum(8)
current dir->data in dirs list is dir3
pages_get_node(9)
 -> success
pages_get_node(9)
 -> success
get_dir_inum(9)
current dir->data in dirs list is dir4
pages_get_node(10)
 -> success
pages_get_node(10)
 -> success
get_dir_inum(10)
tree_lookup(/dir1/dir2/dir3/dir4) -> 10
pages_get_node(10)
 -> success
get_dir_inum(10)
pages_get_empty_pg() -> 12
init_inode(node, 40775)
storage_mkdir(/dir1/dir2/dir3/dir4/dir5, 40775)
directory_put(dd, dir5, 11) -> 0
mkdir(/dir1/dir2/dir3/dir4/dir5) -> 0
pages_get_node(1)
 -> success
get_dir_inum(1)
current dir->data in dirs list is dir1
pages_get_node(7)
 -> success
pages_get_node(7)
 -> success
get_dir_inum(7)
current dir->data in dirs list is dir2
pages_get_node(8)
 -> success
pages_get_node(8)
 -> success
get_dir_inum(8)
current dir->data in dirs list is dir3
pages_get_node(9)
 -> success
pages_get_node(9)
 -> success
get_dir_inum(9)
current dir->data in dirs list is dir4
pages_get_node(10)
 -> success
pages_get_node(10)
 -> success
get_dir_inum(10)
current dir->data in dirs list is dir5
pages_get_node(11)
 -> success
pages_get_node(11)
 -> success
get_dir_inum(11)
tree_lookup(/dir1/dir2/dir3/dir4/dir5) -> 11
storage_stat(/dir1/dir2/dir3/dir4/dir5)
getattr(/dir1/dir2/dir3/dir4/dir5) -> (0) {mode: 40775, size: 4096}
pages_get_node(1)
 -> success
get_dir_inum(1)
current dir->data in dirs list is dir1
pages_get_node(7)
 -> success
pages_get_node(7)
 -> success
get_dir_inum(7)
current dir->data in dirs list is dir2
pages_get_node(8)
 -> success
pages_get_node(8)
 -> success
get_dir_inum(8)
current dir->data in dirs list is dir3
pages_get_node(9)
 -> success
pages_get_node(9)
 -> success
get_dir_inum(9)
current dir->data in dirs list is dir4
pages_get_node(10)
 -> success
pages_get_node(10)
 -> success
get_dir_inum(10)
current dir->data in dirs list is dir5
pages_get_node(11)
 -> success
pages_get_node(11)
 -> success
get_dir_inum(11)
current dir->data in dirs list is hello.txt
tree_lookup(/dir1/dir2/dir3/dir4/dir5/hello.txt) -> -2
getattr(/dir1/dir2/dir3/dir4/dir5/hello.txt) -> (-2) {mode: 0000, size: 0}
IN MAKE NODE
get_dir_path(/dir1/dir2/dir3/dir4/dir5)
pages_get_node(1)
 -> success
get_dir_inum(1)
current dir->data in dirs list is dir1
pages_get_node(7)
 -> success
pages_get_node(7)
 -> success
get_dir_inum(7)
current dir->data in dirs list is dir2
pages_get_node(8)
 -> success
pages_get_node(8)
 -> success
get_dir_inum(8)
current dir->data in dirs list is dir3
pages_get_node(9)
 -> success
pages_get_node(9)
 -> success
get_dir_inum(9)
current dir->data in dirs list is dir4
pages_get_node(10)
 -> success
pages_get_node(10)
 -> success
get_dir_inum(10)
current dir->data in dirs list is dir5
pages_get_node(11)
 -> success
pages_get_node(11)
 -> success
get_dir_inum(11)
tree_lookup(/dir1/dir2/dir3/dir4/dir5) -> 11
pages_get_node(11)
 -> success
get_dir_inum(11)
directory_lookup(dd, hello.txt) -> -2
pages_get_empty_pg() -> 13
pages_get_node(12)
 -> success
init_inode(node, 100664)
storage_mknod(/dir1/dir2/dir3/dir4/dir5/hello.txt, 100664)
directory_put(dd, hello.txt, 12) -> 0
mknod(/dir1/dir2/dir3/dir4/dir5/hello.txt, 100664) -> 0
pages_get_node(1)
 -> success
get_dir_inum(1)
current dir->data in dirs list is dir1
pages_get_node(7)
 -> success
pages_get_node(7)
 -> success
get_dir_inum(7)
current dir->data in dirs list is dir2
pages_get_node(8)
 -> success
pages_get_node(8)
 -> success
get_dir_inum(8)
current dir->data in dirs list is dir3
pages_get_node(9)
 -> success
pages_get_node(9)
 -> success
get_dir_inum(9)
current dir->data in dirs list is dir4
pages_get_node(10)
 -> success
pages_get_node(10)
 -> success
get_dir_inum(10)
current dir->data in dirs list is dir5
pages_get_node(11)
 -> success
pages_get_node(11)
 -> success
get_dir_inum(11)
current dir->data in dirs list is hello.txt
pages_get_node(12)
 -> success
tree_lookup(/dir1/dir2/dir3/dir4/dir5/hello.txt) -> 12
storage_stat(/dir1/dir2/dir3/dir4/dir5/hello.txt)
getattr(/dir1/dir2/dir3/dir4/dir5/hello.txt) -> (0) {mode: 100664, size: 0}
access(/dir1/dir2/dir3/dir4/dir5/hello.txt, 0000) -> 0
open(/dir1/dir2/dir3/dir4/dir5/hello.txt) -> 0
ioctl(/dir1/dir2/dir3/dir4/dir5/hello.txt, 21505, ...) -> -1
pages_get_node(1)
 -> success
get_dir_inum(1)
current dir->data in dirs list is dir1
pages_get_node(7)
 -> success
pages_get_node(7)
 -> success
get_dir_inum(7)
current dir->data in dirs list is dir2
pages_get_node(8)
 -> success
pages_get_node(8)
 -> success
get_dir_inum(8)
current dir->data in dirs list is dir3
pages_get_node(9)
 -> success
pages_get_node(9)
 -> success
get_dir_inum(9)
current dir->data in dirs list is dir4
pages_get_node(10)
 -> success
pages_get_node(10)
 -> success
get_dir_inum(10)
current dir->data in dirs list is dir5
pages_get_node(11)
 -> success
pages_get_node(11)
 -> success
get_dir_inum(11)
current dir->data in dirs list is hello.txt
pages_get_node(12)
 -> success
tree_lookup(/dir1/dir2/dir3/dir4/dir5/hello.txt) -> 12
storage_write(/dir1/dir2/dir3/dir4/dir5/hello.txt, hello there
ng.==This string is fourty characters long.==This string is fourty characters long.==This string is fourty characters long.==This string is fourty characters long.==This string is fourty characters long.==This string is fourty characters long.==This string is fourty characters long.==This string is fourty characters long.==This string is fourty characters long.==This string is fourty characters long.==This string is fourty characters long.==This string is fourty characters long.==This string is fourty characters long.==This string is fourty characters long.==This string is fourty characters long.==This string is fourty characters long.==This string is fourty characters long.==This string is fourty characters long.==This string is fourty characters long.==This string is fourty characters long.==This string is fourty characters long.==This string is fourty characters long.==This string is fourty characters long.==This string is fourty characters long.==This string is fourty characters long.==This string is fourty characters long.==This string is fourty characters long.==This string is fourty characters long.==This string is fourty characters long.==This string is fourty characters long.==This string is fourty characters long.==This string is fourty characters long.==This string is fourty characters long.==This string is fourty characters long.==This string is fourty characters long.==This string is fourty characters long.==This string is fourty characters long.==This string is fourty characters long.==This string is fourty characters long.==This string is fourty characters long.==This string is fourty characters long.==This string is fourty characters long.==This string is fourty characters long.==This string is fourty characters long.==This string is fourty characters long.==This string is fourty characters long.==This string is fourty characters long.==This string is fourty characters long.==This string is fourty characters long.==This string is fourty characters long.==This string is fourty characters long.==This string is fourty characters long.==This string is fourty characters long.==This string is fourty characters long.==This string is fourty characters long.==This string is fourty characters long.==This string is fourty characters long.==This string is fourty characters long.==This string is fourty characters long.==This string is fourty characters long.==This string is fourty characters long.==This string is fourty characters long.==This string is fourty characters long.==This string is fourty characters long.==This string is fourty characters long.==This string is fourty characters long.==This string is fourty characters long.==This string is fourty characters long.==This string is fourty characters long.==This string is fourty characters long.==This string is fourty characters long.==This string is fourty characters long.==This string is fourty characters long.==This string is fourty characters long.==This string is fourty characters long.==This string is fourty characters long.==This string is fourty characters long.==This string is fourty characters long.=
aracters long.==This string is fourty characters long.==This string is fourty characters long.==This string is fourty characters long.==This string is fourty characters long.==This string is fourty characters long.==This string is fourty characters long.==This string is fourty characters long.==This string is fourty characters long.==This string is fourty characters long.==This string is fourty characters long.==This string is fourty characters long.==This string is fourty characters long.==This string is fourty characters long.==This string is fourty characters long.==This string is fourty characters long.==This string is fourty characters long.==This string is fourty characters long.==This string is fourty characters long.==This string is fourty characters long.==This string is fourty characters long.==This string is fourty characters long.==This string is fourty characters long.==This string is fourty characters long.==This string is fourty c, 12, 0) -> 12
write(/dir1/dir2/dir3/dir4/dir5/hello.txt, 12 bytes, @+0) -> 12
access(/dir1/dir2/dir3/dir4/dir5/hello.txt, 0000) -> 0
open(/dir1/dir2/dir3/dir4/dir5/hello.txt) -> 0
ioctl(/dir1/dir2/dir3/dir4/dir5/hello.txt, 21505, ...) -> -1
pages_get_node(1)
 -> success
get_dir_inum(1)
current dir->data in dirs list is dir1
pages_get_node(7)
 -> success
pages_get_node(7)
 -> success
get_dir_inum(7)
current dir->data in dirs list is dir2
pages_get_node(8)
 -> success
pages_get_node(8)
 -> success
get_dir_inum(8)
current dir->data in dirs list is dir3
pages_get_node(9)
 -> success
pages_get_node(9)
 -> success
get_dir_inum(9)
current dir->data in dirs list is dir4
pages_get_node(10)
 -> success
pages_get_node(10)
 -> success
get_dir_inum(10)
current dir->data in dirs list is dir5
pages_get_node(11)
 -> success
pages_get_node(11)
 -> success
get_dir_inum(11)
current dir->data in dirs list is hello.txt
pages_get_node(12)
 -> success
tree_lookup(/dir1/dir2/dir3/dir4/dir5/hello.txt) -> 12
storage_stat(/dir1/dir2/dir3/dir4/dir5/hello.txt)
getattr(/dir1/dir2/dir3/dir4/dir5/hello.txt) -> (0) {mode: 100664, size: 12}
pages_get_node(1)
 -> success
get_dir_inum(1)
current dir->data in dirs list is dir1
pages_get_node(7)
 -> success
pages_get_node(7)
 -> success
get_dir_inum(7)
current dir->data in dirs list is dir2
pages_get_node(8)
 -> success
pages_get_node(8)
 -> success
get_dir_inum(8)
current dir->data in dirs list is dir3
pages_get_node(9)
 -> success
pages_get_node(9)
 -> success
get_dir_inum(9)
current dir->data in dirs list is dir4
pages_get_node(10)
 -> success
pages_get_node(10)
 -> success
get_dir_inum(10)
current dir->data in dirs list is dir5
pages_get_node(11)
 -> success
pages_get_node(11)
 -> success
get_dir_inum(11)
current dir->data in dirs list is hello.txt
pages_get_node(12)
 -> success
tree_lookup(/dir1/dir2/dir3/dir4/dir5/hello.txt) -> 12
storage_data(/dir1/dir2/dir3/dir4/dir5/hello.txt) -> hello there

read(/dir1/dir2/dir3/dir4/dir5/hello.txt, 4096 bytes, @+0) -> 13
pages_get_node(1)
 -> success
get_dir_inum(1)
current dir->data in dirs list is dir1
pages_get_node(7)
 -> success
pages_get_node(7)
 -> success
get_dir_inum(7)
current dir->data in dirs list is dir2
pages_get_node(8)
 -> success
pages_get_node(8)
 -> success
get_dir_inum(8)
current dir->data in dirs list is dir3
pages_get_node(9)
 -> success
pages_get_node(9)
 -> success
get_dir_inum(9)
current dir->data in dirs list is dir4
pages_get_node(10)
 -> success
pages_get_node(10)
 -> success
get_dir_inum(10)
current dir->data in dirs list is dir5
pages_get_node(11)
 -> success
pages_get_node(11)
 -> success
get_dir_inum(11)
current dir->data in dirs list is hello.txt
pages_get_node(12)
 -> success
tree_lookup(/dir1/dir2/dir3/dir4/dir5/hello.txt) -> 12
storage_stat(/dir1/dir2/dir3/dir4/dir5/hello.txt)
getattr(/dir1/dir2/dir3/dir4/dir5/hello.txt) -> (0) {mode: 100664, size: 12}
pages_get_node(1)
 -> success
get_dir_inum(1)
current dir->data in dirs list is numbers
tree_lookup(/numbers) -> -2
getattr(/numbers) -> (-2) {mode: 0000, size: 0}
get_dir_path(/)
pages_get_node(1)
 -> success
get_dir_inum(1)
tree_lookup(/) -> 1
pages_get_node(1)
 -> success
get_dir_inum(1)
pages_get_empty_pg() -> 14
init_inode(node, 40775)
storage_mkdir(/numbers, 40775)
directory_put(dd, numbers, 13) -> 0
mkdir(/numbers) -> 0
pages_get_node(1)
 -> success
get_dir_inum(1)
current dir->data in dirs list is numbers
pages_get_node(13)
 -> success
pages_get_node(13)
 -> success
get_dir_inum(13)
tree_lookup(/numbers) -> 13
storage_stat(/numbers)
getattr(/numbers) -> (0) {mode: 40775, size: 4096}
pages_get_node(1)
 -> success
get_dir_inum(1)
current dir->data in dirs list is numbers
pages_get_node(13)
 -> success
pages_get_node(13)
 -> success
get_dir_inum(13)
current dir->data in dirs list is 1.num
tree_lookup(/numbers/1.num) -> -2
getattr(/numbers/1.num) -> (-2) {mode: 0000, size: 0}
IN MAKE NODE
get_dir_path(/numbers)
pages_get_node(1)
 -> success
get_dir_inum(1)
current dir->data in dirs list is numbers
pages_get_node(13)
 -> success
pages_get_node(13)
 -> success
get_dir_inum(13)
tree_lookup(/numbers) -> 13
pages_get_node(13)
 -> success
get_dir_inum(13)
directory_lookup(dd, 1.num) -> -2
pages_get_empty_pg() -> 15
pages_get_node(14)
 -> success
init_inode(node, 100664)
storage_mknod(/numbers/1.num, 100664)
directory_put(dd, 1.num, 14) -> 0
mknod(/numbers/1.num, 100664) -> 0
pages_get_node(1)
 -> success
get_dir_inum(1)
current dir->data in dirs list is numbers
pages_get_node(13)
 -> success
pages_get_node(13)
 -> success
get_dir_inum(13)
current dir->data in dirs list is 1.num
pages_get_node(14)
 -> success
tree_lookup(/numbers/1.num) -> 14
storage_stat(/numbers/1.num)
getattr(/numbers/1.num) -> (0) {mode: 100664, size: 0}
access(/numbers/1.num, 0000) -> 0
open(/numbers/1.num) -> 0
ioctl(/numbers/1.num, 21505, ...) -> -1
pages_get_node(1)
 -> success
get_dir_inum(1)
current dir->data in dirs list is numbers
pages_get_node(13)
 -> success
pages_get_node(13)
 -> success
get_dir_inum(13)
current dir->data in dirs list is 1.num
pages_get_node(14)
 -> success
tree_lookup(/numbers/1.num) -> 14
storage_write(/numbers/1.num, 1
llo there
ng.==This string is fourty characters long.==This string is fourty characters long.==This string is fourty characters long.==This string is fourty characters long.==This string is fourty characters long.==This string is fourty characters long.==This string is fourty characters long.==This string is fourty characters long.==This string is fourty characters long.==This string is fourty characters long.==This string is fourty characters long.==This string is fourty characters long.==This string is fourty characters long.==This string is fourty characters long.==This string is fourty characters long.==This string is fourty characters long.==This string is fourty characters long.==This string is fourty characters long.==This string is fourty characters long.==This string is fourty characters long.==This string is fourty characters long.==This string is fourty characters long.==This string is fourty characters long.==This string is fourty characters long.==This string is fourty characters long.==This string is fourty characters long.==This string is fourty characters long.==This string is fourty characters long.==This string is fourty characters long.==This string is fourty characters long.==This string is fourty characters long.==This string is fourty characters long.==This string is fourty characters long.==This string is fourty characters long.==This string is fourty characters long.==This string is fourty characters long.==This string is fourty characters long.==This string is fourty characters long.==This string is fourty characters long.==This string is fourty characters long.==This string is fourty characters long.==This string is fourty characters long.==This string is fourty characters long.==This string is fourty characters long.==This string is fourty characters long.==This string is fourty characters long.==This string is fourty characters long.==This string is fourty characters long.==This string is fourty characters long.==This string is fourty characters long.==This string is fourty characters long.==This string is fourty characters long.==This string is fourty characters long.==This string is fourty characters long.==This string is fourty characters long.==This string is fourty characters long.==This string is fourty characters long.==This string is fourty characters long.==This string is fourty characters long.==This string is fourty characters long.==This string is fourty characters long.==This string is fourty characters long.==This string is fourty characters long.==This string is fourty characters long.==This string is fourty characters long.==This string is fourty characters long.==This string is fourty characters long.==This string is fourty characters long.==This string is fourty characters long.==This string is fourty characters long.==This string is fourty characters long.==This string is fourty characters long.==This string is fourty characters long.==This string is fourty characters long.==This string is fourty characters long.==This string is fourty characters long.==This string is fourty characters long.==This string is fourty characters long.=
aracters long.==This string is fourty characters long.==This string is fourty characters long.==This string is fourty characters long.==This string is fourty characters long.==This string is fourty characters long.==This string is fourty characters long.==This string is fourty characters long.==This string is fourty characters long.==This string is fourty characters long.==This string is fourty characters long.==This string is fourty characters long.==This string is fourty characters long.==This string is fourty characters long.==This string is fourty characters long.==This string is fourty characters long.==This string is fourty characters long.==This string is fourty characters long.==This string is fourty characters long.==This string is fourty characters long.==This string is fourty characters long.==This string is fourty characters long.==This string is fourty characters long.==This string is fourty characters long.==This string is fourty c, 2, 0) -> 2
write(/numbers/1.num, 2 bytes, @+0) -> 2
pages_get_node(1)
 -> success
get_dir_inum(1)
current dir->data in dirs list is numbers
pages_get_node(13)
 -> success
pages_get_node(13)
 -> success
get_dir_inum(13)
current dir->data in dirs list is 2.num
tree_lookup(/numbers/2.num) -> -2
getattr(/numbers/2.num) -> (-2) {mode: 0000, size: 0}
IN MAKE NODE
get_dir_path(/numbers)
pages_get_node(1)
 -> success
get_dir_inum(1)
current dir->data in dirs list is numbers
pages_get_node(13)
 -> success
pages_get_node(13)
 -> success
get_dir_inum(13)
tree_lookup(/numbers) -> 13
pages_get_node(13)
 -> success
get_dir_inum(13)
directory_lookup(dd, 2.num) -> -2
pages_get_empty_pg() -> 16
pages_get_node(15)
 -> success
init_inode(node, 100664)
storage_mknod(/numbers/2.num, 100664)
directory_put(dd, 2.num, 15) -> 0
mknod(/numbers/2.num, 100664) -> 0
pages_get_node(1)
 -> success
get_dir_inum(1)
current dir->data in dirs list is numbers
pages_get_node(13)
 -> success
pages_get_node(13)
 -> success
get_dir_inum(13)
current dir->data in dirs list is 2.num
pages_get_node(15)
 -> success
tree_lookup(/numbers/2.num) -> 15
storage_stat(/numbers/2.num)
getattr(/numbers/2.num) -> (0) {mode: 100664, size: 0}
access(/numbers/2.num, 0000) -> 0
open(/numbers/2.num) -> 0
ioctl(/numbers/2.num, 21505, ...) -> -1
pages_get_node(1)
 -> success
get_dir_inum(1)
current dir->data in dirs list is numbers
pages_get_node(13)
 -> success
pages_get_node(13)
 -> success
get_dir_inum(13)
current dir->data in dirs list is 2.num
pages_get_node(15)
 -> success
tree_lookup(/numbers/2.num) -> 15
storage_write(/numbers/2.num, 2
llo there
ng.==This string is fourty characters long.==This string is fourty characters long.==This string is fourty characters long.==This string is fourty characters long.==This string is fourty characters long.==This string is fourty characters long.==This string is fourty characters long.==This string is fourty characters long.==This string is fourty characters long.==This string is fourty characters long.==This string is fourty characters long.==This string is fourty characters long.==This string is fourty characters long.==This string is fourty characters long.==This string is fourty characters long.==This string is fourty characters long.==This string is fourty characters long.==This string is fourty characters long.==This string is fourty characters long.==This string is fourty characters long.==This string is fourty characters long.==This string is fourty characters long.==This string is fourty characters long.==This string is fourty characters long.==This string is fourty characters long.==This string is fourty characters long.==This string is fourty characters long.==This string is fourty characters long.==This string is fourty characters long.==This string is fourty characters long.==This string is fourty characters long.==This string is fourty characters long.==This string is fourty characters long.==This string is fourty characters long.==This string is fourty characters long.==This string is fourty characters long.==This string is fourty characters long.==This string is fourty characters long.==This string is fourty characters long.==This string is fourty characters long.==This string is fourty characters long.==This string is fourty characters long.==This string is fourty characters long.==This string is fourty characters long.==This string is fourty characters long.==This string is fourty characters long.==This string is fourty characters long.==This string is fourty characters long.==This string is fourty characters long.==This string is fourty characters long.==This string is fourty characters long.==This string is fourty characters long.==This string is fourty characters long.==This string is fourty characters long.==This string is fourty characters long.==This string is fourty characters long.==This string is fourty characters long.==This string is fourty characters long.==This string is fourty characters long.==This string is fourty characters long.==This string is fourty characters long.==This string is fourty characters long.==This string is fourty characters long.==This string is fourty characters long.==This string is fourty characters long.==This string is fourty characters long.==This string is fourty characters long.==This string is fourty characters long.==This string is fourty characters long.==This string is fourty characters long.==This string is fourty characters long.==This string is fourty characters long.==This string is fourty characters long.==This string is fourty characters long.==This string is fourty characters long.==This string is fourty characters long.==This string is fourty characters long.==This string is fourty characters long.=
aracters long.==This string is fourty characters long.==This string is fourty characters long.==This string is fourty characters long.==This string is fourty characters long.==This string is fourty characters long.==This string is fourty characters long.==This string is fourty characters long.==This string is fourty characters long.==This string is fourty characters long.==This string is fourty characters long.==This string is fourty characters long.==This string is fourty characters long.==This string is fourty characters long.==This string is fourty characters long.==This string is fourty characters long.==This string is fourty characters long.==This string is fourty characters long.==This string is fourty characters long.==This string is fourty characters long.==This string is fourty characters long.==This string is fourty characters long.==This string is fourty characters long.==This string is fourty characters long.==This string is fourty c, 2, 0) -> 2
write(/numbers/2.num, 2 bytes, @+0) -> 2
pages_get_node(1)
 -> success
get_dir_inum(1)
current dir->data in dirs list is numbers
pages_get_node(13)
 -> success
pages_get_node(13)
 -> success
get_dir_inum(13)
current dir->data in dirs list is 3.num
tree_lookup(/numbers/3.num) -> -2
getattr(/numbers/3.num) -> (-2) {mode: 0000, size: 0}
IN MAKE NODE
get_dir_path(/numbers)
pages_get_node(1)
 -> success
get_dir_inum(1)
current dir->data in dirs list is numbers
pages_get_node(13)
 -> success
pages_get_node(13)
 -> success
get_dir_inum(13)
tree_lookup(/numbers) -> 13
pages_get_node(13)
 -> success
get_dir_inum(13)
directory_lookup(dd, 3.num) -> -2
pages_get_empty_pg() -> 17
pages_get_node(16)
 -> success
init_inode(node, 100664)
storage_mknod(/numbers/3.num, 100664)
directory_put(dd, 3.num, 16) -> 0
mknod(/numbers/3.num, 100664) -> 0
pages_get_node(1)
 -> success
get_dir_inum(1)
current dir->data in dirs list is numbers
pages_get_node(13)
 -> success
pages_get_node(13)
 -> success
get_dir_inum(13)
current dir->data in dirs list is 3.num
pages_get_node(16)
 -> success
tree_lookup(/numbers/3.num) -> 16
storage_stat(/numbers/3.num)
getattr(/numbers/3.num) -> (0) {mode: 100664, size: 0}
access(/numbers/3.num, 0000) -> 0
open(/numbers/3.num) -> 0
ioctl(/numbers/3.num, 21505, ...) -> -1
pages_get_node(1)
 -> success
get_dir_inum(1)
current dir->data in dirs list is numbers
pages_get_node(13)
 -> success
pages_get_node(13)
 -> success
get_dir_inum(13)
current dir->data in dirs list is 3.num
pages_get_node(16)
 -> success
tree_lookup(/numbers/3.num) -> 16
storage_write(/numbers/3.num, 3
llo there
ng.==This string is fourty characters long.==This string is fourty characters long.==This string is fourty characters long.==This string is fourty characters long.==This string is fourty characters long.==This string is fourty characters long.==This string is fourty characters long.==This string is fourty characters long.==This string is fourty characters long.==This string is fourty characters long.==This string is fourty characters long.==This string is fourty characters long.==This string is fourty characters long.==This string is fourty characters long.==This string is fourty characters long.==This string is fourty characters long.==This string is fourty characters long.==This string is fourty characters long.==This string is fourty characters long.==This string is fourty characters long.==This string is fourty characters long.==This string is fourty characters long.==This string is fourty characters long.==This string is fourty characters long.==This string is fourty characters long.==This string is fourty characters long.==This string is fourty characters long.==This string is fourty characters long.==This string is fourty characters long.==This string is fourty characters long.==This string is fourty characters long.==This string is fourty characters long.==This string is fourty characters long.==This string is fourty characters long.==This string is fourty characters long.==This string is fourty characters long.==This string is fourty characters long.==This string is fourty characters long.==This string is fourty characters long.==This string is fourty characters long.==This string is fourty characters long.==This string is fourty characters long.==This string is fourty characters long.==This string is fourty characters long.==This string is fourty characters long.==This string is fourty characters long.==This string is fourty characters long.==This string is fourty characters long.==This string is fourty characters long.==This string is fourty characters long.==This string is fourty characters long.==This string is fourty characters long.==This string is fourty characters long.==This string is fourty characters long.==This string is fourty characters long.==This string is fourty characters long.==This string is fourty characters long.==This string is fourty characters long.==This string is fourty characters long.==This string is fourty characters long.==This string is fourty characters long.==This string is fourty characters long.==This string is fourty characters long.==This string is fourty characters long.==This string is fourty characters long.==This string is fourty characters long.==This string is fourty characters long.==This string is fourty characters long.==This string is fourty characters long.==This string is fourty characters long.==This string is fourty characters long.==This string is fourty characters long.==This string is fourty characters long.==This string is fourty characters long.==This string is fourty characters long.==This string is fourty characters long.==This string is fourty characters long.==This string is fourty characters long.=
aracters long.==This string is fourty characters long.==This string is fourty characters long.==This string is fourty characters long.==This string is fourty characters long.==This string is fourty characters long.==This string is fourty characters long.==This string is fourty characters long.==This string is fourty characters long.==This string is fourty characters long.==This string is fourty characters long.==This string is fourty characters long.==This string is fourty characters long.==This string is fourty characters long.==This string is fourty characters long.==This string is fourty characters long.==This string is fourty characters long.==This string is fourty characters long.==This string is fourty characters long.==This string is fourty characters long.==This string is fourty characters long.==This string is fourty characters long.==This string is fourty characters long.==This string is fourty characters long.==This string is fourty c, 2, 0) -> 2
write(/numbers/3.num, 2 bytes, @+0) -> 2
pages_get_node(1)
 -> success
get_dir_inum(1)
tree_lookup(/) -> 1
storage_stat(/)
getattr(/) -> (0) {mode: 40755, size: 4096}
pages_get_node(1)
 -> success
get_dir_inum(1)
current dir->data in dirs list is numbers
pages_get_node(13)
 -> success
pages_get_node(13)
 -> success
get_dir_inum(13)
current dir->data in dirs list is 4.num
tree_lookup(/numbers/4.num) -> -2
getattr(/numbers/4.num) -> (-2) {mode: 0000, size: 0}
IN MAKE NODE
get_dir_path(/numbers)
pages_get_node(1)
 -> success
get_dir_inum(1)
current dir->data in dirs list is numbers
pages_get_node(13)
 -> success
pages_get_node(13)
 -> success
get_dir_inum(13)
tree_lookup(/numbers) -> 13
pages_get_node(13)
 -> success
get_dir_inum(13)
directory_lookup(dd, 4.num) -> -2
pages_get_empty_pg() -> 18
pages_get_node(17)
 -> success
init_inode(node, 100664)
storage_mknod(/numbers/4.num, 100664)
directory_put(dd, 4.num, 17) -> 0
mknod(/numbers/4.num, 100664) -> 0
pages_get_node(1)
 -> success
get_dir_inum(1)
current dir->data in dirs list is numbers
pages_get_node(13)
 -> success
pages_get_node(13)
 -> success
get_dir_inum(13)
current dir->data in dirs list is 4.num
pages_get_node(17)
 -> success
tree_lookup(/numbers/4.num) -> 17
storage_stat(/numbers/4.num)
getattr(/numbers/4.num) -> (0) {mode: 100664, size: 0}
access(/numbers/4.num, 0000) -> 0
open(/numbers/4.num) -> 0
ioctl(/numbers/4.num, 21505, ...) -> -1
pages_get_node(1)
 -> success
get_dir_inum(1)
current dir->data in dirs list is numbers
pages_get_node(13)
 -> success
pages_get_node(13)
 -> success
get_dir_inum(13)
current dir->data in dirs list is 4.num
pages_get_node(17)
 -> success
tree_lookup(/numbers/4.num) -> 17
storage_write(/numbers/4.num, 4
llo there
ng.==This string is fourty characters long.==This string is fourty characters long.==This string is fourty characters long.==This string is fourty characters long.==This string is fourty characters long.==This string is fourty characters long.==This string is fourty characters long.==This string is fourty characters long.==This string is fourty characters long.==This string is fourty characters long.==This string is fourty characters long.==This string is fourty characters long.==This string is fourty characters long.==This string is fourty characters long.==This string is fourty characters long.==This string is fourty characters long.==This string is fourty characters long.==This string is fourty characters long.==This string is fourty characters long.==This string is fourty characters long.==This string is fourty characters long.==This string is fourty characters long.==This string is fourty characters long.==This string is fourty characters long.==This string is fourty characters long.==This string is fourty characters long.==This string is fourty characters long.==This string is fourty characters long.==This string is fourty characters long.==This string is fourty characters long.==This string is fourty characters long.==This string is fourty characters long.==This string is fourty characters long.==This string is fourty characters long.==This string is fourty characters long.==This string is fourty characters long.==This string is fourty characters long.==This string is fourty characters long.==This string is fourty characters long.==This string is fourty characters long.==This string is fourty characters long.==This string is fourty characters long.==This string is fourty characters long.==This string is fourty characters long.==This string is fourty characters long.==This string is fourty characters long.==This string is fourty characters long.==This string is fourty characters long.==This string is fourty characters long.==This string is fourty characters long.==This string is fourty characters long.==This string is fourty characters long.==This string is fourty characters long.==This string is fourty characters long.==This string is fourty characters long.==This string is fourty characters long.==This string is fourty characters long.==This string is fourty characters long.==This string is fourty characters long.==This string is fourty characters long.==This string is fourty characters long.==This string is fourty characters long.==This string is fourty characters long.==This string is fourty characters long.==This string is fourty characters long.==This string is fourty characters long.==This string is fourty characters long.==This string is fourty characters long.==This string is fourty characters long.==This string is fourty characters long.==This string is fourty characters long.==This string is fourty characters long.==This string is fourty characters long.==This string is fourty characters long.==This string is fourty characters long.==This string is fourty characters long.==This string is fourty characters long.==This string is fourty characters long.=
aracters long.==This string is fourty characters long.==This string is fourty characters long.==This string is fourty characters long.==This string is fourty characters long.==This string is fourty characters long.==This string is fourty characters long.==This string is fourty characters long.==This string is fourty characters long.==This string is fourty characters long.==This string is fourty characters long.==This string is fourty characters long.==This string is fourty characters long.==This string is fourty characters long.==This string is fourty characters long.==This string is fourty characters long.==This string is fourty characters long.==This string is fourty characters long.==This string is fourty characters long.==This string is fourty characters long.==This string is fourty characters long.==This string is fourty characters long.==This string is fourty characters long.==This string is fourty characters long.==This string is fourty c, 2, 0) -> 2
write(/numbers/4.num, 2 bytes, @+0) -> 2
pages_get_node(1)
 -> success
get_dir_inum(1)
current dir->data in dirs list is numbers
pages_get_node(13)
 -> success
pages_get_node(13)
 -> success
get_dir_inum(13)
current dir->data in dirs list is 5.num
tree_lookup(/numbers/5.num) -> -2
getattr(/numbers/5.num) -> (-2) {mode: 0000, size: 0}
IN MAKE NODE
get_dir_path(/numbers)
pages_get_node(1)
 -> success
get_dir_inum(1)
current dir->data in dirs list is numbers
pages_get_node(13)
 -> success
pages_get_node(13)
 -> success
get_dir_inum(13)
tree_lookup(/numbers) -> 13
pages_get_node(13)
 -> success
get_dir_inum(13)
directory_lookup(dd, 5.num) -> -2
pages_get_empty_pg() -> 19
pages_get_node(18)
 -> success
init_inode(node, 100664)
storage_mknod(/numbers/5.num, 100664)
directory_put(dd, 5.num, 18) -> 0
mknod(/numbers/5.num, 100664) -> 0
pages_get_node(1)
 -> success
get_dir_inum(1)
current dir->data in dirs list is numbers
pages_get_node(13)
 -> success
pages_get_node(13)
 -> success
get_dir_inum(13)
current dir->data in dirs list is 5.num
pages_get_node(18)
 -> success
tree_lookup(/numbers/5.num) -> 18
storage_stat(/numbers/5.num)
getattr(/numbers/5.num) -> (0) {mode: 100664, size: 0}
access(/numbers/5.num, 0000) -> 0
open(/numbers/5.num) -> 0
ioctl(/numbers/5.num, 21505, ...) -> -1
pages_get_node(1)
 -> success
get_dir_inum(1)
current dir->data in dirs list is numbers
pages_get_node(13)
 -> success
pages_get_node(13)
 -> success
get_dir_inum(13)
current dir->data in dirs list is 5.num
pages_get_node(18)
 -> success
tree_lookup(/numbers/5.num) -> 18
storage_write(/numbers/5.num, 5
llo there
ng.==This string is fourty characters long.==This string is fourty characters long.==This string is fourty characters long.==This string is fourty characters long.==This string is fourty characters long.==This string is fourty characters long.==This string is fourty characters long.==This string is fourty characters long.==This string is fourty characters long.==This string is fourty characters long.==This string is fourty characters long.==This string is fourty characters long.==This string is fourty characters long.==This string is fourty characters long.==This string is fourty characters long.==This string is fourty characters long.==This string is fourty characters long.==This string is fourty characters long.==This string is fourty characters long.==This string is fourty characters long.==This string is fourty characters long.==This string is fourty characters long.==This string is fourty characters long.==This string is fourty characters long.==This string is fourty characters long.==This string is fourty characters long.==This string is fourty characters long.==This string is fourty characters long.==This string is fourty characters long.==This string is fourty characters long.==This string is fourty characters long.==This string is fourty characters long.==This string is fourty characters long.==This string is fourty characters long.==This string is fourty characters long.==This string is fourty characters long.==This string is fourty characters long.==This string is fourty characters long.==This string is fourty characters long.==This string is fourty characters long.==This string is fourty characters long.==This string is fourty characters long.==This string is fourty characters long.==This string is fourty characters long.==This string is fourty characters long.==This string is fourty characters long.==This string is fourty characters long.==This string is fourty characters long.==This string is fourty characters long.==This string is fourty characters long.==This string is fourty characters long.==This string is fourty characters long.==This string is fourty characters long.==This string is fourty characters long.==This string is fourty characters long.==This string is fourty characters long.==This string is fourty characters long.==This string is fourty characters long.==This string is fourty characters long.==This string is fourty characters long.==This string is fourty characters long.==This string is fourty characters long.==This string is fourty characters long.==This string is fourty characters long.==This string is fourty characters long.==This string is fourty characters long.==This string is fourty characters long.==This string is fourty characters long.==This string is fourty characters long.==This string is fourty characters long.==This string is fourty characters long.==This string is fourty characters long.==This string is fourty characters long.==This string is fourty characters long.==This string is fourty characters long.==This string is fourty characters long.==This string is fourty characters long.==This string is fourty characters long.=
aracters long.==This string is fourty characters long.==This string is fourty characters long.==This string is fourty characters long.==This string is fourty characters long.==This string is fourty characters long.==This string is fourty characters long.==This string is fourty characters long.==This string is fourty characters long.==This string is fourty characters long.==This string is fourty characters long.==This string is fourty characters long.==This string is fourty characters long.==This string is fourty characters long.==This string is fourty characters long.==This string is fourty characters long.==This string is fourty characters long.==This string is fourty characters long.==This string is fourty characters long.==This string is fourty characters long.==This string is fourty characters long.==This string is fourty characters long.==This string is fourty characters long.==This string is fourty characters long.==This string is fourty c, 2, 0) -> 2
write(/numbers/5.num, 2 bytes, @+0) -> 2
pages_get_node(1)
 -> success
get_dir_inum(1)
current dir->data in dirs list is numbers
pages_get_node(13)
 -> success
pages_get_node(13)
 -> success
get_dir_inum(13)
current dir->data in dirs list is 6.num
tree_lookup(/numbers/6.num) -> -2
getattr(/numbers/6.num) -> (-2) {mode: 0000, size: 0}
IN MAKE NODE
get_dir_path(/numbers)
pages_get_node(1)
 -> success
get_dir_inum(1)
current dir->data in dirs list is numbers
pages_get_node(13)
 -> success
pages_get_node(13)
 -> success
get_dir_inum(13)
tree_lookup(/numbers) -> 13
pages_get_node(13)
 -> success
get_dir_inum(13)
directory_lookup(dd, 6.num) -> -2
pages_get_empty_pg() -> 20
pages_get_node(19)
 -> success
init_inode(node, 100664)
storage_mknod(/numbers/6.num, 100664)
directory_put(dd, 6.num, 19) -> 0
mknod(/numbers/6.num, 100664) -> 0
pages_get_node(1)
 -> success
get_dir_inum(1)
current dir->data in dirs list is numbers
pages_get_node(13)
 -> success
pages_get_node(13)
 -> success
get_dir_inum(13)
current dir->data in dirs list is 6.num
pages_get_node(19)
 -> success
tree_lookup(/numbers/6.num) -> 19
storage_stat(/numbers/6.num)
getattr(/numbers/6.num) -> (0) {mode: 100664, size: 0}
access(/numbers/6.num, 0000) -> 0
open(/numbers/6.num) -> 0
ioctl(/numbers/6.num, 21505, ...) -> -1
pages_get_node(1)
 -> success
get_dir_inum(1)
current dir->data in dirs list is numbers
pages_get_node(13)
 -> success
pages_get_node(13)
 -> success
get_dir_inum(13)
current dir->data in dirs list is 6.num
pages_get_node(19)
 -> success
tree_lookup(/numbers/6.num) -> 19
storage_write(/numbers/6.num, 6
llo there
ng.==This string is fourty characters long.==This string is fourty characters long.==This string is fourty characters long.==This string is fourty characters long.==This string is fourty characters long.==This string is fourty characters long.==This string is fourty characters long.==This string is fourty characters long.==This string is fourty characters long.==This string is fourty characters long.==This string is fourty characters long.==This string is fourty characters long.==This string is fourty characters long.==This string is fourty characters long.==This string is fourty characters long.==This string is fourty characters long.==This string is fourty characters long.==This string is fourty characters long.==This string is fourty characters long.==This string is fourty characters long.==This string is fourty characters long.==This string is fourty characters long.==This string is fourty characters long.==This string is fourty characters long.==This string is fourty characters long.==This string is fourty characters long.==This string is fourty characters long.==This string is fourty characters long.==This string is fourty characters long.==This string is fourty characters long.==This string is fourty characters long.==This string is fourty characters long.==This string is fourty characters long.==This string is fourty characters long.==This string is fourty characters long.==This string is fourty characters long.==This string is fourty characters long.==This string is fourty characters long.==This string is fourty characters long.==This string is fourty characters long.==This string is fourty characters long.==This string is fourty characters long.==This string is fourty characters long.==This string is fourty characters long.==This string is fourty characters long.==This string is fourty characters long.==This string is fourty characters long.==This string is fourty characters long.==This string is fourty characters long.==This string is fourty characters long.==This string is fourty characters long.==This string is fourty characters long.==This string is fourty characters long.==This string is fourty characters long.==This string is fourty characters long.==This string is fourty characters long.==This string is fourty characters long.==This string is fourty characters long.==This string is fourty characters long.==This string is fourty characters long.==This string is fourty characters long.==This string is fourty characters long.==This string is fourty characters long.==This string is fourty characters long.==This string is fourty characters long.==This string is fourty characters long.==This string is fourty characters long.==This string is fourty characters long.==This string is fourty characters long.==This string is fourty characters long.==This string is fourty characters long.==This string is fourty characters long.==This string is fourty characters long.==This string is fourty characters long.==This string is fourty characters long.==This string is fourty characters long.==This string is fourty characters long.==This string is fourty characters long.=
aracters long.==This string is fourty characters long.==This string is fourty characters long.==This string is fourty characters long.==This string is fourty characters long.==This string is fourty characters long.==This string is fourty characters long.==This string is fourty characters long.==This string is fourty characters long.==This string is fourty characters long.==This string is fourty characters long.==This string is fourty characters long.==This string is fourty characters long.==This string is fourty characters long.==This string is fourty characters long.==This string is fourty characters long.==This string is fourty characters long.==This string is fourty characters long.==This string is fourty characters long.==This string is fourty characters long.==This string is fourty characters long.==This string is fourty characters long.==This string is fourty characters long.==This string is fourty characters long.==This string is fourty c, 2, 0) -> 2
write(/numbers/6.num, 2 bytes, @+0) -> 2
pages_get_node(1)
 -> success
get_dir_inum(1)
current dir->data in dirs list is numbers
pages_get_node(13)
 -> success
pages_get_node(13)
 -> success
get_dir_inum(13)
current dir->data in dirs list is 7.num
tree_lookup(/numbers/7.num) -> -2
getattr(/numbers/7.num) -> (-2) {mode: 0000, size: 0}
IN MAKE NODE
get_dir_path(/numbers)
pages_get_node(1)
 -> success
get_dir_inum(1)
current dir->data in dirs list is numbers
pages_get_node(13)
 -> success
pages_get_node(13)
 -> success
get_dir_inum(13)
tree_lookup(/numbers) -> 13
pages_get_node(13)
 -> success
get_dir_inum(13)
directory_lookup(dd, 7.num) -> -2
pages_get_empty_pg() -> 21
pages_get_node(20)
 -> success
init_inode(node, 100664)
storage_mknod(/numbers/7.num, 100664)
directory_put(dd, 7.num, 20) -> 0
mknod(/numbers/7.num, 100664) -> 0
pages_get_node(1)
 -> success
get_dir_inum(1)
current dir->data in dirs list is numbers
pages_get_node(13)
 -> success
pages_get_node(13)
 -> success
get_dir_inum(13)
current dir->data in dirs list is 7.num
pages_get_node(20)
 -> success
tree_lookup(/numbers/7.num) -> 20
storage_stat(/numbers/7.num)
getattr(/numbers/7.num) -> (0) {mode: 100664, size: 0}
access(/numbers/7.num, 0000) -> 0
open(/numbers/7.num) -> 0
ioctl(/numbers/7.num, 21505, ...) -> -1
pages_get_node(1)
 -> success
get_dir_inum(1)
current dir->data in dirs list is numbers
pages_get_node(13)
 -> success
pages_get_node(13)
 -> success
get_dir_inum(13)
current dir->data in dirs list is 7.num
pages_get_node(20)
 -> success
tree_lookup(/numbers/7.num) -> 20
storage_write(/numbers/7.num, 7
llo there
ng.==This string is fourty characters long.==This string is fourty characters long.==This string is fourty characters long.==This string is fourty characters long.==This string is fourty characters long.==This string is fourty characters long.==This string is fourty characters long.==This string is fourty characters long.==This string is fourty characters long.==This string is fourty characters long.==This string is fourty characters long.==This string is fourty characters long.==This string is fourty characters long.==This string is fourty characters long.==This string is fourty characters long.==This string is fourty characters long.==This string is fourty characters long.==This string is fourty characters long.==This string is fourty characters long.==This string is fourty characters long.==This string is fourty characters long.==This string is fourty characters long.==This string is fourty characters long.==This string is fourty characters long.==This string is fourty characters long.==This string is fourty characters long.==This string is fourty characters long.==This string is fourty characters long.==This string is fourty characters long.==This string is fourty characters long.==This string is fourty characters long.==This string is fourty characters long.==This string is fourty characters long.==This string is fourty characters long.==This string is fourty characters long.==This string is fourty characters long.==This string is fourty characters long.==This string is fourty characters long.==This string is fourty characters long.==This string is fourty characters long.==This string is fourty characters long.==This string is fourty characters long.==This string is fourty characters long.==This string is fourty characters long.==This string is fourty characters long.==This string is fourty characters long.==This string is fourty characters long.==This string is fourty characters long.==This string is fourty characters long.==This string is fourty characters long.==This string is fourty characters long.==This string is fourty characters long.==This string is fourty characters long.==This string is fourty characters long.==This string is fourty characters long.==This string is fourty characters long.==This string is fourty characters long.==This string is fourty characters long.==This string is fourty characters long.==This string is fourty characters long.==This string is fourty characters long.==This string is fourty characters long.==This string is fourty characters long.==This string is fourty characters long.==This string is fourty characters long.==This string is fourty characters long.==This string is fourty characters long.==This string is fourty characters long.==This string is fourty characters long.==This string is fourty characters long.==This string is fourty characters long.==This string is fourty characters long.==This string is fourty characters long.==This string is fourty characters long.==This string is fourty characters long.==This string is fourty characters long.==This string is fourty characters long.==This string is fourty characters long.=
aracters long.==This string is fourty characters long.==This string is fourty characters long.==This string is fourty characters long.==This string is fourty characters long.==This string is fourty characters long.==This string is fourty characters long.==This string is fourty characters long.==This string is fourty characters long.==This string is fourty characters long.==This string is fourty characters long.==This string is fourty characters long.==This string is fourty characters long.==This string is fourty characters long.==This string is fourty characters long.==This string is fourty characters long.==This string is fourty characters long.==This string is fourty characters long.==This string is fourty characters long.==This string is fourty characters long.==This string is fourty characters long.==This string is fourty characters long.==This string is fourty characters long.==This string is fourty characters long.==This string is fourty c, 2, 0) -> 2
write(/numbers/7.num, 2 bytes, @+0) -> 2
pages_get_node(1)
 -> success
get_dir_inum(1)
current dir->data in dirs list is numbers
pages_get_node(13)
 -> success
pages_get_node(13)
 -> success
get_dir_inum(13)
current dir->data in dirs list is 8.num
tree_lookup(/numbers/8.num) -> -2
getattr(/numbers/8.num) -> (-2) {mode: 0000, size: 0}
IN MAKE NODE
get_dir_path(/numbers)
pages_get_node(1)
 -> success
get_dir_inum(1)
current dir->data in dirs list is numbers
pages_get_node(13)
 -> success
pages_get_node(13)
 -> success
get_dir_inum(13)
tree_lookup(/numbers) -> 13
pages_get_node(13)
 -> success
get_dir_inum(13)
directory_lookup(dd, 8.num) -> -2
pages_get_empty_pg() -> 22
pages_get_node(21)
 -> success
init_inode(node, 100664)
storage_mknod(/numbers/8.num, 100664)
directory_put(dd, 8.num, 21) -> 0
mknod(/numbers/8.num, 100664) -> 0
pages_get_node(1)
 -> success
get_dir_inum(1)
current dir->data in dirs list is numbers
pages_get_node(13)
 -> success
pages_get_node(13)
 -> success
get_dir_inum(13)
current dir->data in dirs list is 8.num
pages_get_node(21)
 -> success
tree_lookup(/numbers/8.num) -> 21
storage_stat(/numbers/8.num)
getattr(/numbers/8.num) -> (0) {mode: 100664, size: 0}
access(/numbers/8.num, 0000) -> 0
open(/numbers/8.num) -> 0
ioctl(/numbers/8.num, 21505, ...) -> -1
pages_get_node(1)
 -> success
get_dir_inum(1)
current dir->data in dirs list is numbers
pages_get_node(13)
 -> success
pages_get_node(13)
 -> success
get_dir_inum(13)
current dir->data in dirs list is 8.num
pages_get_node(21)
 -> success
tree_lookup(/numbers/8.num) -> 21
storage_write(/numbers/8.num, 8
llo there
ng.==This string is fourty characters long.==This string is fourty characters long.==This string is fourty characters long.==This string is fourty characters long.==This string is fourty characters long.==This string is fourty characters long.==This string is fourty characters long.==This string is fourty characters long.==This string is fourty characters long.==This string is fourty characters long.==This string is fourty characters long.==This string is fourty characters long.==This string is fourty characters long.==This string is fourty characters long.==This string is fourty characters long.==This string is fourty characters long.==This string is fourty characters long.==This string is fourty characters long.==This string is fourty characters long.==This string is fourty characters long.==This string is fourty characters long.==This string is fourty characters long.==This string is fourty characters long.==This string is fourty characters long.==This string is fourty characters long.==This string is fourty characters long.==This string is fourty characters long.==This string is fourty characters long.==This string is fourty characters long.==This string is fourty characters long.==This string is fourty characters long.==This string is fourty characters long.==This string is fourty characters long.==This string is fourty characters long.==This string is fourty characters long.==This string is fourty characters long.==This string is fourty characters long.==This string is fourty characters long.==This string is fourty characters long.==This string is fourty characters long.==This string is fourty characters long.==This string is fourty characters long.==This string is fourty characters long.==This string is fourty characters long.==This string is fourty characters long.==This string is fourty characters long.==This string is fourty characters long.==This string is fourty characters long.==This string is fourty characters long.==This string is fourty characters long.==This string is fourty characters long.==This string is fourty characters long.==This string is fourty characters long.==This string is fourty characters long.==This string is fourty characters long.==This string is fourty characters long.==This string is fourty characters long.==This string is fourty characters long.==This string is fourty characters long.==This string is fourty characters long.==This string is fourty characters long.==This string is fourty characters long.==This string is fourty characters long.==This string is fourty characters long.==This string is fourty characters long.==This string is fourty characters long.==This string is fourty characters long.==This string is fourty characters long.==This string is fourty characters long.==This string is fourty characters long.==This string is fourty characters long.==This string is fourty characters long.==This string is fourty characters long.==This string is fourty characters long.==This string is fourty characters long.==This string is fourty characters long.==This string is fourty characters long.==This string is fourty characters long.=
aracters long.==This string is fourty characters long.==This string is fourty characters long.==This string is fourty characters long.==This string is fourty characters long.==This string is fourty characters long.==This string is fourty characters long.==This string is fourty characters long.==This string is fourty characters long.==This string is fourty characters long.==This string is fourty characters long.==This string is fourty characters long.==This string is fourty characters long.==This string is fourty characters long.==This string is fourty characters long.==This string is fourty characters long.==This string is fourty characters long.==This string is fourty characters long.==This string is fourty characters long.==This string is fourty characters long.==This string is fourty characters long.==This string is fourty characters long.==This string is fourty characters long.==This string is fourty characters long.==This string is fourty c, 2, 0) -> 2
write(/numbers/8.num, 2 bytes, @+0) -> 2
pages_get_node(1)
 -> success
get_dir_inum(1)
current dir->data in dirs list is numbers
pages_get_node(13)
 -> success
pages_get_node(13)
 -> success
get_dir_inum(13)
current dir->data in dirs list is 9.num
tree_lookup(/numbers/9.num) -> -2
getattr(/numbers/9.num) -> (-2) {mode: 0000, size: 0}
IN MAKE NODE
get_dir_path(/numbers)
pages_get_node(1)
 -> success
get_dir_inum(1)
current dir->data in dirs list is numbers
pages_get_node(13)
 -> success
pages_get_node(13)
 -> success
get_dir_inum(13)
tree_lookup(/numbers) -> 13
pages_get_node(13)
 -> success
get_dir_inum(13)
directory_lookup(dd, 9.num) -> -2
pages_get_empty_pg() -> 23
pages_get_node(22)
 -> success
init_inode(node, 100664)
storage_mknod(/numbers/9.num, 100664)
directory_put(dd, 9.num, 22) -> 0
mknod(/numbers/9.num, 100664) -> 0
pages_get_node(1)
 -> success
get_dir_inum(1)
current dir->data in dirs list is numbers
pages_get_node(13)
 -> success
pages_get_node(13)
 -> success
get_dir_inum(13)
current dir->data in dirs list is 9.num
pages_get_node(22)
 -> success
tree_lookup(/numbers/9.num) -> 22
storage_stat(/numbers/9.num)
getattr(/numbers/9.num) -> (0) {mode: 100664, size: 0}
access(/numbers/9.num, 0000) -> 0
open(/numbers/9.num) -> 0
ioctl(/numbers/9.num, 21505, ...) -> -1
pages_get_node(1)
 -> success
get_dir_inum(1)
current dir->data in dirs list is numbers
pages_get_node(13)
 -> success
pages_get_node(13)
 -> success
get_dir_inum(13)
current dir->data in dirs list is 9.num
pages_get_node(22)
 -> success
tree_lookup(/numbers/9.num) -> 22
storage_write(/numbers/9.num, 9
llo there
ng.==This string is fourty characters long.==This string is fourty characters long.==This string is fourty characters long.==This string is fourty characters long.==This string is fourty characters long.==This string is fourty characters long.==This string is fourty characters long.==This string is fourty characters long.==This string is fourty characters long.==This string is fourty characters long.==This string is fourty characters long.==This string is fourty characters long.==This string is fourty characters long.==This string is fourty characters long.==This string is fourty characters long.==This string is fourty characters long.==This string is fourty characters long.==This string is fourty characters long.==This string is fourty characters long.==This string is fourty characters long.==This string is fourty characters long.==This string is fourty characters long.==This string is fourty characters long.==This string is fourty characters long.==This string is fourty characters long.==This string is fourty characters long.==This string is fourty characters long.==This string is fourty characters long.==This string is fourty characters long.==This string is fourty characters long.==This string is fourty characters long.==This string is fourty characters long.==This string is fourty characters long.==This string is fourty characters long.==This string is fourty characters long.==This string is fourty characters long.==This string is fourty characters long.==This string is fourty characters long.==This string is fourty characters long.==This string is fourty characters long.==This string is fourty characters long.==This string is fourty characters long.==This string is fourty characters long.==This string is fourty characters long.==This string is fourty characters long.==This string is fourty characters long.==This string is fourty characters long.==This string is fourty characters long.==This string is fourty characters long.==This string is fourty characters long.==This string is fourty characters long.==This string is fourty characters long.==This string is fourty characters long.==This string is fourty characters long.==This string is fourty characters long.==This string is fourty characters long.==This string is fourty characters long.==This string is fourty characters long.==This string is fourty characters long.==This string is fourty characters long.==This string is fourty characters long.==This string is fourty characters long.==This string is fourty characters long.==This string is fourty characters long.==This string is fourty characters long.==This string is fourty characters long.==This string is fourty characters long.==This string is fourty characters long.==This string is fourty characters long.==This string is fourty characters long.==This string is fourty characters long.==This string is fourty characters long.==This string is fourty characters long.==This string is fourty characters long.==This string is fourty characters long.==This string is fourty characters long.==This string is fourty characters long.==This string is fourty characters long.=
aracters long.==This string is fourty characters long.==This string is fourty characters long.==This string is fourty characters long.==This string is fourty characters long.==This string is fourty characters long.==This string is fourty characters long.==This string is fourty characters long.==This string is fourty characters long.==This string is fourty characters long.==This string is fourty characters long.==This string is fourty characters long.==This string is fourty characters long.==This string is fourty characters long.==This string is fourty characters long.==This string is fourty characters long.==This string is fourty characters long.==This string is fourty characters long.==This string is fourty characters long.==This string is fourty characters long.==This string is fourty characters long.==This string is fourty characters long.==This string is fourty characters long.==This string is fourty characters long.==This string is fourty c, 2, 0) -> 2
write(/numbers/9.num, 2 bytes, @+0) -> 2
pages_get_node(1)
 -> success
get_dir_inum(1)
current dir->data in dirs list is numbers
pages_get_node(13)
 -> success
pages_get_node(13)
 -> success
get_dir_inum(13)
current dir->data in dirs list is 10.num
tree_lookup(/numbers/10.num) -> -2
getattr(/numbers/10.num) -> (-2) {mode: 0000, size: 0}
IN MAKE NODE
get_dir_path(/numbers)
pages_get_node(1)
 -> success
get_dir_inum(1)
current dir->data in dirs list is numbers
pages_get_node(13)
 -> success
pages_get_node(13)
 -> success
get_dir_inum(13)
tree_lookup(/numbers) -> 13
pages_get_node(13)
 -> success
get_dir_inum(13)
directory_lookup(dd, 10.num) -> -2
pages_get_empty_pg() -> 24
pages_get_node(23)
 -> success
init_inode(node, 100664)
storage_mknod(/numbers/10.num, 100664)
directory_put(dd, 10.num, 23) -> 0
mknod(/numbers/10.num, 100664) -> 0
pages_get_node(1)
 -> success
get_dir_inum(1)
current dir->data in dirs list is numbers
pages_get_node(13)
 -> success
pages_get_node(13)
 -> success
get_dir_inum(13)
current dir->data in dirs list is 10.num
pages_get_node(23)
 -> success
tree_lookup(/numbers/10.num) -> 23
storage_stat(/numbers/10.num)
getattr(/numbers/10.num) -> (0) {mode: 100664, size: 0}
access(/numbers/10.num, 0000) -> 0
open(/numbers/10.num) -> 0
ioctl(/numbers/10.num, 21505, ...) -> -1
pages_get_node(1)
 -> success
get_dir_inum(1)
current dir->data in dirs list is numbers
pages_get_node(13)
 -> success
pages_get_node(13)
 -> success
get_dir_inum(13)
current dir->data in dirs list is 10.num
pages_get_node(23)
 -> success
tree_lookup(/numbers/10.num) -> 23
storage_write(/numbers/10.num, 10
lo there
ng.==This string is fourty characters long.==This string is fourty characters long.==This string is fourty characters long.==This string is fourty characters long.==This string is fourty characters long.==This string is fourty characters long.==This string is fourty characters long.==This string is fourty characters long.==This string is fourty characters long.==This string is fourty characters long.==This string is fourty characters long.==This string is fourty characters long.==This string is fourty characters long.==This string is fourty characters long.==This string is fourty characters long.==This string is fourty characters long.==This string is fourty characters long.==This string is fourty characters long.==This string is fourty characters long.==This string is fourty characters long.==This string is fourty characters long.==This string is fourty characters long.==This string is fourty characters long.==This string is fourty characters long.==This string is fourty characters long.==This string is fourty characters long.==This string is fourty characters long.==This string is fourty characters long.==This string is fourty characters long.==This string is fourty characters long.==This string is fourty characters long.==This string is fourty characters long.==This string is fourty characters long.==This string is fourty characters long.==This string is fourty characters long.==This string is fourty characters long.==This string is fourty characters long.==This string is fourty characters long.==This string is fourty characters long.==This string is fourty characters long.==This string is fourty characters long.==This string is fourty characters long.==This string is fourty characters long.==This string is fourty characters long.==This string is fourty characters long.==This string is fourty characters long.==This string is fourty characters long.==This string is fourty characters long.==This string is fourty characters long.==This string is fourty characters long.==This string is fourty characters long.==This string is fourty characters long.==This string is fourty characters long.==This string is fourty characters long.==This string is fourty characters long.==This string is fourty characters long.==This string is fourty characters long.==This string is fourty characters long.==This string is fourty characters long.==This string is fourty characters long.==This string is fourty characters long.==This string is fourty characters long.==This string is fourty characters long.==This string is fourty characters long.==This string is fourty characters long.==This string is fourty characters long.==This string is fourty characters long.==This string is fourty characters long.==This string is fourty characters long.==This string is fourty characters long.==This string is fourty characters long.==This string is fourty characters long.==This string is fourty characters long.==This string is fourty characters long.==This string is fourty characters long.==This string is fourty characters long.==This string is fourty characters long.==This string is fourty characters long.=
aracters long.==This string is fourty characters long.==This string is fourty characters long.==This string is fourty characters long.==This string is fourty characters long.==This string is fourty characters long.==This string is fourty characters long.==This string is fourty characters long.==This string is fourty characters long.==This string is fourty characters long.==This string is fourty characters long.==This string is fourty characters long.==This string is fourty characters long.==This string is fourty characters long.==This string is fourty characters long.==This string is fourty characters long.==This string is fourty characters long.==This string is fourty characters long.==This string is fourty characters long.==This string is fourty characters long.==This string is fourty characters long.==This string is fourty characters long.==This string is fourty characters long.==This string is fourty characters long.==This string is fourty c, 3, 0) -> 3
write(/numbers/10.num, 3 bytes, @+0) -> 3
pages_get_node(1)
 -> success
get_dir_inum(1)
current dir->data in dirs list is numbers
pages_get_node(13)
 -> success
pages_get_node(13)
 -> success
get_dir_inum(13)
current dir->data in dirs list is 11.num
tree_lookup(/numbers/11.num) -> -2
getattr(/numbers/11.num) -> (-2) {mode: 0000, size: 0}
IN MAKE NODE
get_dir_path(/numbers)
pages_get_node(1)
 -> success
get_dir_inum(1)
current dir->data in dirs list is numbers
pages_get_node(13)
 -> success
pages_get_node(13)
 -> success
get_dir_inum(13)
tree_lookup(/numbers) -> 13
pages_get_node(13)
 -> success
get_dir_inum(13)
directory_lookup(dd, 11.num) -> -2
pages_get_empty_pg() -> 25
pages_get_node(24)
 -> success
init_inode(node, 100664)
storage_mknod(/numbers/11.num, 100664)
directory_put(dd, 11.num, 24) -> 0
mknod(/numbers/11.num, 100664) -> 0
pages_get_node(1)
 -> success
get_dir_inum(1)
current dir->data in dirs list is numbers
pages_get_node(13)
 -> success
pages_get_node(13)
 -> success
get_dir_inum(13)
current dir->data in dirs list is 11.num
pages_get_node(24)
 -> success
tree_lookup(/numbers/11.num) -> 24
storage_stat(/numbers/11.num)
getattr(/numbers/11.num) -> (0) {mode: 100664, size: 0}
access(/numbers/11.num, 0000) -> 0
open(/numbers/11.num) -> 0
ioctl(/numbers/11.num, 21505, ...) -> -1
pages_get_node(1)
 -> success
get_dir_inum(1)
current dir->data in dirs list is numbers
pages_get_node(13)
 -> success
pages_get_node(13)
 -> success
get_dir_inum(13)
current dir->data in dirs list is 11.num
pages_get_node(24)
 -> success
tree_lookup(/numbers/11.num) -> 24
storage_write(/numbers/11.num, 11
lo there
ng.==This string is fourty characters long.==This string is fourty characters long.==This string is fourty characters long.==This string is fourty characters long.==This string is fourty characters long.==This string is fourty characters long.==This string is fourty characters long.==This string is fourty characters long.==This string is fourty characters long.==This string is fourty characters long.==This string is fourty characters long.==This string is fourty characters long.==This string is fourty characters long.==This string is fourty characters long.==This string is fourty characters long.==This string is fourty characters long.==This string is fourty characters long.==This string is fourty characters long.==This string is fourty characters long.==This string is fourty characters long.==This string is fourty characters long.==This string is fourty characters long.==This string is fourty characters long.==This string is fourty characters long.==This string is fourty characters long.==This string is fourty characters long.==This string is fourty characters long.==This string is fourty characters long.==This string is fourty characters long.==This string is fourty characters long.==This string is fourty characters long.==This string is fourty characters long.==This string is fourty characters long.==This string is fourty characters long.==This string is fourty characters long.==This string is fourty characters long.==This string is fourty characters long.==This string is fourty characters long.==This string is fourty characters long.==This string is fourty characters long.==This string is fourty characters long.==This string is fourty characters long.==This string is fourty characters long.==This string is fourty characters long.==This string is fourty characters long.==This string is fourty characters long.==This string is fourty characters long.==This string is fourty characters long.==This string is fourty characters long.==This string is fourty characters long.==This string is fourty characters long.==This string is fourty characters long.==This string is fourty characters long.==This string is fourty characters long.==This string is fourty characters long.==This string is fourty characters long.==This string is fourty characters long.==This string is fourty characters long.==This string is fourty characters long.==This string is fourty characters long.==This string is fourty characters long.==This string is fourty characters long.==This string is fourty characters long.==This string is fourty characters long.==This string is fourty characters long.==This string is fourty characters long.==This string is fourty characters long.==This string is fourty characters long.==This string is fourty characters long.==This string is fourty characters long.==This string is fourty characters long.==This string is fourty characters long.==This string is fourty characters long.==This string is fourty characters long.==This string is fourty characters long.==This string is fourty characters long.==This string is fourty characters long.==This string is fourty characters long.=
aracters long.==This string is fourty characters long.==This string is fourty characters long.==This string is fourty characters long.==This string is fourty characters long.==This string is fourty characters long.==This string is fourty characters long.==This string is fourty characters long.==This string is fourty characters long.==This string is fourty characters long.==This string is fourty characters long.==This string is fourty characters long.==This string is fourty characters long.==This string is fourty characters long.==This string is fourty characters long.==This string is fourty characters long.==This string is fourty characters long.==This string is fourty characters long.==This string is fourty characters long.==This string is fourty characters long.==This string is fourty characters long.==This string is fourty characters long.==This string is fourty characters long.==This string is fourty characters long.==This string is fourty c, 3, 0) -> 3
write(/numbers/11.num, 3 bytes, @+0) -> 3
pages_get_node(1)
 -> success
get_dir_inum(1)
current dir->data in dirs list is numbers
pages_get_node(13)
 -> success
pages_get_node(13)
 -> success
get_dir_inum(13)
current dir->data in dirs list is 12.num
tree_lookup(/numbers/12.num) -> -2
getattr(/numbers/12.num) -> (-2) {mode: 0000, size: 0}
IN MAKE NODE
get_dir_path(/numbers)
pages_get_node(1)
 -> success
get_dir_inum(1)
current dir->data in dirs list is numbers
pages_get_node(13)
 -> success
pages_get_node(13)
 -> success
get_dir_inum(13)
tree_lookup(/numbers) -> 13
pages_get_node(13)
 -> success
get_dir_inum(13)
directory_lookup(dd, 12.num) -> -2
pages_get_empty_pg() -> 26
pages_get_node(25)
 -> success
init_inode(node, 100664)
storage_mknod(/numbers/12.num, 100664)
directory_put(dd, 12.num, 25) -> 0
mknod(/numbers/12.num, 100664) -> 0
pages_get_node(1)
 -> success
get_dir_inum(1)
current dir->data in dirs list is numbers
pages_get_node(13)
 -> success
pages_get_node(13)
 -> success
get_dir_inum(13)
current dir->data in dirs list is 12.num
pages_get_node(25)
 -> success
tree_lookup(/numbers/12.num) -> 25
storage_stat(/numbers/12.num)
getattr(/numbers/12.num) -> (0) {mode: 100664, size: 0}
access(/numbers/12.num, 0000) -> 0
open(/numbers/12.num) -> 0
ioctl(/numbers/12.num, 21505, ...) -> -1
pages_get_node(1)
 -> success
get_dir_inum(1)
current dir->data in dirs list is numbers
pages_get_node(13)
 -> success
pages_get_node(13)
 -> success
get_dir_inum(13)
current dir->data in dirs list is 12.num
pages_get_node(25)
 -> success
tree_lookup(/numbers/12.num) -> 25
storage_write(/numbers/12.num, 12
lo there
ng.==This string is fourty characters long.==This string is fourty characters long.==This string is fourty characters long.==This string is fourty characters long.==This string is fourty characters long.==This string is fourty characters long.==This string is fourty characters long.==This string is fourty characters long.==This string is fourty characters long.==This string is fourty characters long.==This string is fourty characters long.==This string is fourty characters long.==This string is fourty characters long.==This string is fourty characters long.==This string is fourty characters long.==This string is fourty characters long.==This string is fourty characters long.==This string is fourty characters long.==This string is fourty characters long.==This string is fourty characters long.==This string is fourty characters long.==This string is fourty characters long.==This string is fourty characters long.==This string is fourty characters long.==This string is fourty characters long.==This string is fourty characters long.==This string is fourty characters long.==This string is fourty characters long.==This string is fourty characters long.==This string is fourty characters long.==This string is fourty characters long.==This string is fourty characters long.==This string is fourty characters long.==This string is fourty characters long.==This string is fourty characters long.==This string is fourty characters long.==This string is fourty characters long.==This string is fourty characters long.==This string is fourty characters long.==This string is fourty characters long.==This string is fourty characters long.==This string is fourty characters long.==This string is fourty characters long.==This string is fourty characters long.==This string is fourty characters long.==This string is fourty characters long.==This string is fourty characters long.==This string is fourty characters long.==This string is fourty characters long.==This string is fourty characters long.==This string is fourty characters long.==This string is fourty characters long.==This string is fourty characters long.==This string is fourty characters long.==This string is fourty characters long.==This string is fourty characters long.==This string is fourty characters long.==This string is fourty characters long.==This string is fourty characters long.==This string is fourty characters long.==This string is fourty characters long.==This string is fourty characters long.==This string is fourty characters long.==This string is fourty characters long.==This string is fourty characters long.==This string is fourty characters long.==This string is fourty characters long.==This string is fourty characters long.==This string is fourty characters long.==This string is fourty characters long.==This string is fourty characters long.==This string is fourty characters long.==This string is fourty characters long.==This string is fourty characters long.==This string is fourty characters long.==This string is fourty characters long.==This string is fourty characters long.==This string is fourty characters long.=
aracters long.==This string is fourty characters long.==This string is fourty characters long.==This string is fourty characters long.==This string is fourty characters long.==This string is fourty characters long.==This string is fourty characters long.==This string is fourty characters long.==This string is fourty characters long.==This string is fourty characters long.==This string is fourty characters long.==This string is fourty characters long.==This string is fourty characters long.==This string is fourty characters long.==This string is fourty characters long.==This string is fourty characters long.==This string is fourty characters long.==This string is fourty characters long.==This string is fourty characters long.==This string is fourty characters long.==This string is fourty characters long.==This string is fourty characters long.==This string is fourty characters long.==This string is fourty characters long.==This string is fourty c, 3, 0) -> 3
write(/numbers/12.num, 3 bytes, @+0) -> 3
pages_get_node(1)
 -> success
get_dir_inum(1)
current dir->data in dirs list is numbers
pages_get_node(13)
 -> success
pages_get_node(13)
 -> success
get_dir_inum(13)
current dir->data in dirs list is 13.num
tree_lookup(/numbers/13.num) -> -2
getattr(/numbers/13.num) -> (-2) {mode: 0000, size: 0}
IN MAKE NODE
get_dir_path(/numbers)
pages_get_node(1)
 -> success
get_dir_inum(1)
current dir->data in dirs list is numbers
pages_get_node(13)
 -> success
pages_get_node(13)
 -> success
get_dir_inum(13)
tree_lookup(/numbers) -> 13
pages_get_node(13)
 -> success
get_dir_inum(13)
directory_lookup(dd, 13.num) -> -2
pages_get_empty_pg() -> 27
pages_get_node(26)
 -> success
init_inode(node, 100664)
storage_mknod(/numbers/13.num, 100664)
directory_put(dd, 13.num, 26) -> 0
mknod(/numbers/13.num, 100664) -> 0
pages_get_node(1)
 -> success
get_dir_inum(1)
current dir->data in dirs list is numbers
pages_get_node(13)
 -> success
pages_get_node(13)
 -> success
get_dir_inum(13)
current dir->data in dirs list is 13.num
pages_get_node(26)
 -> success
tree_lookup(/numbers/13.num) -> 26
storage_stat(/numbers/13.num)
getattr(/numbers/13.num) -> (0) {mode: 100664, size: 0}
access(/numbers/13.num, 0000) -> 0
open(/numbers/13.num) -> 0
ioctl(/numbers/13.num, 21505, ...) -> -1
pages_get_node(1)
 -> success
get_dir_inum(1)
current dir->data in dirs list is numbers
pages_get_node(13)
 -> success
pages_get_node(13)
 -> success
get_dir_inum(13)
current dir->data in dirs list is 13.num
pages_get_node(26)
 -> success
tree_lookup(/numbers/13.num) -> 26
storage_write(/numbers/13.num, 13
lo there
ng.==This string is fourty characters long.==This string is fourty characters long.==This string is fourty characters long.==This string is fourty characters long.==This string is fourty characters long.==This string is fourty characters long.==This string is fourty characters long.==This string is fourty characters long.==This string is fourty characters long.==This string is fourty characters long.==This string is fourty characters long.==This string is fourty characters long.==This string is fourty characters long.==This string is fourty characters long.==This string is fourty characters long.==This string is fourty characters long.==This string is fourty characters long.==This string is fourty characters long.==This string is fourty characters long.==This string is fourty characters long.==This string is fourty characters long.==This string is fourty characters long.==This string is fourty characters long.==This string is fourty characters long.==This string is fourty characters long.==This string is fourty characters long.==This string is fourty characters long.==This string is fourty characters long.==This string is fourty characters long.==This string is fourty characters long.==This string is fourty characters long.==This string is fourty characters long.==This string is fourty characters long.==This string is fourty characters long.==This string is fourty characters long.==This string is fourty characters long.==This string is fourty characters long.==This string is fourty characters long.==This string is fourty characters long.==This string is fourty characters long.==This string is fourty characters long.==This string is fourty characters long.==This string is fourty characters long.==This string is fourty characters long.==This string is fourty characters long.==This string is fourty characters long.==This string is fourty characters long.==This string is fourty characters long.==This string is fourty characters long.==This string is fourty characters long.==This string is fourty characters long.==This string is fourty characters long.==This string is fourty characters long.==This string is fourty characters long.==This string is fourty characters long.==This string is fourty characters long.==This string is fourty characters long.==This string is fourty characters long.==This string is fourty characters long.==This string is fourty characters long.==This string is fourty characters long.==This string is fourty characters long.==This string is fourty characters long.==This string is fourty characters long.==This string is fourty characters long.==This string is fourty characters long.==This string is fourty characters long.==This string is fourty characters long.==This string is fourty characters long.==This string is fourty characters long.==This string is fourty characters long.==This string is fourty characters long.==This string is fourty characters long.==This string is fourty characters long.==This string is fourty characters long.==This string is fourty characters long.==This string is fourty characters long.==This string is fourty characters long.=
aracters long.==This string is fourty characters long.==This string is fourty characters long.==This string is fourty characters long.==This string is fourty characters long.==This string is fourty characters long.==This string is fourty characters long.==This string is fourty characters long.==This string is fourty characters long.==This string is fourty characters long.==This string is fourty characters long.==This string is fourty characters long.==This string is fourty characters long.==This string is fourty characters long.==This string is fourty characters long.==This string is fourty characters long.==This string is fourty characters long.==This string is fourty characters long.==This string is fourty characters long.==This string is fourty characters long.==This string is fourty characters long.==This string is fourty characters long.==This string is fourty characters long.==This string is fourty characters long.==This string is fourty c, 3, 0) -> 3
write(/numbers/13.num, 3 bytes, @+0) -> 3
pages_get_node(1)
 -> success
get_dir_inum(1)
current dir->data in dirs list is numbers
pages_get_node(13)
 -> success
pages_get_node(13)
 -> success
get_dir_inum(13)
current dir->data in dirs list is 14.num
tree_lookup(/numbers/14.num) -> -2
getattr(/numbers/14.num) -> (-2) {mode: 0000, size: 0}
IN MAKE NODE
get_dir_path(/numbers)
pages_get_node(1)
 -> success
get_dir_inum(1)
current dir->data in dirs list is numbers
pages_get_node(13)
 -> success
pages_get_node(13)
 -> success
get_dir_inum(13)
tree_lookup(/numbers) -> 13
pages_get_node(13)
 -> success
get_dir_inum(13)
directory_lookup(dd, 14.num) -> -2
pages_get_empty_pg() -> 28
pages_get_node(27)
 -> success
init_inode(node, 100664)
storage_mknod(/numbers/14.num, 100664)
directory_put(dd, 14.num, 27) -> 0
mknod(/numbers/14.num, 100664) -> 0
pages_get_node(1)
 -> success
get_dir_inum(1)
current dir->data in dirs list is numbers
pages_get_node(13)
 -> success
pages_get_node(13)
 -> success
get_dir_inum(13)
current dir->data in dirs list is 14.num
pages_get_node(27)
 -> success
tree_lookup(/numbers/14.num) -> 27
storage_stat(/numbers/14.num)
getattr(/numbers/14.num) -> (0) {mode: 100664, size: 0}
access(/numbers/14.num, 0000) -> 0
open(/numbers/14.num) -> 0
ioctl(/numbers/14.num, 21505, ...) -> -1
pages_get_node(1)
 -> success
get_dir_inum(1)
current dir->data in dirs list is numbers
pages_get_node(13)
 -> success
pages_get_node(13)
 -> success
get_dir_inum(13)
current dir->data in dirs list is 14.num
pages_get_node(27)
 -> success
tree_lookup(/numbers/14.num) -> 27
storage_write(/numbers/14.num, 14
lo there
ng.==This string is fourty characters long.==This string is fourty characters long.==This string is fourty characters long.==This string is fourty characters long.==This string is fourty characters long.==This string is fourty characters long.==This string is fourty characters long.==This string is fourty characters long.==This string is fourty characters long.==This string is fourty characters long.==This string is fourty characters long.==This string is fourty characters long.==This string is fourty characters long.==This string is fourty characters long.==This string is fourty characters long.==This string is fourty characters long.==This string is fourty characters long.==This string is fourty characters long.==This string is fourty characters long.==This string is fourty characters long.==This string is fourty characters long.==This string is fourty characters long.==This string is fourty characters long.==This string is fourty characters long.==This string is fourty characters long.==This string is fourty characters long.==This string is fourty characters long.==This string is fourty characters long.==This string is fourty characters long.==This string is fourty characters long.==This string is fourty characters long.==This string is fourty characters long.==This string is fourty characters long.==This string is fourty characters long.==This string is fourty characters long.==This string is fourty characters long.==This string is fourty characters long.==This string is fourty characters long.==This string is fourty characters long.==This string is fourty characters long.==This string is fourty characters long.==This string is fourty characters long.==This string is fourty characters long.==This string is fourty characters long.==This string is fourty characters long.==This string is fourty characters long.==This string is fourty characters long.==This string is fourty characters long.==This string is fourty characters long.==This string is fourty characters long.==This string is fourty characters long.==This string is fourty characters long.==This string is fourty characters long.==This string is fourty characters long.==This string is fourty characters long.==This string is fourty characters long.==This string is fourty characters long.==This string is fourty characters long.==This string is fourty characters long.==This string is fourty characters long.==This string is fourty characters long.==This string is fourty characters long.==This string is fourty characters long.==This string is fourty characters long.==This string is fourty characters long.==This string is fourty characters long.==This string is fourty characters long.==This string is fourty characters long.==This string is fourty characters long.==This string is fourty characters long.==This string is fourty characters long.==This string is fourty characters long.==This string is fourty characters long.==This string is fourty characters long.==This string is fourty characters long.==This string is fourty characters long.==This string is fourty characters long.==This string is fourty characters long.=
aracters long.==This string is fourty characters long.==This string is fourty characters long.==This string is fourty characters long.==This string is fourty characters long.==This string is fourty characters long.==This string is fourty characters long.==This string is fourty characters long.==This string is fourty characters long.==This string is fourty characters long.==This string is fourty characters long.==This string is fourty characters long.==This string is fourty characters long.==This string is fourty characters long.==This string is fourty characters long.==This string is fourty characters long.==This string is fourty characters long.==This string is fourty characters long.==This string is fourty characters long.==This string is fourty characters long.==This string is fourty characters long.==This string is fourty characters long.==This string is fourty characters long.==This string is fourty characters long.==This string is fourty c, 3, 0) -> 3
write(/numbers/14.num, 3 bytes, @+0) -> 3
pages_get_node(1)
 -> success
get_dir_inum(1)
current dir->data in dirs list is numbers
pages_get_node(13)
 -> success
pages_get_node(13)
 -> success
get_dir_inum(13)
current dir->data in dirs list is 15.num
tree_lookup(/numbers/15.num) -> -2
getattr(/numbers/15.num) -> (-2) {mode: 0000, size: 0}
IN MAKE NODE
get_dir_path(/numbers)
pages_get_node(1)
 -> success
get_dir_inum(1)
current dir->data in dirs list is numbers
pages_get_node(13)
 -> success
pages_get_node(13)
 -> success
get_dir_inum(13)
tree_lookup(/numbers) -> 13
pages_get_node(13)
 -> success
get_dir_inum(13)
directory_lookup(dd, 15.num) -> -2
pages_get_empty_pg() -> 29
pages_get_node(28)
 -> success
init_inode(node, 100664)
storage_mknod(/numbers/15.num, 100664)
directory_put(dd, 15.num, 28) -> 0
mknod(/numbers/15.num, 100664) -> 0
pages_get_node(1)
 -> success
get_dir_inum(1)
current dir->data in dirs list is numbers
pages_get_node(13)
 -> success
pages_get_node(13)
 -> success
get_dir_inum(13)
current dir->data in dirs list is 15.num
pages_get_node(28)
 -> success
tree_lookup(/numbers/15.num) -> 28
storage_stat(/numbers/15.num)
getattr(/numbers/15.num) -> (0) {mode: 100664, size: 0}
access(/numbers/15.num, 0000) -> 0
open(/numbers/15.num) -> 0
ioctl(/numbers/15.num, 21505, ...) -> -1
pages_get_node(1)
 -> success
get_dir_inum(1)
current dir->data in dirs list is numbers
pages_get_node(13)
 -> success
pages_get_node(13)
 -> success
get_dir_inum(13)
current dir->data in dirs list is 15.num
pages_get_node(28)
 -> success
tree_lookup(/numbers/15.num) -> 28
storage_write(/numbers/15.num, 15
lo there
ng.==This string is fourty characters long.==This string is fourty characters long.==This string is fourty characters long.==This string is fourty characters long.==This string is fourty characters long.==This string is fourty characters long.==This string is fourty characters long.==This string is fourty characters long.==This string is fourty characters long.==This string is fourty characters long.==This string is fourty characters long.==This string is fourty characters long.==This string is fourty characters long.==This string is fourty characters long.==This string is fourty characters long.==This string is fourty characters long.==This string is fourty characters long.==This string is fourty characters long.==This string is fourty characters long.==This string is fourty characters long.==This string is fourty characters long.==This string is fourty characters long.==This string is fourty characters long.==This string is fourty characters long.==This string is fourty characters long.==This string is fourty characters long.==This string is fourty characters long.==This string is fourty characters long.==This string is fourty characters long.==This string is fourty characters long.==This string is fourty characters long.==This string is fourty characters long.==This string is fourty characters long.==This string is fourty characters long.==This string is fourty characters long.==This string is fourty characters long.==This string is fourty characters long.==This string is fourty characters long.==This string is fourty characters long.==This string is fourty characters long.==This string is fourty characters long.==This string is fourty characters long.==This string is fourty characters long.==This string is fourty characters long.==This string is fourty characters long.==This string is fourty characters long.==This string is fourty characters long.==This string is fourty characters long.==This string is fourty characters long.==This string is fourty characters long.==This string is fourty characters long.==This string is fourty characters long.==This string is fourty characters long.==This string is fourty characters long.==This string is fourty characters long.==This string is fourty characters long.==This string is fourty characters long.==This string is fourty characters long.==This string is fourty characters long.==This string is fourty characters long.==This string is fourty characters long.==This string is fourty characters long.==This string is fourty characters long.==This string is fourty characters long.==This string is fourty characters long.==This string is fourty characters long.==This string is fourty characters long.==This string is fourty characters long.==This string is fourty characters long.==This string is fourty characters long.==This string is fourty characters long.==This string is fourty characters long.==This string is fourty characters long.==This string is fourty characters long.==This string is fourty characters long.==This string is fourty characters long.==This string is fourty characters long.==This string is fourty characters long.=
aracters long.==This string is fourty characters long.==This string is fourty characters long.==This string is fourty characters long.==This string is fourty characters long.==This string is fourty characters long.==This string is fourty characters long.==This string is fourty characters long.==This string is fourty characters long.==This string is fourty characters long.==This string is fourty characters long.==This string is fourty characters long.==This string is fourty characters long.==This string is fourty characters long.==This string is fourty characters long.==This string is fourty characters long.==This string is fourty characters long.==This string is fourty characters long.==This string is fourty characters long.==This string is fourty characters long.==This string is fourty characters long.==This string is fourty characters long.==This string is fourty characters long.==This string is fourty characters long.==This string is fourty c, 3, 0) -> 3
write(/numbers/15.num, 3 bytes, @+0) -> 3
pages_get_node(1)
 -> success
get_dir_inum(1)
current dir->data in dirs list is numbers
pages_get_node(13)
 -> success
pages_get_node(13)
 -> success
get_dir_inum(13)
current dir->data in dirs list is 16.num
tree_lookup(/numbers/16.num) -> -2
getattr(/numbers/16.num) -> (-2) {mode: 0000, size: 0}
IN MAKE NODE
get_dir_path(/numbers)
pages_get_node(1)
 -> success
get_dir_inum(1)
current dir->data in dirs list is numbers
pages_get_node(13)
 -> success
pages_get_node(13)
 -> success
get_dir_inum(13)
tree_lookup(/numbers) -> 13
pages_get_node(13)
 -> success
get_dir_inum(13)
directory_lookup(dd, 16.num) -> -2
pages_get_empty_pg() -> 30
pages_get_node(29)
 -> success
init_inode(node, 100664)
storage_mknod(/numbers/16.num, 100664)
directory_put(dd, 16.num, 29) -> 0
mknod(/numbers/16.num, 100664) -> 0
pages_get_node(1)
 -> success
get_dir_inum(1)
current dir->data in dirs list is numbers
pages_get_node(13)
 -> success
pages_get_node(13)
 -> success
get_dir_inum(13)
current dir->data in dirs list is 16.num
pages_get_node(29)
 -> success
tree_lookup(/numbers/16.num) -> 29
storage_stat(/numbers/16.num)
getattr(/numbers/16.num) -> (0) {mode: 100664, size: 0}
access(/numbers/16.num, 0000) -> 0
open(/numbers/16.num) -> 0
ioctl(/numbers/16.num, 21505, ...) -> -1
pages_get_node(1)
 -> success
get_dir_inum(1)
current dir->data in dirs list is numbers
pages_get_node(13)
 -> success
pages_get_node(13)
 -> success
get_dir_inum(13)
current dir->data in dirs list is 16.num
pages_get_node(29)
 -> success
tree_lookup(/numbers/16.num) -> 29
storage_write(/numbers/16.num, 16
lo there
ng.==This string is fourty characters long.==This string is fourty characters long.==This string is fourty characters long.==This string is fourty characters long.==This string is fourty characters long.==This string is fourty characters long.==This string is fourty characters long.==This string is fourty characters long.==This string is fourty characters long.==This string is fourty characters long.==This string is fourty characters long.==This string is fourty characters long.==This string is fourty characters long.==This string is fourty characters long.==This string is fourty characters long.==This string is fourty characters long.==This string is fourty characters long.==This string is fourty characters long.==This string is fourty characters long.==This string is fourty characters long.==This string is fourty characters long.==This string is fourty characters long.==This string is fourty characters long.==This string is fourty characters long.==This string is fourty characters long.==This string is fourty characters long.==This string is fourty characters long.==This string is fourty characters long.==This string is fourty characters long.==This string is fourty characters long.==This string is fourty characters long.==This string is fourty characters long.==This string is fourty characters long.==This string is fourty characters long.==This string is fourty characters long.==This string is fourty characters long.==This string is fourty characters long.==This string is fourty characters long.==This string is fourty characters long.==This string is fourty characters long.==This string is fourty characters long.==This string is fourty characters long.==This string is fourty characters long.==This string is fourty characters long.==This string is fourty characters long.==This string is fourty characters long.==This string is fourty characters long.==This string is fourty characters long.==This string is fourty characters long.==This string is fourty characters long.==This string is fourty characters long.==This string is fourty characters long.==This string is fourty characters long.==This string is fourty characters long.==This string is fourty characters long.==This string is fourty characters long.==This string is fourty characters long.==This string is fourty characters long.==This string is fourty characters long.==This string is fourty characters long.==This string is fourty characters long.==This string is fourty characters long.==This string is fourty characters long.==This string is fourty characters long.==This string is fourty characters long.==This string is fourty characters long.==This string is fourty characters long.==This string is fourty characters long.==This string is fourty characters long.==This string is fourty characters long.==This string is fourty characters long.==This string is fourty characters long.==This string is fourty characters long.==This string is fourty characters long.==This string is fourty characters long.==This string is fourty characters long.==This string is fourty characters long.==This string is fourty characters long.=
aracters long.==This string is fourty characters long.==This string is fourty characters long.==This string is fourty characters long.==This string is fourty characters long.==This string is fourty characters long.==This string is fourty characters long.==This string is fourty characters long.==This string is fourty characters long.==This string is fourty characters long.==This string is fourty characters long.==This string is fourty characters long.==This string is fourty characters long.==This string is fourty characters long.==This string is fourty characters long.==This string is fourty characters long.==This string is fourty characters long.==This string is fourty characters long.==This string is fourty characters long.==This string is fourty characters long.==This string is fourty characters long.==This string is fourty characters long.==This string is fourty characters long.==This string is fourty characters long.==This string is fourty c, 3, 0) -> 3
write(/numbers/16.num, 3 bytes, @+0) -> 3
pages_get_node(1)
 -> success
get_dir_inum(1)
current dir->data in dirs list is numbers
pages_get_node(13)
 -> success
pages_get_node(13)
 -> success
get_dir_inum(13)
current dir->data in dirs list is 17.num
tree_lookup(/numbers/17.num) -> -2
getattr(/numbers/17.num) -> (-2) {mode: 0000, size: 0}
IN MAKE NODE
get_dir_path(/numbers)
pages_get_node(1)
 -> success
get_dir_inum(1)
current dir->data in dirs list is numbers
pages_get_node(13)
 -> success
pages_get_node(13)
 -> success
get_dir_inum(13)
tree_lookup(/numbers) -> 13
pages_get_node(13)
 -> success
get_dir_inum(13)
directory_lookup(dd, 17.num) -> -2
pages_get_empty_pg() -> 31
pages_get_node(30)
 -> success
init_inode(node, 100664)
storage_mknod(/numbers/17.num, 100664)
directory_put(dd, 17.num, 30) -> 0
mknod(/numbers/17.num, 100664) -> 0
pages_get_node(1)
 -> success
get_dir_inum(1)
current dir->data in dirs list is numbers
pages_get_node(13)
 -> success
pages_get_node(13)
 -> success
get_dir_inum(13)
current dir->data in dirs list is 17.num
pages_get_node(30)
 -> success
tree_lookup(/numbers/17.num) -> 30
storage_stat(/numbers/17.num)
getattr(/numbers/17.num) -> (0) {mode: 100664, size: 0}
access(/numbers/17.num, 0000) -> 0
open(/numbers/17.num) -> 0
ioctl(/numbers/17.num, 21505, ...) -> -1
pages_get_node(1)
 -> success
get_dir_inum(1)
current dir->data in dirs list is numbers
pages_get_node(13)
 -> success
pages_get_node(13)
 -> success
get_dir_inum(13)
current dir->data in dirs list is 17.num
pages_get_node(30)
 -> success
tree_lookup(/numbers/17.num) -> 30
storage_write(/numbers/17.num, 17
lo there
ng.==This string is fourty characters long.==This string is fourty characters long.==This string is fourty characters long.==This string is fourty characters long.==This string is fourty characters long.==This string is fourty characters long.==This string is fourty characters long.==This string is fourty characters long.==This string is fourty characters long.==This string is fourty characters long.==This string is fourty characters long.==This string is fourty characters long.==This string is fourty characters long.==This string is fourty characters long.==This string is fourty characters long.==This string is fourty characters long.==This string is fourty characters long.==This string is fourty characters long.==This string is fourty characters long.==This string is fourty characters long.==This string is fourty characters long.==This string is fourty characters long.==This string is fourty characters long.==This string is fourty characters long.==This string is fourty characters long.==This string is fourty characters long.==This string is fourty characters long.==This string is fourty characters long.==This string is fourty characters long.==This string is fourty characters long.==This string is fourty characters long.==This string is fourty characters long.==This string is fourty characters long.==This string is fourty characters long.==This string is fourty characters long.==This string is fourty characters long.==This string is fourty characters long.==This string is fourty characters long.==This string is fourty characters long.==This string is fourty characters long.==This string is fourty characters long.==This string is fourty characters long.==This string is fourty characters long.==This string is fourty characters long.==This string is fourty characters long.==This string is fourty characters long.==This string is fourty characters long.==This string is fourty characters long.==This string is fourty characters long.==This string is fourty characters long.==This string is fourty characters long.==This string is fourty characters long.==This string is fourty characters long.==This string is fourty characters long.==This string is fourty characters long.==This string is fourty characters long.==This string is fourty characters long.==This string is fourty characters long.==This string is fourty characters long.==This string is fourty characters long.==This string is fourty characters long.==This string is fourty characters long.==This string is fourty characters long.==This string is fourty characters long.==This string is fourty characters long.==This string is fourty characters long.==This string is fourty characters long.==This string is fourty characters long.==This string is fourty characters long.==This string is fourty characters long.==This string is fourty characters long.==This string is fourty characters long.==This string is fourty characters long.==This string is fourty characters long.==This string is fourty characters long.==This string is fourty characters long.==This string is fourty characters long.==This string is fourty characters long.=
aracters long.==This string is fourty characters long.==This string is fourty characters long.==This string is fourty characters long.==This string is fourty characters long.==This string is fourty characters long.==This string is fourty characters long.==This string is fourty characters long.==This string is fourty characters long.==This string is fourty characters long.==This string is fourty characters long.==This string is fourty characters long.==This string is fourty characters long.==This string is fourty characters long.==This string is fourty characters long.==This string is fourty characters long.==This string is fourty characters long.==This string is fourty characters long.==This string is fourty characters long.==This string is fourty characters long.==This string is fourty characters long.==This string is fourty characters long.==This string is fourty characters long.==This string is fourty characters long.==This string is fourty c, 3, 0) -> 3
write(/numbers/17.num, 3 bytes, @+0) -> 3
pages_get_node(1)
 -> success
get_dir_inum(1)
current dir->data in dirs list is numbers
pages_get_node(13)
 -> success
pages_get_node(13)
 -> success
get_dir_inum(13)
current dir->data in dirs list is 18.num
tree_lookup(/numbers/18.num) -> -2
getattr(/numbers/18.num) -> (-2) {mode: 0000, size: 0}
IN MAKE NODE
get_dir_path(/numbers)
pages_get_node(1)
 -> success
get_dir_inum(1)
current dir->data in dirs list is numbers
pages_get_node(13)
 -> success
pages_get_node(13)
 -> success
get_dir_inum(13)
tree_lookup(/numbers) -> 13
pages_get_node(13)
 -> success
get_dir_inum(13)
directory_lookup(dd, 18.num) -> -2
pages_get_empty_pg() -> 32
pages_get_node(31)
 -> success
init_inode(node, 100664)
storage_mknod(/numbers/18.num, 100664)
directory_put(dd, 18.num, 31) -> 0
mknod(/numbers/18.num, 100664) -> 0
pages_get_node(1)
 -> success
get_dir_inum(1)
current dir->data in dirs list is numbers
pages_get_node(13)
 -> success
pages_get_node(13)
 -> success
get_dir_inum(13)
current dir->data in dirs list is 18.num
pages_get_node(31)
 -> success
tree_lookup(/numbers/18.num) -> 31
storage_stat(/numbers/18.num)
getattr(/numbers/18.num) -> (0) {mode: 100664, size: 0}
access(/numbers/18.num, 0000) -> 0
open(/numbers/18.num) -> 0
ioctl(/numbers/18.num, 21505, ...) -> -1
pages_get_node(1)
 -> success
get_dir_inum(1)
current dir->data in dirs list is numbers
pages_get_node(13)
 -> success
pages_get_node(13)
 -> success
get_dir_inum(13)
current dir->data in dirs list is 18.num
pages_get_node(31)
 -> success
tree_lookup(/numbers/18.num) -> 31
storage_write(/numbers/18.num, 18
lo there
ng.==This string is fourty characters long.==This string is fourty characters long.==This string is fourty characters long.==This string is fourty characters long.==This string is fourty characters long.==This string is fourty characters long.==This string is fourty characters long.==This string is fourty characters long.==This string is fourty characters long.==This string is fourty characters long.==This string is fourty characters long.==This string is fourty characters long.==This string is fourty characters long.==This string is fourty characters long.==This string is fourty characters long.==This string is fourty characters long.==This string is fourty characters long.==This string is fourty characters long.==This string is fourty characters long.==This string is fourty characters long.==This string is fourty characters long.==This string is fourty characters long.==This string is fourty characters long.==This string is fourty characters long.==This string is fourty characters long.==This string is fourty characters long.==This string is fourty characters long.==This string is fourty characters long.==This string is fourty characters long.==This string is fourty characters long.==This string is fourty characters long.==This string is fourty characters long.==This string is fourty characters long.==This string is fourty characters long.==This string is fourty characters long.==This string is fourty characters long.==This string is fourty characters long.==This string is fourty characters long.==This string is fourty characters long.==This string is fourty characters long.==This string is fourty characters long.==This string is fourty characters long.==This string is fourty characters long.==This string is fourty characters long.==This string is fourty characters long.==This string is fourty characters long.==This string is fourty characters long.==This string is fourty characters long.==This string is fourty characters long.==This string is fourty characters long.==This string is fourty characters long.==This string is fourty characters long.==This string is fourty characters long.==This string is fourty characters long.==This string is fourty characters long.==This string is fourty characters long.==This string is fourty characters long.==This string is fourty characters long.==This string is fourty characters long.==This string is fourty characters long.==This string is fourty characters long.==This string is fourty characters long.==This string is fourty characters long.==This string is fourty characters long.==This string is fourty characters long.==This string is fourty characters long.==This string is fourty characters long.==This string is fourty characters long.==This string is fourty characters long.==This string is fourty characters long.==This string is fourty characters long.==This string is fourty characters long.==This string is fourty characters long.==This string is fourty characters long.==This string is fourty characters long.==This string is fourty characters long.==This string is fourty characters long.==This string is fourty characters long.=
aracters long.==This string is fourty characters long.==This string is fourty characters long.==This string is fourty characters long.==This string is fourty characters long.==This string is fourty characters long.==This string is fourty characters long.==This string is fourty characters long.==This string is fourty characters long.==This string is fourty characters long.==This string is fourty characters long.==This string is fourty characters long.==This string is fourty characters long.==This string is fourty characters long.==This string is fourty characters long.==This string is fourty characters long.==This string is fourty characters long.==This string is fourty characters long.==This string is fourty characters long.==This string is fourty characters long.==This string is fourty characters long.==This string is fourty characters long.==This string is fourty characters long.==This string is fourty characters long.==This string is fourty c, 3, 0) -> 3
write(/numbers/18.num, 3 bytes, @+0) -> 3
pages_get_node(1)
 -> success
get_dir_inum(1)
current dir->data in dirs list is numbers
pages_get_node(13)
 -> success
pages_get_node(13)
 -> success
get_dir_inum(13)
current dir->data in dirs list is 19.num
tree_lookup(/numbers/19.num) -> -2
getattr(/numbers/19.num) -> (-2) {mode: 0000, size: 0}
IN MAKE NODE
get_dir_path(/numbers)
pages_get_node(1)
 -> success
get_dir_inum(1)
current dir->data in dirs list is numbers
pages_get_node(13)
 -> success
pages_get_node(13)
 -> success
get_dir_inum(13)
tree_lookup(/numbers) -> 13
pages_get_node(13)
 -> success
get_dir_inum(13)
directory_lookup(dd, 19.num) -> -2
pages_get_empty_pg() -> 33
pages_get_node(32)
 -> success
init_inode(node, 100664)
storage_mknod(/numbers/19.num, 100664)
directory_put(dd, 19.num, 32) -> 0
mknod(/numbers/19.num, 100664) -> 0
pages_get_node(1)
 -> success
get_dir_inum(1)
current dir->data in dirs list is numbers
pages_get_node(13)
 -> success
pages_get_node(13)
 -> success
get_dir_inum(13)
current dir->data in dirs list is 19.num
pages_get_node(32)
 -> success
tree_lookup(/numbers/19.num) -> 32
storage_stat(/numbers/19.num)
getattr(/numbers/19.num) -> (0) {mode: 100664, size: 0}
access(/numbers/19.num, 0000) -> 0
open(/numbers/19.num) -> 0
ioctl(/numbers/19.num, 21505, ...) -> -1
pages_get_node(1)
 -> success
get_dir_inum(1)
current dir->data in dirs list is numbers
pages_get_node(13)
 -> success
pages_get_node(13)
 -> success
get_dir_inum(13)
current dir->data in dirs list is 19.num
pages_get_node(32)
 -> success
tree_lookup(/numbers/19.num) -> 32
storage_write(/numbers/19.num, 19
lo there
ng.==This string is fourty characters long.==This string is fourty characters long.==This string is fourty characters long.==This string is fourty characters long.==This string is fourty characters long.==This string is fourty characters long.==This string is fourty characters long.==This string is fourty characters long.==This string is fourty characters long.==This string is fourty characters long.==This string is fourty characters long.==This string is fourty characters long.==This string is fourty characters long.==This string is fourty characters long.==This string is fourty characters long.==This string is fourty characters long.==This string is fourty characters long.==This string is fourty characters long.==This string is fourty characters long.==This string is fourty characters long.==This string is fourty characters long.==This string is fourty characters long.==This string is fourty characters long.==This string is fourty characters long.==This string is fourty characters long.==This string is fourty characters long.==This string is fourty characters long.==This string is fourty characters long.==This string is fourty characters long.==This string is fourty characters long.==This string is fourty characters long.==This string is fourty characters long.==This string is fourty characters long.==This string is fourty characters long.==This string is fourty characters long.==This string is fourty characters long.==This string is fourty characters long.==This string is fourty characters long.==This string is fourty characters long.==This string is fourty characters long.==This string is fourty characters long.==This string is fourty characters long.==This string is fourty characters long.==This string is fourty characters long.==This string is fourty characters long.==This string is fourty characters long.==This string is fourty characters long.==This string is fourty characters long.==This string is fourty characters long.==This string is fourty characters long.==This string is fourty characters long.==This string is fourty characters long.==This string is fourty characters long.==This string is fourty characters long.==This string is fourty characters long.==This string is fourty characters long.==This string is fourty characters long.==This string is fourty characters long.==This string is fourty characters long.==This string is fourty characters long.==This string is fourty characters long.==This string is fourty characters long.==This string is fourty characters long.==This string is fourty characters long.==This string is fourty characters long.==This string is fourty characters long.==This string is fourty characters long.==This string is fourty characters long.==This string is fourty characters long.==This string is fourty characters long.==This string is fourty characters long.==This string is fourty characters long.==This string is fourty characters long.==This string is fourty characters long.==This string is fourty characters long.==This string is fourty characters long.==This string is fourty characters long.==This string is fourty characters long.=
aracters long.==This string is fourty characters long.==This string is fourty characters long.==This string is fourty characters long.==This string is fourty characters long.==This string is fourty characters long.==This string is fourty characters long.==This string is fourty characters long.==This string is fourty characters long.==This string is fourty characters long.==This string is fourty characters long.==This string is fourty characters long.==This string is fourty characters long.==This string is fourty characters long.==This string is fourty characters long.==This string is fourty characters long.==This string is fourty characters long.==This string is fourty characters long.==This string is fourty characters long.==This string is fourty characters long.==This string is fourty characters long.==This string is fourty characters long.==This string is fourty characters long.==This string is fourty characters long.==This string is fourty c, 3, 0) -> 3
write(/numbers/19.num, 3 bytes, @+0) -> 3
pages_get_node(1)
 -> success
get_dir_inum(1)
current dir->data in dirs list is numbers
pages_get_node(13)
 -> success
pages_get_node(13)
 -> success
get_dir_inum(13)
current dir->data in dirs list is 20.num
tree_lookup(/numbers/20.num) -> -2
getattr(/numbers/20.num) -> (-2) {mode: 0000, size: 0}
IN MAKE NODE
get_dir_path(/numbers)
pages_get_node(1)
 -> success
get_dir_inum(1)
current dir->data in dirs list is numbers
pages_get_node(13)
 -> success
pages_get_node(13)
 -> success
get_dir_inum(13)
tree_lookup(/numbers) -> 13
pages_get_node(13)
 -> success
get_dir_inum(13)
directory_lookup(dd, 20.num) -> -2
pages_get_empty_pg() -> 34
pages_get_node(33)
 -> success
init_inode(node, 100664)
storage_mknod(/numbers/20.num, 100664)
directory_put(dd, 20.num, 33) -> 0
mknod(/numbers/20.num, 100664) -> 0
pages_get_node(1)
 -> success
get_dir_inum(1)
current dir->data in dirs list is numbers
pages_get_node(13)
 -> success
pages_get_node(13)
 -> success
get_dir_inum(13)
current dir->data in dirs list is 20.num
pages_get_node(33)
 -> success
tree_lookup(/numbers/20.num) -> 33
storage_stat(/numbers/20.num)
getattr(/numbers/20.num) -> (0) {mode: 100664, size: 0}
access(/numbers/20.num, 0000) -> 0
open(/numbers/20.num) -> 0
ioctl(/numbers/20.num, 21505, ...) -> -1
pages_get_node(1)
 -> success
get_dir_inum(1)
current dir->data in dirs list is numbers
pages_get_node(13)
 -> success
pages_get_node(13)
 -> success
get_dir_inum(13)
current dir->data in dirs list is 20.num
pages_get_node(33)
 -> success
tree_lookup(/numbers/20.num) -> 33
storage_write(/numbers/20.num, 20
lo there
ng.==This string is fourty characters long.==This string is fourty characters long.==This string is fourty characters long.==This string is fourty characters long.==This string is fourty characters long.==This string is fourty characters long.==This string is fourty characters long.==This string is fourty characters long.==This string is fourty characters long.==This string is fourty characters long.==This string is fourty characters long.==This string is fourty characters long.==This string is fourty characters long.==This string is fourty characters long.==This string is fourty characters long.==This string is fourty characters long.==This string is fourty characters long.==This string is fourty characters long.==This string is fourty characters long.==This string is fourty characters long.==This string is fourty characters long.==This string is fourty characters long.==This string is fourty characters long.==This string is fourty characters long.==This string is fourty characters long.==This string is fourty characters long.==This string is fourty characters long.==This string is fourty characters long.==This string is fourty characters long.==This string is fourty characters long.==This string is fourty characters long.==This string is fourty characters long.==This string is fourty characters long.==This string is fourty characters long.==This string is fourty characters long.==This string is fourty characters long.==This string is fourty characters long.==This string is fourty characters long.==This string is fourty characters long.==This string is fourty characters long.==This string is fourty characters long.==This string is fourty characters long.==This string is fourty characters long.==This string is fourty characters long.==This string is fourty characters long.==This string is fourty characters long.==This string is fourty characters long.==This string is fourty characters long.==This string is fourty characters long.==This string is fourty characters long.==This string is fourty characters long.==This string is fourty characters long.==This string is fourty characters long.==This string is fourty characters long.==This string is fourty characters long.==This string is fourty characters long.==This string is fourty characters long.==This string is fourty characters long.==This string is fourty characters long.==This string is fourty characters long.==This string is fourty characters long.==This string is fourty characters long.==This string is fourty characters long.==This string is fourty characters long.==This string is fourty characters long.==This string is fourty characters long.==This string is fourty characters long.==This string is fourty characters long.==This string is fourty characters long.==This string is fourty characters long.==This string is fourty characters long.==This string is fourty characters long.==This string is fourty characters long.==This string is fourty characters long.==This string is fourty characters long.==This string is fourty characters long.==This string is fourty characters long.==This string is fourty characters long.=
aracters long.==This string is fourty characters long.==This string is fourty characters long.==This string is fourty characters long.==This string is fourty characters long.==This string is fourty characters long.==This string is fourty characters long.==This string is fourty characters long.==This string is fourty characters long.==This string is fourty characters long.==This string is fourty characters long.==This string is fourty characters long.==This string is fourty characters long.==This string is fourty characters long.==This string is fourty characters long.==This string is fourty characters long.==This string is fourty characters long.==This string is fourty characters long.==This string is fourty characters long.==This string is fourty characters long.==This string is fourty characters long.==This string is fourty characters long.==This string is fourty characters long.==This string is fourty characters long.==This string is fourty c, 3, 0) -> 3
write(/numbers/20.num, 3 bytes, @+0) -> 3
pages_get_node(1)
 -> success
get_dir_inum(1)
current dir->data in dirs list is numbers
pages_get_node(13)
 -> success
pages_get_node(13)
 -> success
get_dir_inum(13)
current dir->data in dirs list is 21.num
tree_lookup(/numbers/21.num) -> -2
getattr(/numbers/21.num) -> (-2) {mode: 0000, size: 0}
IN MAKE NODE
get_dir_path(/numbers)
pages_get_node(1)
 -> success
get_dir_inum(1)
current dir->data in dirs list is numbers
pages_get_node(13)
 -> success
pages_get_node(13)
 -> success
get_dir_inum(13)
tree_lookup(/numbers) -> 13
pages_get_node(13)
 -> success
get_dir_inum(13)
directory_lookup(dd, 21.num) -> -2
pages_get_empty_pg() -> 35
pages_get_node(34)
 -> success
init_inode(node, 100664)
storage_mknod(/numbers/21.num, 100664)
directory_put(dd, 21.num, 34) -> 0
mknod(/numbers/21.num, 100664) -> 0
pages_get_node(1)
 -> success
get_dir_inum(1)
current dir->data in dirs list is numbers
pages_get_node(13)
 -> success
pages_get_node(13)
 -> success
get_dir_inum(13)
current dir->data in dirs list is 21.num
pages_get_node(34)
 -> success
tree_lookup(/numbers/21.num) -> 34
storage_stat(/numbers/21.num)
getattr(/numbers/21.num) -> (0) {mode: 100664, size: 0}
access(/numbers/21.num, 0000) -> 0
open(/numbers/21.num) -> 0
ioctl(/numbers/21.num, 21505, ...) -> -1
pages_get_node(1)
 -> success
get_dir_inum(1)
current dir->data in dirs list is numbers
pages_get_node(13)
 -> success
pages_get_node(13)
 -> success
get_dir_inum(13)
current dir->data in dirs list is 21.num
pages_get_node(34)
 -> success
tree_lookup(/numbers/21.num) -> 34
storage_write(/numbers/21.num, 21
lo there
ng.==This string is fourty characters long.==This string is fourty characters long.==This string is fourty characters long.==This string is fourty characters long.==This string is fourty characters long.==This string is fourty characters long.==This string is fourty characters long.==This string is fourty characters long.==This string is fourty characters long.==This string is fourty characters long.==This string is fourty characters long.==This string is fourty characters long.==This string is fourty characters long.==This string is fourty characters long.==This string is fourty characters long.==This string is fourty characters long.==This string is fourty characters long.==This string is fourty characters long.==This string is fourty characters long.==This string is fourty characters long.==This string is fourty characters long.==This string is fourty characters long.==This string is fourty characters long.==This string is fourty characters long.==This string is fourty characters long.==This string is fourty characters long.==This string is fourty characters long.==This string is fourty characters long.==This string is fourty characters long.==This string is fourty characters long.==This string is fourty characters long.==This string is fourty characters long.==This string is fourty characters long.==This string is fourty characters long.==This string is fourty characters long.==This string is fourty characters long.==This string is fourty characters long.==This string is fourty characters long.==This string is fourty characters long.==This string is fourty characters long.==This string is fourty characters long.==This string is fourty characters long.==This string is fourty characters long.==This string is fourty characters long.==This string is fourty characters long.==This string is fourty characters long.==This string is fourty characters long.==This string is fourty characters long.==This string is fourty characters long.==This string is fourty characters long.==This string is fourty characters long.==This string is fourty characters long.==This string is fourty characters long.==This string is fourty characters long.==This string is fourty characters long.==This string is fourty characters long.==This string is fourty characters long.==This string is fourty characters long.==This string is fourty characters long.==This string is fourty characters long.==This string is fourty characters long.==This string is fourty characters long.==This string is fourty characters long.==This string is fourty characters long.==This string is fourty characters long.==This string is fourty characters long.==This string is fourty characters long.==This string is fourty characters long.==This string is fourty characters long.==This string is fourty characters long.==This string is fourty characters long.==This string is fourty characters long.==This string is fourty characters long.==This string is fourty characters long.==This string is fourty characters long.==This string is fourty characters long.==This string is fourty characters long.==This string is fourty characters long.=
aracters long.==This string is fourty characters long.==This string is fourty characters long.==This string is fourty characters long.==This string is fourty characters long.==This string is fourty characters long.==This string is fourty characters long.==This string is fourty characters long.==This string is fourty characters long.==This string is fourty characters long.==This string is fourty characters long.==This string is fourty characters long.==This string is fourty characters long.==This string is fourty characters long.==This string is fourty characters long.==This string is fourty characters long.==This string is fourty characters long.==This string is fourty characters long.==This string is fourty characters long.==This string is fourty characters long.==This string is fourty characters long.==This string is fourty characters long.==This string is fourty characters long.==This string is fourty characters long.==This string is fourty c, 3, 0) -> 3
write(/numbers/21.num, 3 bytes, @+0) -> 3
pages_get_node(1)
 -> success
get_dir_inum(1)
current dir->data in dirs list is numbers
pages_get_node(13)
 -> success
pages_get_node(13)
 -> success
get_dir_inum(13)
current dir->data in dirs list is 22.num
tree_lookup(/numbers/22.num) -> -2
getattr(/numbers/22.num) -> (-2) {mode: 0000, size: 0}
IN MAKE NODE
get_dir_path(/numbers)
pages_get_node(1)
 -> success
get_dir_inum(1)
current dir->data in dirs list is numbers
pages_get_node(13)
 -> success
pages_get_node(13)
 -> success
get_dir_inum(13)
tree_lookup(/numbers) -> 13
pages_get_node(13)
 -> success
get_dir_inum(13)
directory_lookup(dd, 22.num) -> -2
pages_get_empty_pg() -> 36
pages_get_node(35)
 -> success
init_inode(node, 100664)
storage_mknod(/numbers/22.num, 100664)
directory_put(dd, 22.num, 35) -> 0
mknod(/numbers/22.num, 100664) -> 0
pages_get_node(1)
 -> success
get_dir_inum(1)
current dir->data in dirs list is numbers
pages_get_node(13)
 -> success
pages_get_node(13)
 -> success
get_dir_inum(13)
current dir->data in dirs list is 22.num
pages_get_node(35)
 -> success
tree_lookup(/numbers/22.num) -> 35
storage_stat(/numbers/22.num)
getattr(/numbers/22.num) -> (0) {mode: 100664, size: 0}
access(/numbers/22.num, 0000) -> 0
open(/numbers/22.num) -> 0
ioctl(/numbers/22.num, 21505, ...) -> -1
pages_get_node(1)
 -> success
get_dir_inum(1)
current dir->data in dirs list is numbers
pages_get_node(13)
 -> success
pages_get_node(13)
 -> success
get_dir_inum(13)
current dir->data in dirs list is 22.num
pages_get_node(35)
 -> success
tree_lookup(/numbers/22.num) -> 35
storage_write(/numbers/22.num, 22
lo there
ng.==This string is fourty characters long.==This string is fourty characters long.==This string is fourty characters long.==This string is fourty characters long.==This string is fourty characters long.==This string is fourty characters long.==This string is fourty characters long.==This string is fourty characters long.==This string is fourty characters long.==This string is fourty characters long.==This string is fourty characters long.==This string is fourty characters long.==This string is fourty characters long.==This string is fourty characters long.==This string is fourty characters long.==This string is fourty characters long.==This string is fourty characters long.==This string is fourty characters long.==This string is fourty characters long.==This string is fourty characters long.==This string is fourty characters long.==This string is fourty characters long.==This string is fourty characters long.==This string is fourty characters long.==This string is fourty characters long.==This string is fourty characters long.==This string is fourty characters long.==This string is fourty characters long.==This string is fourty characters long.==This string is fourty characters long.==This string is fourty characters long.==This string is fourty characters long.==This string is fourty characters long.==This string is fourty characters long.==This string is fourty characters long.==This string is fourty characters long.==This string is fourty characters long.==This string is fourty characters long.==This string is fourty characters long.==This string is fourty characters long.==This string is fourty characters long.==This string is fourty characters long.==This string is fourty characters long.==This string is fourty characters long.==This string is fourty characters long.==This string is fourty characters long.==This string is fourty characters long.==This string is fourty characters long.==This string is fourty characters long.==This string is fourty characters long.==This string is fourty characters long.==This string is fourty characters long.==This string is fourty characters long.==This string is fourty characters long.==This string is fourty characters long.==This string is fourty characters long.==This string is fourty characters long.==This string is fourty characters long.==This string is fourty characters long.==This string is fourty characters long.==This string is fourty characters long.==This string is fourty characters long.==This string is fourty characters long.==This string is fourty characters long.==This string is fourty characters long.==This string is fourty characters long.==This string is fourty characters long.==This string is fourty characters long.==This string is fourty characters long.==This string is fourty characters long.==This string is fourty characters long.==This string is fourty characters long.==This string is fourty characters long.==This string is fourty characters long.==This string is fourty characters long.==This string is fourty characters long.==This string is fourty characters long.==This string is fourty characters long.=
aracters long.==This string is fourty characters long.==This string is fourty characters long.==This string is fourty characters long.==This string is fourty characters long.==This string is fourty characters long.==This string is fourty characters long.==This string is fourty characters long.==This string is fourty characters long.==This string is fourty characters long.==This string is fourty characters long.==This string is fourty characters long.==This string is fourty characters long.==This string is fourty characters long.==This string is fourty characters long.==This string is fourty characters long.==This string is fourty characters long.==This string is fourty characters long.==This string is fourty characters long.==This string is fourty characters long.==This string is fourty characters long.==This string is fourty characters long.==This string is fourty characters long.==This string is fourty characters long.==This string is fourty c, 3, 0) -> 3
write(/numbers/22.num, 3 bytes, @+0) -> 3
pages_get_node(1)
 -> success
get_dir_inum(1)
current dir->data in dirs list is numbers
pages_get_node(13)
 -> success
pages_get_node(13)
 -> success
get_dir_inum(13)
current dir->data in dirs list is 23.num
tree_lookup(/numbers/23.num) -> -2
getattr(/numbers/23.num) -> (-2) {mode: 0000, size: 0}
IN MAKE NODE
get_dir_path(/numbers)
pages_get_node(1)
 -> success
get_dir_inum(1)
current dir->data in dirs list is numbers
pages_get_node(13)
 -> success
pages_get_node(13)
 -> success
get_dir_inum(13)
tree_lookup(/numbers) -> 13
pages_get_node(13)
 -> success
get_dir_inum(13)
directory_lookup(dd, 23.num) -> -2
pages_get_empty_pg() -> 37
pages_get_node(36)
 -> success
init_inode(node, 100664)
storage_mknod(/numbers/23.num, 100664)
directory_put(dd, 23.num, 36) -> 0
mknod(/numbers/23.num, 100664) -> 0
pages_get_node(1)
 -> success
get_dir_inum(1)
current dir->data in dirs list is numbers
pages_get_node(13)
 -> success
pages_get_node(13)
 -> success
get_dir_inum(13)
current dir->data in dirs list is 23.num
pages_get_node(36)
 -> success
tree_lookup(/numbers/23.num) -> 36
storage_stat(/numbers/23.num)
getattr(/numbers/23.num) -> (0) {mode: 100664, size: 0}
access(/numbers/23.num, 0000) -> 0
open(/numbers/23.num) -> 0
ioctl(/numbers/23.num, 21505, ...) -> -1
pages_get_node(1)
 -> success
get_dir_inum(1)
current dir->data in dirs list is numbers
pages_get_node(13)
 -> success
pages_get_node(13)
 -> success
get_dir_inum(13)
current dir->data in dirs list is 23.num
pages_get_node(36)
 -> success
tree_lookup(/numbers/23.num) -> 36
storage_write(/numbers/23.num, 23
lo there
ng.==This string is fourty characters long.==This string is fourty characters long.==This string is fourty characters long.==This string is fourty characters long.==This string is fourty characters long.==This string is fourty characters long.==This string is fourty characters long.==This string is fourty characters long.==This string is fourty characters long.==This string is fourty characters long.==This string is fourty characters long.==This string is fourty characters long.==This string is fourty characters long.==This string is fourty characters long.==This string is fourty characters long.==This string is fourty characters long.==This string is fourty characters long.==This string is fourty characters long.==This string is fourty characters long.==This string is fourty characters long.==This string is fourty characters long.==This string is fourty characters long.==This string is fourty characters long.==This string is fourty characters long.==This string is fourty characters long.==This string is fourty characters long.==This string is fourty characters long.==This string is fourty characters long.==This string is fourty characters long.==This string is fourty characters long.==This string is fourty characters long.==This string is fourty characters long.==This string is fourty characters long.==This string is fourty characters long.==This string is fourty characters long.==This string is fourty characters long.==This string is fourty characters long.==This string is fourty characters long.==This string is fourty characters long.==This string is fourty characters long.==This string is fourty characters long.==This string is fourty characters long.==This string is fourty characters long.==This string is fourty characters long.==This string is fourty characters long.==This string is fourty characters long.==This string is fourty characters long.==This string is fourty characters long.==This string is fourty characters long.==This string is fourty characters long.==This string is fourty characters long.==This string is fourty characters long.==This string is fourty characters long.==This string is fourty characters long.==This string is fourty characters long.==This string is fourty characters long.==This string is fourty characters long.==This string is fourty characters long.==This string is fourty characters long.==This string is fourty characters long.==This string is fourty characters long.==This string is fourty characters long.==This string is fourty characters long.==This string is fourty characters long.==This string is fourty characters long.==This string is fourty characters long.==This string is fourty characters long.==This string is fourty characters long.==This string is fourty characters long.==This string is fourty characters long.==This string is fourty characters long.==This string is fourty characters long.==This string is fourty characters long.==This string is fourty characters long.==This string is fourty characters long.==This string is fourty characters long.==This string is fourty characters long.==This string is fourty characters long.=
aracters long.==This string is fourty characters long.==This string is fourty characters long.==This string is fourty characters long.==This string is fourty characters long.==This string is fourty characters long.==This string is fourty characters long.==This string is fourty characters long.==This string is fourty characters long.==This string is fourty characters long.==This string is fourty characters long.==This string is fourty characters long.==This string is fourty characters long.==This string is fourty characters long.==This string is fourty characters long.==This string is fourty characters long.==This string is fourty characters long.==This string is fourty characters long.==This string is fourty characters long.==This string is fourty characters long.==This string is fourty characters long.==This string is fourty characters long.==This string is fourty characters long.==This string is fourty characters long.==This string is fourty c, 3, 0) -> 3
write(/numbers/23.num, 3 bytes, @+0) -> 3
pages_get_node(1)
 -> success
get_dir_inum(1)
current dir->data in dirs list is numbers
pages_get_node(13)
 -> success
pages_get_node(13)
 -> success
get_dir_inum(13)
current dir->data in dirs list is 24.num
tree_lookup(/numbers/24.num) -> -2
getattr(/numbers/24.num) -> (-2) {mode: 0000, size: 0}
IN MAKE NODE
get_dir_path(/numbers)
pages_get_node(1)
 -> success
get_dir_inum(1)
current dir->data in dirs list is numbers
pages_get_node(13)
 -> success
pages_get_node(13)
 -> success
get_dir_inum(13)
tree_lookup(/numbers) -> 13
pages_get_node(13)
 -> success
get_dir_inum(13)
directory_lookup(dd, 24.num) -> -2
pages_get_empty_pg() -> 38
pages_get_node(37)
 -> success
init_inode(node, 100664)
storage_mknod(/numbers/24.num, 100664)
directory_put(dd, 24.num, 37) -> 0
mknod(/numbers/24.num, 100664) -> 0
pages_get_node(1)
 -> success
get_dir_inum(1)
current dir->data in dirs list is numbers
pages_get_node(13)
 -> success
pages_get_node(13)
 -> success
get_dir_inum(13)
current dir->data in dirs list is 24.num
pages_get_node(37)
 -> success
tree_lookup(/numbers/24.num) -> 37
storage_stat(/numbers/24.num)
getattr(/numbers/24.num) -> (0) {mode: 100664, size: 0}
access(/numbers/24.num, 0000) -> 0
open(/numbers/24.num) -> 0
ioctl(/numbers/24.num, 21505, ...) -> -1
pages_get_node(1)
 -> success
get_dir_inum(1)
current dir->data in dirs list is numbers
pages_get_node(13)
 -> success
pages_get_node(13)
 -> success
get_dir_inum(13)
current dir->data in dirs list is 24.num
pages_get_node(37)
 -> success
tree_lookup(/numbers/24.num) -> 37
storage_write(/numbers/24.num, 24
lo there
ng.==This string is fourty characters long.==This string is fourty characters long.==This string is fourty characters long.==This string is fourty characters long.==This string is fourty characters long.==This string is fourty characters long.==This string is fourty characters long.==This string is fourty characters long.==This string is fourty characters long.==This string is fourty characters long.==This string is fourty characters long.==This string is fourty characters long.==This string is fourty characters long.==This string is fourty characters long.==This string is fourty characters long.==This string is fourty characters long.==This string is fourty characters long.==This string is fourty characters long.==This string is fourty characters long.==This string is fourty characters long.==This string is fourty characters long.==This string is fourty characters long.==This string is fourty characters long.==This string is fourty characters long.==This string is fourty characters long.==This string is fourty characters long.==This string is fourty characters long.==This string is fourty characters long.==This string is fourty characters long.==This string is fourty characters long.==This string is fourty characters long.==This string is fourty characters long.==This string is fourty characters long.==This string is fourty characters long.==This string is fourty characters long.==This string is fourty characters long.==This string is fourty characters long.==This string is fourty characters long.==This string is fourty characters long.==This string is fourty characters long.==This string is fourty characters long.==This string is fourty characters long.==This string is fourty characters long.==This string is fourty characters long.==This string is fourty characters long.==This string is fourty characters long.==This string is fourty characters long.==This string is fourty characters long.==This string is fourty characters long.==This string is fourty characters long.==This string is fourty characters long.==This string is fourty characters long.==This string is fourty characters long.==This string is fourty characters long.==This string is fourty characters long.==This string is fourty characters long.==This string is fourty characters long.==This string is fourty characters long.==This string is fourty characters long.==This string is fourty characters long.==This string is fourty characters long.==This string is fourty characters long.==This string is fourty characters long.==This string is fourty characters long.==This string is fourty characters long.==This string is fourty characters long.==This string is fourty characters long.==This string is fourty characters long.==This string is fourty characters long.==This string is fourty characters long.==This string is fourty characters long.==This string is fourty characters long.==This string is fourty characters long.==This string is fourty characters long.==This string is fourty characters long.==This string is fourty characters long.==This string is fourty characters long.==This string is fourty characters long.=
aracters long.==This string is fourty characters long.==This string is fourty characters long.==This string is fourty characters long.==This string is fourty characters long.==This string is fourty characters long.==This string is fourty characters long.==This string is fourty characters long.==This string is fourty characters long.==This string is fourty characters long.==This string is fourty characters long.==This string is fourty characters long.==This string is fourty characters long.==This string is fourty characters long.==This string is fourty characters long.==This string is fourty characters long.==This string is fourty characters long.==This string is fourty characters long.==This string is fourty characters long.==This string is fourty characters long.==This string is fourty characters long.==This string is fourty characters long.==This string is fourty characters long.==This string is fourty characters long.==This string is fourty c, 3, 0) -> 3
write(/numbers/24.num, 3 bytes, @+0) -> 3
pages_get_node(1)
 -> success
get_dir_inum(1)
current dir->data in dirs list is numbers
pages_get_node(13)
 -> success
pages_get_node(13)
 -> success
get_dir_inum(13)
current dir->data in dirs list is 25.num
tree_lookup(/numbers/25.num) -> -2
getattr(/numbers/25.num) -> (-2) {mode: 0000, size: 0}
IN MAKE NODE
get_dir_path(/numbers)
pages_get_node(1)
 -> success
get_dir_inum(1)
current dir->data in dirs list is numbers
pages_get_node(13)
 -> success
pages_get_node(13)
 -> success
get_dir_inum(13)
tree_lookup(/numbers) -> 13
pages_get_node(13)
 -> success
get_dir_inum(13)
directory_lookup(dd, 25.num) -> -2
pages_get_empty_pg() -> 39
pages_get_node(38)
 -> success
init_inode(node, 100664)
storage_mknod(/numbers/25.num, 100664)
directory_put(dd, 25.num, 38) -> 0
mknod(/numbers/25.num, 100664) -> 0
pages_get_node(1)
 -> success
get_dir_inum(1)
current dir->data in dirs list is numbers
pages_get_node(13)
 -> success
pages_get_node(13)
 -> success
get_dir_inum(13)
current dir->data in dirs list is 25.num
pages_get_node(38)
 -> success
tree_lookup(/numbers/25.num) -> 38
storage_stat(/numbers/25.num)
getattr(/numbers/25.num) -> (0) {mode: 100664, size: 0}
access(/numbers/25.num, 0000) -> 0
open(/numbers/25.num) -> 0
ioctl(/numbers/25.num, 21505, ...) -> -1
pages_get_node(1)
 -> success
get_dir_inum(1)
current dir->data in dirs list is numbers
pages_get_node(13)
 -> success
pages_get_node(13)
 -> success
get_dir_inum(13)
current dir->data in dirs list is 25.num
pages_get_node(38)
 -> success
tree_lookup(/numbers/25.num) -> 38
storage_write(/numbers/25.num, 25
lo there
ng.==This string is fourty characters long.==This string is fourty characters long.==This string is fourty characters long.==This string is fourty characters long.==This string is fourty characters long.==This string is fourty characters long.==This string is fourty characters long.==This string is fourty characters long.==This string is fourty characters long.==This string is fourty characters long.==This string is fourty characters long.==This string is fourty characters long.==This string is fourty characters long.==This string is fourty characters long.==This string is fourty characters long.==This string is fourty characters long.==This string is fourty characters long.==This string is fourty characters long.==This string is fourty characters long.==This string is fourty characters long.==This string is fourty characters long.==This string is fourty characters long.==This string is fourty characters long.==This string is fourty characters long.==This string is fourty characters long.==This string is fourty characters long.==This string is fourty characters long.==This string is fourty characters long.==This string is fourty characters long.==This string is fourty characters long.==This string is fourty characters long.==This string is fourty characters long.==This string is fourty characters long.==This string is fourty characters long.==This string is fourty characters long.==This string is fourty characters long.==This string is fourty characters long.==This string is fourty characters long.==This string is fourty characters long.==This string is fourty characters long.==This string is fourty characters long.==This string is fourty characters long.==This string is fourty characters long.==This string is fourty characters long.==This string is fourty characters long.==This string is fourty characters long.==This string is fourty characters long.==This string is fourty characters long.==This string is fourty characters long.==This string is fourty characters long.==This string is fourty characters long.==This string is fourty characters long.==This string is fourty characters long.==This string is fourty characters long.==This string is fourty characters long.==This string is fourty characters long.==This string is fourty characters long.==This string is fourty characters long.==This string is fourty characters long.==This string is fourty characters long.==This string is fourty characters long.==This string is fourty characters long.==This string is fourty characters long.==This string is fourty characters long.==This string is fourty characters long.==This string is fourty characters long.==This string is fourty characters long.==This string is fourty characters long.==This string is fourty characters long.==This string is fourty characters long.==This string is fourty characters long.==This string is fourty characters long.==This string is fourty characters long.==This string is fourty characters long.==This string is fourty characters long.==This string is fourty characters long.==This string is fourty characters long.==This string is fourty characters long.=
aracters long.==This string is fourty characters long.==This string is fourty characters long.==This string is fourty characters long.==This string is fourty characters long.==This string is fourty characters long.==This string is fourty characters long.==This string is fourty characters long.==This string is fourty characters long.==This string is fourty characters long.==This string is fourty characters long.==This string is fourty characters long.==This string is fourty characters long.==This string is fourty characters long.==This string is fourty characters long.==This string is fourty characters long.==This string is fourty characters long.==This string is fourty characters long.==This string is fourty characters long.==This string is fourty characters long.==This string is fourty characters long.==This string is fourty characters long.==This string is fourty characters long.==This string is fourty characters long.==This string is fourty c, 3, 0) -> 3
write(/numbers/25.num, 3 bytes, @+0) -> 3
pages_get_node(1)
 -> success
get_dir_inum(1)
current dir->data in dirs list is numbers
pages_get_node(13)
 -> success
pages_get_node(13)
 -> success
get_dir_inum(13)
current dir->data in dirs list is 26.num
tree_lookup(/numbers/26.num) -> -2
getattr(/numbers/26.num) -> (-2) {mode: 0000, size: 0}
IN MAKE NODE
get_dir_path(/numbers)
pages_get_node(1)
 -> success
get_dir_inum(1)
current dir->data in dirs list is numbers
pages_get_node(13)
 -> success
pages_get_node(13)
 -> success
get_dir_inum(13)
tree_lookup(/numbers) -> 13
pages_get_node(13)
 -> success
get_dir_inum(13)
directory_lookup(dd, 26.num) -> -2
pages_get_empty_pg() -> 40
pages_get_node(39)
 -> success
init_inode(node, 100664)
storage_mknod(/numbers/26.num, 100664)
directory_put(dd, 26.num, 39) -> 0
mknod(/numbers/26.num, 100664) -> 0
pages_get_node(1)
 -> success
get_dir_inum(1)
current dir->data in dirs list is numbers
pages_get_node(13)
 -> success
pages_get_node(13)
 -> success
get_dir_inum(13)
current dir->data in dirs list is 26.num
pages_get_node(39)
 -> success
tree_lookup(/numbers/26.num) -> 39
storage_stat(/numbers/26.num)
getattr(/numbers/26.num) -> (0) {mode: 100664, size: 0}
access(/numbers/26.num, 0000) -> 0
open(/numbers/26.num) -> 0
ioctl(/numbers/26.num, 21505, ...) -> -1
pages_get_node(1)
 -> success
get_dir_inum(1)
current dir->data in dirs list is numbers
pages_get_node(13)
 -> success
pages_get_node(13)
 -> success
get_dir_inum(13)
current dir->data in dirs list is 26.num
pages_get_node(39)
 -> success
tree_lookup(/numbers/26.num) -> 39
storage_write(/numbers/26.num, 26
lo there
ng.==This string is fourty characters long.==This string is fourty characters long.==This string is fourty characters long.==This string is fourty characters long.==This string is fourty characters long.==This string is fourty characters long.==This string is fourty characters long.==This string is fourty characters long.==This string is fourty characters long.==This string is fourty characters long.==This string is fourty characters long.==This string is fourty characters long.==This string is fourty characters long.==This string is fourty characters long.==This string is fourty characters long.==This string is fourty characters long.==This string is fourty characters long.==This string is fourty characters long.==This string is fourty characters long.==This string is fourty characters long.==This string is fourty characters long.==This string is fourty characters long.==This string is fourty characters long.==This string is fourty characters long.==This string is fourty characters long.==This string is fourty characters long.==This string is fourty characters long.==This string is fourty characters long.==This string is fourty characters long.==This string is fourty characters long.==This string is fourty characters long.==This string is fourty characters long.==This string is fourty characters long.==This string is fourty characters long.==This string is fourty characters long.==This string is fourty characters long.==This string is fourty characters long.==This string is fourty characters long.==This string is fourty characters long.==This string is fourty characters long.==This string is fourty characters long.==This string is fourty characters long.==This string is fourty characters long.==This string is fourty characters long.==This string is fourty characters long.==This string is fourty characters long.==This string is fourty characters long.==This string is fourty characters long.==This string is fourty characters long.==This string is fourty characters long.==This string is fourty characters long.==This string is fourty characters long.==This string is fourty characters long.==This string is fourty characters long.==This string is fourty characters long.==This string is fourty characters long.==This string is fourty characters long.==This string is fourty characters long.==This string is fourty characters long.==This string is fourty characters long.==This string is fourty characters long.==This string is fourty characters long.==This string is fourty characters long.==This string is fourty characters long.==This string is fourty characters long.==This string is fourty characters long.==This string is fourty characters long.==This string is fourty characters long.==This string is fourty characters long.==This string is fourty characters long.==This string is fourty characters long.==This string is fourty characters long.==This string is fourty characters long.==This string is fourty characters long.==This string is fourty characters long.==This string is fourty characters long.==This string is fourty characters long.==This string is fourty characters long.=
aracters long.==This string is fourty characters long.==This string is fourty characters long.==This string is fourty characters long.==This string is fourty characters long.==This string is fourty characters long.==This string is fourty characters long.==This string is fourty characters long.==This string is fourty characters long.==This string is fourty characters long.==This string is fourty characters long.==This string is fourty characters long.==This string is fourty characters long.==This string is fourty characters long.==This string is fourty characters long.==This string is fourty characters long.==This string is fourty characters long.==This string is fourty characters long.==This string is fourty characters long.==This string is fourty characters long.==This string is fourty characters long.==This string is fourty characters long.==This string is fourty characters long.==This string is fourty characters long.==This string is fourty c, 3, 0) -> 3
write(/numbers/26.num, 3 bytes, @+0) -> 3
pages_get_node(1)
 -> success
get_dir_inum(1)
current dir->data in dirs list is numbers
pages_get_node(13)
 -> success
pages_get_node(13)
 -> success
get_dir_inum(13)
current dir->data in dirs list is 27.num
tree_lookup(/numbers/27.num) -> -2
getattr(/numbers/27.num) -> (-2) {mode: 0000, size: 0}
IN MAKE NODE
get_dir_path(/numbers)
pages_get_node(1)
 -> success
get_dir_inum(1)
current dir->data in dirs list is numbers
pages_get_node(13)
 -> success
pages_get_node(13)
 -> success
get_dir_inum(13)
tree_lookup(/numbers) -> 13
pages_get_node(13)
 -> success
get_dir_inum(13)
directory_lookup(dd, 27.num) -> -2
pages_get_empty_pg() -> 41
pages_get_node(40)
 -> success
init_inode(node, 100664)
storage_mknod(/numbers/27.num, 100664)
directory_put(dd, 27.num, 40) -> 0
mknod(/numbers/27.num, 100664) -> 0
pages_get_node(1)
 -> success
get_dir_inum(1)
current dir->data in dirs list is numbers
pages_get_node(13)
 -> success
pages_get_node(13)
 -> success
get_dir_inum(13)
current dir->data in dirs list is 27.num
pages_get_node(40)
 -> success
tree_lookup(/numbers/27.num) -> 40
storage_stat(/numbers/27.num)
getattr(/numbers/27.num) -> (0) {mode: 100664, size: 0}
access(/numbers/27.num, 0000) -> 0
open(/numbers/27.num) -> 0
ioctl(/numbers/27.num, 21505, ...) -> -1
pages_get_node(1)
 -> success
get_dir_inum(1)
current dir->data in dirs list is numbers
pages_get_node(13)
 -> success
pages_get_node(13)
 -> success
get_dir_inum(13)
current dir->data in dirs list is 27.num
pages_get_node(40)
 -> success
tree_lookup(/numbers/27.num) -> 40
storage_write(/numbers/27.num, 27
lo there
ng.==This string is fourty characters long.==This string is fourty characters long.==This string is fourty characters long.==This string is fourty characters long.==This string is fourty characters long.==This string is fourty characters long.==This string is fourty characters long.==This string is fourty characters long.==This string is fourty characters long.==This string is fourty characters long.==This string is fourty characters long.==This string is fourty characters long.==This string is fourty characters long.==This string is fourty characters long.==This string is fourty characters long.==This string is fourty characters long.==This string is fourty characters long.==This string is fourty characters long.==This string is fourty characters long.==This string is fourty characters long.==This string is fourty characters long.==This string is fourty characters long.==This string is fourty characters long.==This string is fourty characters long.==This string is fourty characters long.==This string is fourty characters long.==This string is fourty characters long.==This string is fourty characters long.==This string is fourty characters long.==This string is fourty characters long.==This string is fourty characters long.==This string is fourty characters long.==This string is fourty characters long.==This string is fourty characters long.==This string is fourty characters long.==This string is fourty characters long.==This string is fourty characters long.==This string is fourty characters long.==This string is fourty characters long.==This string is fourty characters long.==This string is fourty characters long.==This string is fourty characters long.==This string is fourty characters long.==This string is fourty characters long.==This string is fourty characters long.==This string is fourty characters long.==This string is fourty characters long.==This string is fourty characters long.==This string is fourty characters long.==This string is fourty characters long.==This string is fourty characters long.==This string is fourty characters long.==This string is fourty characters long.==This string is fourty characters long.==This string is fourty characters long.==This string is fourty characters long.==This string is fourty characters long.==This string is fourty characters long.==This string is fourty characters long.==This string is fourty characters long.==This string is fourty characters long.==This string is fourty characters long.==This string is fourty characters long.==This string is fourty characters long.==This string is fourty characters long.==This string is fourty characters long.==This string is fourty characters long.==This string is fourty characters long.==This string is fourty characters long.==This string is fourty characters long.==This string is fourty characters long.==This string is fourty characters long.==This string is fourty characters long.==This string is fourty characters long.==This string is fourty characters long.==This string is fourty characters long.==This string is fourty characters long.==This string is fourty characters long.=
aracters long.==This string is fourty characters long.==This string is fourty characters long.==This string is fourty characters long.==This string is fourty characters long.==This string is fourty characters long.==This string is fourty characters long.==This string is fourty characters long.==This string is fourty characters long.==This string is fourty characters long.==This string is fourty characters long.==This string is fourty characters long.==This string is fourty characters long.==This string is fourty characters long.==This string is fourty characters long.==This string is fourty characters long.==This string is fourty characters long.==This string is fourty characters long.==This string is fourty characters long.==This string is fourty characters long.==This string is fourty characters long.==This string is fourty characters long.==This string is fourty characters long.==This string is fourty characters long.==This string is fourty c, 3, 0) -> 3
write(/numbers/27.num, 3 bytes, @+0) -> 3
pages_get_node(1)
 -> success
get_dir_inum(1)
current dir->data in dirs list is numbers
pages_get_node(13)
 -> success
pages_get_node(13)
 -> success
get_dir_inum(13)
current dir->data in dirs list is 28.num
tree_lookup(/numbers/28.num) -> -2
getattr(/numbers/28.num) -> (-2) {mode: 0000, size: 0}
IN MAKE NODE
get_dir_path(/numbers)
pages_get_node(1)
 -> success
get_dir_inum(1)
current dir->data in dirs list is numbers
pages_get_node(13)
 -> success
pages_get_node(13)
 -> success
get_dir_inum(13)
tree_lookup(/numbers) -> 13
pages_get_node(13)
 -> success
get_dir_inum(13)
directory_lookup(dd, 28.num) -> -2
pages_get_empty_pg() -> 42
pages_get_node(41)
 -> success
init_inode(node, 100664)
storage_mknod(/numbers/28.num, 100664)
directory_put(dd, 28.num, 41) -> 0
mknod(/numbers/28.num, 100664) -> 0
pages_get_node(1)
 -> success
get_dir_inum(1)
current dir->data in dirs list is numbers
pages_get_node(13)
 -> success
pages_get_node(13)
 -> success
get_dir_inum(13)
current dir->data in dirs list is 28.num
pages_get_node(41)
 -> success
tree_lookup(/numbers/28.num) -> 41
storage_stat(/numbers/28.num)
getattr(/numbers/28.num) -> (0) {mode: 100664, size: 0}
access(/numbers/28.num, 0000) -> 0
open(/numbers/28.num) -> 0
ioctl(/numbers/28.num, 21505, ...) -> -1
pages_get_node(1)
 -> success
get_dir_inum(1)
current dir->data in dirs list is numbers
pages_get_node(13)
 -> success
pages_get_node(13)
 -> success
get_dir_inum(13)
current dir->data in dirs list is 28.num
pages_get_node(41)
 -> success
tree_lookup(/numbers/28.num) -> 41
storage_write(/numbers/28.num, 28
lo there
ng.==This string is fourty characters long.==This string is fourty characters long.==This string is fourty characters long.==This string is fourty characters long.==This string is fourty characters long.==This string is fourty characters long.==This string is fourty characters long.==This string is fourty characters long.==This string is fourty characters long.==This string is fourty characters long.==This string is fourty characters long.==This string is fourty characters long.==This string is fourty characters long.==This string is fourty characters long.==This string is fourty characters long.==This string is fourty characters long.==This string is fourty characters long.==This string is fourty characters long.==This string is fourty characters long.==This string is fourty characters long.==This string is fourty characters long.==This string is fourty characters long.==This string is fourty characters long.==This string is fourty characters long.==This string is fourty characters long.==This string is fourty characters long.==This string is fourty characters long.==This string is fourty characters long.==This string is fourty characters long.==This string is fourty characters long.==This string is fourty characters long.==This string is fourty characters long.==This string is fourty characters long.==This string is fourty characters long.==This string is fourty characters long.==This string is fourty characters long.==This string is fourty characters long.==This string is fourty characters long.==This string is fourty characters long.==This string is fourty characters long.==This string is fourty characters long.==This string is fourty characters long.==This string is fourty characters long.==This string is fourty characters long.==This string is fourty characters long.==This string is fourty characters long.==This string is fourty characters long.==This string is fourty characters long.==This string is fourty characters long.==This string is fourty characters long.==This string is fourty characters long.==This string is fourty characters long.==This string is fourty characters long.==This string is fourty characters long.==This string is fourty characters long.==This string is fourty characters long.==This string is fourty characters long.==This string is fourty characters long.==This string is fourty characters long.==This string is fourty characters long.==This string is fourty characters long.==This string is fourty characters long.==This string is fourty characters long.==This string is fourty characters long.==This string is fourty characters long.==This string is fourty characters long.==This string is fourty characters long.==This string is fourty characters long.==This string is fourty characters long.==This string is fourty characters long.==This string is fourty characters long.==This string is fourty characters long.==This string is fourty characters long.==This string is fourty characters long.==This string is fourty characters long.==This string is fourty characters long.==This string is fourty characters long.==This string is fourty characters long.=
aracters long.==This string is fourty characters long.==This string is fourty characters long.==This string is fourty characters long.==This string is fourty characters long.==This string is fourty characters long.==This string is fourty characters long.==This string is fourty characters long.==This string is fourty characters long.==This string is fourty characters long.==This string is fourty characters long.==This string is fourty characters long.==This string is fourty characters long.==This string is fourty characters long.==This string is fourty characters long.==This string is fourty characters long.==This string is fourty characters long.==This string is fourty characters long.==This string is fourty characters long.==This string is fourty characters long.==This string is fourty characters long.==This string is fourty characters long.==This string is fourty characters long.==This string is fourty characters long.==This string is fourty c, 3, 0) -> 3
write(/numbers/28.num, 3 bytes, @+0) -> 3
pages_get_node(1)
 -> success
get_dir_inum(1)
current dir->data in dirs list is numbers
pages_get_node(13)
 -> success
pages_get_node(13)
 -> success
get_dir_inum(13)
current dir->data in dirs list is 29.num
tree_lookup(/numbers/29.num) -> -2
getattr(/numbers/29.num) -> (-2) {mode: 0000, size: 0}
IN MAKE NODE
get_dir_path(/numbers)
pages_get_node(1)
 -> success
get_dir_inum(1)
current dir->data in dirs list is numbers
pages_get_node(13)
 -> success
pages_get_node(13)
 -> success
get_dir_inum(13)
tree_lookup(/numbers) -> 13
pages_get_node(13)
 -> success
get_dir_inum(13)
directory_lookup(dd, 29.num) -> -2
pages_get_empty_pg() -> 43
pages_get_node(42)
 -> success
init_inode(node, 100664)
storage_mknod(/numbers/29.num, 100664)
directory_put(dd, 29.num, 42) -> 0
mknod(/numbers/29.num, 100664) -> 0
pages_get_node(1)
 -> success
get_dir_inum(1)
current dir->data in dirs list is numbers
pages_get_node(13)
 -> success
pages_get_node(13)
 -> success
get_dir_inum(13)
current dir->data in dirs list is 29.num
pages_get_node(42)
 -> success
tree_lookup(/numbers/29.num) -> 42
storage_stat(/numbers/29.num)
getattr(/numbers/29.num) -> (0) {mode: 100664, size: 0}
access(/numbers/29.num, 0000) -> 0
open(/numbers/29.num) -> 0
ioctl(/numbers/29.num, 21505, ...) -> -1
pages_get_node(1)
 -> success
get_dir_inum(1)
current dir->data in dirs list is numbers
pages_get_node(13)
 -> success
pages_get_node(13)
 -> success
get_dir_inum(13)
current dir->data in dirs list is 29.num
pages_get_node(42)
 -> success
tree_lookup(/numbers/29.num) -> 42
storage_write(/numbers/29.num, 29
lo there
ng.==This string is fourty characters long.==This string is fourty characters long.==This string is fourty characters long.==This string is fourty characters long.==This string is fourty characters long.==This string is fourty characters long.==This string is fourty characters long.==This string is fourty characters long.==This string is fourty characters long.==This string is fourty characters long.==This string is fourty characters long.==This string is fourty characters long.==This string is fourty characters long.==This string is fourty characters long.==This string is fourty characters long.==This string is fourty characters long.==This string is fourty characters long.==This string is fourty characters long.==This string is fourty characters long.==This string is fourty characters long.==This string is fourty characters long.==This string is fourty characters long.==This string is fourty characters long.==This string is fourty characters long.==This string is fourty characters long.==This string is fourty characters long.==This string is fourty characters long.==This string is fourty characters long.==This string is fourty characters long.==This string is fourty characters long.==This string is fourty characters long.==This string is fourty characters long.==This string is fourty characters long.==This string is fourty characters long.==This string is fourty characters long.==This string is fourty characters long.==This string is fourty characters long.==This string is fourty characters long.==This string is fourty characters long.==This string is fourty characters long.==This string is fourty characters long.==This string is fourty characters long.==This string is fourty characters long.==This string is fourty characters long.==This string is fourty characters long.==This string is fourty characters long.==This string is fourty characters long.==This string is fourty characters long.==This string is fourty characters long.==This string is fourty characters long.==This string is fourty characters long.==This string is fourty characters long.==This string is fourty characters long.==This string is fourty characters long.==This string is fourty characters long.==This string is fourty characters long.==This string is fourty characters long.==This string is fourty characters long.==This string is fourty characters long.==This string is fourty characters long.==This string is fourty characters long.==This string is fourty characters long.==This string is fourty characters long.==This string is fourty characters long.==This string is fourty characters long.==This string is fourty characters long.==This string is fourty characters long.==This string is fourty characters long.==This string is fourty characters long.==This string is fourty characters long.==This string is fourty characters long.==This string is fourty characters long.==This string is fourty characters long.==This string is fourty characters long.==This string is fourty characters long.==This string is fourty characters long.==This string is fourty characters long.==This string is fourty characters long.=
aracters long.==This string is fourty characters long.==This string is fourty characters long.==This string is fourty characters long.==This string is fourty characters long.==This string is fourty characters long.==This string is fourty characters long.==This string is fourty characters long.==This string is fourty characters long.==This string is fourty characters long.==This string is fourty characters long.==This string is fourty characters long.==This string is fourty characters long.==This string is fourty characters long.==This string is fourty characters long.==This string is fourty characters long.==This string is fourty characters long.==This string is fourty characters long.==This string is fourty characters long.==This string is fourty characters long.==This string is fourty characters long.==This string is fourty characters long.==This string is fourty characters long.==This string is fourty characters long.==This string is fourty c, 3, 0) -> 3
write(/numbers/29.num, 3 bytes, @+0) -> 3
pages_get_node(1)
 -> success
get_dir_inum(1)
current dir->data in dirs list is numbers
pages_get_node(13)
 -> success
pages_get_node(13)
 -> success
get_dir_inum(13)
current dir->data in dirs list is 30.num
tree_lookup(/numbers/30.num) -> -2
getattr(/numbers/30.num) -> (-2) {mode: 0000, size: 0}
IN MAKE NODE
get_dir_path(/numbers)
pages_get_node(1)
 -> success
get_dir_inum(1)
current dir->data in dirs list is numbers
pages_get_node(13)
 -> success
pages_get_node(13)
 -> success
get_dir_inum(13)
tree_lookup(/numbers) -> 13
pages_get_node(13)
 -> success
get_dir_inum(13)
directory_lookup(dd, 30.num) -> -2
pages_get_empty_pg() -> 44
pages_get_node(43)
 -> success
init_inode(node, 100664)
storage_mknod(/numbers/30.num, 100664)
directory_put(dd, 30.num, 43) -> 0
mknod(/numbers/30.num, 100664) -> 0
pages_get_node(1)
 -> success
get_dir_inum(1)
current dir->data in dirs list is numbers
pages_get_node(13)
 -> success
pages_get_node(13)
 -> success
get_dir_inum(13)
current dir->data in dirs list is 30.num
pages_get_node(43)
 -> success
tree_lookup(/numbers/30.num) -> 43
storage_stat(/numbers/30.num)
getattr(/numbers/30.num) -> (0) {mode: 100664, size: 0}
access(/numbers/30.num, 0000) -> 0
open(/numbers/30.num) -> 0
ioctl(/numbers/30.num, 21505, ...) -> -1
pages_get_node(1)
 -> success
get_dir_inum(1)
current dir->data in dirs list is numbers
pages_get_node(13)
 -> success
pages_get_node(13)
 -> success
get_dir_inum(13)
current dir->data in dirs list is 30.num
pages_get_node(43)
 -> success
tree_lookup(/numbers/30.num) -> 43
storage_write(/numbers/30.num, 30
lo there
ng.==This string is fourty characters long.==This string is fourty characters long.==This string is fourty characters long.==This string is fourty characters long.==This string is fourty characters long.==This string is fourty characters long.==This string is fourty characters long.==This string is fourty characters long.==This string is fourty characters long.==This string is fourty characters long.==This string is fourty characters long.==This string is fourty characters long.==This string is fourty characters long.==This string is fourty characters long.==This string is fourty characters long.==This string is fourty characters long.==This string is fourty characters long.==This string is fourty characters long.==This string is fourty characters long.==This string is fourty characters long.==This string is fourty characters long.==This string is fourty characters long.==This string is fourty characters long.==This string is fourty characters long.==This string is fourty characters long.==This string is fourty characters long.==This string is fourty characters long.==This string is fourty characters long.==This string is fourty characters long.==This string is fourty characters long.==This string is fourty characters long.==This string is fourty characters long.==This string is fourty characters long.==This string is fourty characters long.==This string is fourty characters long.==This string is fourty characters long.==This string is fourty characters long.==This string is fourty characters long.==This string is fourty characters long.==This string is fourty characters long.==This string is fourty characters long.==This string is fourty characters long.==This string is fourty characters long.==This string is fourty characters long.==This string is fourty characters long.==This string is fourty characters long.==This string is fourty characters long.==This string is fourty characters long.==This string is fourty characters long.==This string is fourty characters long.==This string is fourty characters long.==This string is fourty characters long.==This string is fourty characters long.==This string is fourty characters long.==This string is fourty characters long.==This string is fourty characters long.==This string is fourty characters long.==This string is fourty characters long.==This string is fourty characters long.==This string is fourty characters long.==This string is fourty characters long.==This string is fourty characters long.==This string is fourty characters long.==This string is fourty characters long.==This string is fourty characters long.==This string is fourty characters long.==This string is fourty characters long.==This string is fourty characters long.==This string is fourty characters long.==This string is fourty characters long.==This string is fourty characters long.==This string is fourty characters long.==This string is fourty characters long.==This string is fourty characters long.==This string is fourty characters long.==This string is fourty characters long.==This string is fourty characters long.==This string is fourty characters long.=
aracters long.==This string is fourty characters long.==This string is fourty characters long.==This string is fourty characters long.==This string is fourty characters long.==This string is fourty characters long.==This string is fourty characters long.==This string is fourty characters long.==This string is fourty characters long.==This string is fourty characters long.==This string is fourty characters long.==This string is fourty characters long.==This string is fourty characters long.==This string is fourty characters long.==This string is fourty characters long.==This string is fourty characters long.==This string is fourty characters long.==This string is fourty characters long.==This string is fourty characters long.==This string is fourty characters long.==This string is fourty characters long.==This string is fourty characters long.==This string is fourty characters long.==This string is fourty characters long.==This string is fourty c, 3, 0) -> 3
write(/numbers/30.num, 3 bytes, @+0) -> 3
pages_get_node(1)
 -> success
get_dir_inum(1)
current dir->data in dirs list is numbers
pages_get_node(13)
 -> success
pages_get_node(13)
 -> success
get_dir_inum(13)
current dir->data in dirs list is 31.num
tree_lookup(/numbers/31.num) -> -2
getattr(/numbers/31.num) -> (-2) {mode: 0000, size: 0}
IN MAKE NODE
get_dir_path(/numbers)
pages_get_node(1)
 -> success
get_dir_inum(1)
current dir->data in dirs list is numbers
pages_get_node(13)
 -> success
pages_get_node(13)
 -> success
get_dir_inum(13)
tree_lookup(/numbers) -> 13
pages_get_node(13)
 -> success
get_dir_inum(13)
directory_lookup(dd, 31.num) -> -2
pages_get_empty_pg() -> 45
pages_get_node(44)
 -> success
init_inode(node, 100664)
storage_mknod(/numbers/31.num, 100664)
directory_put(dd, 31.num, 44) -> 0
mknod(/numbers/31.num, 100664) -> 0
pages_get_node(1)
 -> success
get_dir_inum(1)
current dir->data in dirs list is numbers
pages_get_node(13)
 -> success
pages_get_node(13)
 -> success
get_dir_inum(13)
current dir->data in dirs list is 31.num
pages_get_node(44)
 -> success
tree_lookup(/numbers/31.num) -> 44
storage_stat(/numbers/31.num)
getattr(/numbers/31.num) -> (0) {mode: 100664, size: 0}
access(/numbers/31.num, 0000) -> 0
open(/numbers/31.num) -> 0
ioctl(/numbers/31.num, 21505, ...) -> -1
pages_get_node(1)
 -> success
get_dir_inum(1)
current dir->data in dirs list is numbers
pages_get_node(13)
 -> success
pages_get_node(13)
 -> success
get_dir_inum(13)
current dir->data in dirs list is 31.num
pages_get_node(44)
 -> success
tree_lookup(/numbers/31.num) -> 44
storage_write(/numbers/31.num, 31
lo there
ng.==This string is fourty characters long.==This string is fourty characters long.==This string is fourty characters long.==This string is fourty characters long.==This string is fourty characters long.==This string is fourty characters long.==This string is fourty characters long.==This string is fourty characters long.==This string is fourty characters long.==This string is fourty characters long.==This string is fourty characters long.==This string is fourty characters long.==This string is fourty characters long.==This string is fourty characters long.==This string is fourty characters long.==This string is fourty characters long.==This string is fourty characters long.==This string is fourty characters long.==This string is fourty characters long.==This string is fourty characters long.==This string is fourty characters long.==This string is fourty characters long.==This string is fourty characters long.==This string is fourty characters long.==This string is fourty characters long.==This string is fourty characters long.==This string is fourty characters long.==This string is fourty characters long.==This string is fourty characters long.==This string is fourty characters long.==This string is fourty characters long.==This string is fourty characters long.==This string is fourty characters long.==This string is fourty characters long.==This string is fourty characters long.==This string is fourty characters long.==This string is fourty characters long.==This string is fourty characters long.==This string is fourty characters long.==This string is fourty characters long.==This string is fourty characters long.==This string is fourty characters long.==This string is fourty characters long.==This string is fourty characters long.==This string is fourty characters long.==This string is fourty characters long.==This string is fourty characters long.==This string is fourty characters long.==This string is fourty characters long.==This string is fourty characters long.==This string is fourty characters long.==This string is fourty characters long.==This string is fourty characters long.==This string is fourty characters long.==This string is fourty characters long.==This string is fourty characters long.==This string is fourty characters long.==This string is fourty characters long.==This string is fourty characters long.==This string is fourty characters long.==This string is fourty characters long.==This string is fourty characters long.==This string is fourty characters long.==This string is fourty characters long.==This string is fourty characters long.==This string is fourty characters long.==This string is fourty characters long.==This string is fourty characters long.==This string is fourty characters long.==This string is fourty characters long.==This string is fourty characters long.==This string is fourty characters long.==This string is fourty characters long.==This string is fourty characters long.==This string is fourty characters long.==This string is fourty characters long.==This string is fourty characters long.==This string is fourty characters long.=
aracters long.==This string is fourty characters long.==This string is fourty characters long.==This string is fourty characters long.==This string is fourty characters long.==This string is fourty characters long.==This string is fourty characters long.==This string is fourty characters long.==This string is fourty characters long.==This string is fourty characters long.==This string is fourty characters long.==This string is fourty characters long.==This string is fourty characters long.==This string is fourty characters long.==This string is fourty characters long.==This string is fourty characters long.==This string is fourty characters long.==This string is fourty characters long.==This string is fourty characters long.==This string is fourty characters long.==This string is fourty characters long.==This string is fourty characters long.==This string is fourty characters long.==This string is fourty characters long.==This string is fourty c, 3, 0) -> 3
write(/numbers/31.num, 3 bytes, @+0) -> 3
pages_get_node(1)
 -> success
get_dir_inum(1)
current dir->data in dirs list is numbers
pages_get_node(13)
 -> success
pages_get_node(13)
 -> success
get_dir_inum(13)
current dir->data in dirs list is 32.num
tree_lookup(/numbers/32.num) -> -2
getattr(/numbers/32.num) -> (-2) {mode: 0000, size: 0}
IN MAKE NODE
get_dir_path(/numbers)
pages_get_node(1)
 -> success
get_dir_inum(1)
current dir->data in dirs list is numbers
pages_get_node(13)
 -> success
pages_get_node(13)
 -> success
get_dir_inum(13)
tree_lookup(/numbers) -> 13
pages_get_node(13)
 -> success
get_dir_inum(13)
directory_lookup(dd, 32.num) -> -2
pages_get_empty_pg() -> 46
pages_get_node(45)
 -> success
init_inode(node, 100664)
storage_mknod(/numbers/32.num, 100664)
directory_put(dd, 32.num, 45) -> 0
mknod(/numbers/32.num, 100664) -> 0
pages_get_node(1)
 -> success
get_dir_inum(1)
current dir->data in dirs list is numbers
pages_get_node(13)
 -> success
pages_get_node(13)
 -> success
get_dir_inum(13)
current dir->data in dirs list is 32.num
pages_get_node(45)
 -> success
tree_lookup(/numbers/32.num) -> 45
storage_stat(/numbers/32.num)
getattr(/numbers/32.num) -> (0) {mode: 100664, size: 0}
access(/numbers/32.num, 0000) -> 0
open(/numbers/32.num) -> 0
ioctl(/numbers/32.num, 21505, ...) -> -1
pages_get_node(1)
 -> success
get_dir_inum(1)
current dir->data in dirs list is numbers
pages_get_node(13)
 -> success
pages_get_node(13)
 -> success
get_dir_inum(13)
current dir->data in dirs list is 32.num
pages_get_node(45)
 -> success
tree_lookup(/numbers/32.num) -> 45
storage_write(/numbers/32.num, 32
lo there
ng.==This string is fourty characters long.==This string is fourty characters long.==This string is fourty characters long.==This string is fourty characters long.==This string is fourty characters long.==This string is fourty characters long.==This string is fourty characters long.==This string is fourty characters long.==This string is fourty characters long.==This string is fourty characters long.==This string is fourty characters long.==This string is fourty characters long.==This string is fourty characters long.==This string is fourty characters long.==This string is fourty characters long.==This string is fourty characters long.==This string is fourty characters long.==This string is fourty characters long.==This string is fourty characters long.==This string is fourty characters long.==This string is fourty characters long.==This string is fourty characters long.==This string is fourty characters long.==This string is fourty characters long.==This string is fourty characters long.==This string is fourty characters long.==This string is fourty characters long.==This string is fourty characters long.==This string is fourty characters long.==This string is fourty characters long.==This string is fourty characters long.==This string is fourty characters long.==This string is fourty characters long.==This string is fourty characters long.==This string is fourty characters long.==This string is fourty characters long.==This string is fourty characters long.==This string is fourty characters long.==This string is fourty characters long.==This string is fourty characters long.==This string is fourty characters long.==This string is fourty characters long.==This string is fourty characters long.==This string is fourty characters long.==This string is fourty characters long.==This string is fourty characters long.==This string is fourty characters long.==This string is fourty characters long.==This string is fourty characters long.==This string is fourty characters long.==This string is fourty characters long.==This string is fourty characters long.==This string is fourty characters long.==This string is fourty characters long.==This string is fourty characters long.==This string is fourty characters long.==This string is fourty characters long.==This string is fourty characters long.==This string is fourty characters long.==This string is fourty characters long.==This string is fourty characters long.==This string is fourty characters long.==This string is fourty characters long.==This string is fourty characters long.==This string is fourty characters long.==This string is fourty characters long.==This string is fourty characters long.==This string is fourty characters long.==This string is fourty characters long.==This string is fourty characters long.==This string is fourty characters long.==This string is fourty characters long.==This string is fourty characters long.==This string is fourty characters long.==This string is fourty characters long.==This string is fourty characters long.==This string is fourty characters long.==This string is fourty characters long.=
aracters long.==This string is fourty characters long.==This string is fourty characters long.==This string is fourty characters long.==This string is fourty characters long.==This string is fourty characters long.==This string is fourty characters long.==This string is fourty characters long.==This string is fourty characters long.==This string is fourty characters long.==This string is fourty characters long.==This string is fourty characters long.==This string is fourty characters long.==This string is fourty characters long.==This string is fourty characters long.==This string is fourty characters long.==This string is fourty characters long.==This string is fourty characters long.==This string is fourty characters long.==This string is fourty characters long.==This string is fourty characters long.==This string is fourty characters long.==This string is fourty characters long.==This string is fourty characters long.==This string is fourty c, 3, 0) -> 3
write(/numbers/32.num, 3 bytes, @+0) -> 3
pages_get_node(1)
 -> success
get_dir_inum(1)
current dir->data in dirs list is numbers
pages_get_node(13)
 -> success
pages_get_node(13)
 -> success
get_dir_inum(13)
current dir->data in dirs list is 33.num
tree_lookup(/numbers/33.num) -> -2
getattr(/numbers/33.num) -> (-2) {mode: 0000, size: 0}
IN MAKE NODE
get_dir_path(/numbers)
pages_get_node(1)
 -> success
get_dir_inum(1)
current dir->data in dirs list is numbers
pages_get_node(13)
 -> success
pages_get_node(13)
 -> success
get_dir_inum(13)
tree_lookup(/numbers) -> 13
pages_get_node(13)
 -> success
get_dir_inum(13)
directory_lookup(dd, 33.num) -> -2
pages_get_empty_pg() -> 47
pages_get_node(46)
 -> success
init_inode(node, 100664)
storage_mknod(/numbers/33.num, 100664)
directory_put(dd, 33.num, 46) -> 0
mknod(/numbers/33.num, 100664) -> 0
pages_get_node(1)
 -> success
get_dir_inum(1)
current dir->data in dirs list is numbers
pages_get_node(13)
 -> success
pages_get_node(13)
 -> success
get_dir_inum(13)
current dir->data in dirs list is 33.num
pages_get_node(46)
 -> success
tree_lookup(/numbers/33.num) -> 46
storage_stat(/numbers/33.num)
getattr(/numbers/33.num) -> (0) {mode: 100664, size: 0}
access(/numbers/33.num, 0000) -> 0
open(/numbers/33.num) -> 0
ioctl(/numbers/33.num, 21505, ...) -> -1
pages_get_node(1)
 -> success
get_dir_inum(1)
current dir->data in dirs list is numbers
pages_get_node(13)
 -> success
pages_get_node(13)
 -> success
get_dir_inum(13)
current dir->data in dirs list is 33.num
pages_get_node(46)
 -> success
tree_lookup(/numbers/33.num) -> 46
storage_write(/numbers/33.num, 33
lo there
ng.==This string is fourty characters long.==This string is fourty characters long.==This string is fourty characters long.==This string is fourty characters long.==This string is fourty characters long.==This string is fourty characters long.==This string is fourty characters long.==This string is fourty characters long.==This string is fourty characters long.==This string is fourty characters long.==This string is fourty characters long.==This string is fourty characters long.==This string is fourty characters long.==This string is fourty characters long.==This string is fourty characters long.==This string is fourty characters long.==This string is fourty characters long.==This string is fourty characters long.==This string is fourty characters long.==This string is fourty characters long.==This string is fourty characters long.==This string is fourty characters long.==This string is fourty characters long.==This string is fourty characters long.==This string is fourty characters long.==This string is fourty characters long.==This string is fourty characters long.==This string is fourty characters long.==This string is fourty characters long.==This string is fourty characters long.==This string is fourty characters long.==This string is fourty characters long.==This string is fourty characters long.==This string is fourty characters long.==This string is fourty characters long.==This string is fourty characters long.==This string is fourty characters long.==This string is fourty characters long.==This string is fourty characters long.==This string is fourty characters long.==This string is fourty characters long.==This string is fourty characters long.==This string is fourty characters long.==This string is fourty characters long.==This string is fourty characters long.==This string is fourty characters long.==This string is fourty characters long.==This string is fourty characters long.==This string is fourty characters long.==This string is fourty characters long.==This string is fourty characters long.==This string is fourty characters long.==This string is fourty characters long.==This string is fourty characters long.==This string is fourty characters long.==This string is fourty characters long.==This string is fourty characters long.==This string is fourty characters long.==This string is fourty characters long.==This string is fourty characters long.==This string is fourty characters long.==This string is fourty characters long.==This string is fourty characters long.==This string is fourty characters long.==This string is fourty characters long.==This string is fourty characters long.==This string is fourty characters long.==This string is fourty characters long.==This string is fourty characters long.==This string is fourty characters long.==This string is fourty characters long.==This string is fourty characters long.==This string is fourty characters long.==This string is fourty characters long.==This string is fourty characters long.==This string is fourty characters long.==This string is fourty characters long.==This string is fourty characters long.=
aracters long.==This string is fourty characters long.==This string is fourty characters long.==This string is fourty characters long.==This string is fourty characters long.==This string is fourty characters long.==This string is fourty characters long.==This string is fourty characters long.==This string is fourty characters long.==This string is fourty characters long.==This string is fourty characters long.==This string is fourty characters long.==This string is fourty characters long.==This string is fourty characters long.==This string is fourty characters long.==This string is fourty characters long.==This string is fourty characters long.==This string is fourty characters long.==This string is fourty characters long.==This string is fourty characters long.==This string is fourty characters long.==This string is fourty characters long.==This string is fourty characters long.==This string is fourty characters long.==This string is fourty c, 3, 0) -> 3
write(/numbers/33.num, 3 bytes, @+0) -> 3
pages_get_node(1)
 -> success
get_dir_inum(1)
current dir->data in dirs list is numbers
pages_get_node(13)
 -> success
pages_get_node(13)
 -> success
get_dir_inum(13)
current dir->data in dirs list is 34.num
tree_lookup(/numbers/34.num) -> -2
getattr(/numbers/34.num) -> (-2) {mode: 0000, size: 0}
IN MAKE NODE
get_dir_path(/numbers)
pages_get_node(1)
 -> success
get_dir_inum(1)
current dir->data in dirs list is numbers
pages_get_node(13)
 -> success
pages_get_node(13)
 -> success
get_dir_inum(13)
tree_lookup(/numbers) -> 13
pages_get_node(13)
 -> success
get_dir_inum(13)
directory_lookup(dd, 34.num) -> -2
pages_get_empty_pg() -> 48
pages_get_node(47)
 -> success
init_inode(node, 100664)
storage_mknod(/numbers/34.num, 100664)
directory_put(dd, 34.num, 47) -> 0
mknod(/numbers/34.num, 100664) -> 0
pages_get_node(1)
 -> success
get_dir_inum(1)
current dir->data in dirs list is numbers
pages_get_node(13)
 -> success
pages_get_node(13)
 -> success
get_dir_inum(13)
current dir->data in dirs list is 34.num
pages_get_node(47)
 -> success
tree_lookup(/numbers/34.num) -> 47
storage_stat(/numbers/34.num)
getattr(/numbers/34.num) -> (0) {mode: 100664, size: 0}
access(/numbers/34.num, 0000) -> 0
open(/numbers/34.num) -> 0
ioctl(/numbers/34.num, 21505, ...) -> -1
pages_get_node(1)
 -> success
get_dir_inum(1)
current dir->data in dirs list is numbers
pages_get_node(13)
 -> success
pages_get_node(13)
 -> success
get_dir_inum(13)
current dir->data in dirs list is 34.num
pages_get_node(47)
 -> success
tree_lookup(/numbers/34.num) -> 47
storage_write(/numbers/34.num, 34
lo there
ng.==This string is fourty characters long.==This string is fourty characters long.==This string is fourty characters long.==This string is fourty characters long.==This string is fourty characters long.==This string is fourty characters long.==This string is fourty characters long.==This string is fourty characters long.==This string is fourty characters long.==This string is fourty characters long.==This string is fourty characters long.==This string is fourty characters long.==This string is fourty characters long.==This string is fourty characters long.==This string is fourty characters long.==This string is fourty characters long.==This string is fourty characters long.==This string is fourty characters long.==This string is fourty characters long.==This string is fourty characters long.==This string is fourty characters long.==This string is fourty characters long.==This string is fourty characters long.==This string is fourty characters long.==This string is fourty characters long.==This string is fourty characters long.==This string is fourty characters long.==This string is fourty characters long.==This string is fourty characters long.==This string is fourty characters long.==This string is fourty characters long.==This string is fourty characters long.==This string is fourty characters long.==This string is fourty characters long.==This string is fourty characters long.==This string is fourty characters long.==This string is fourty characters long.==This string is fourty characters long.==This string is fourty characters long.==This string is fourty characters long.==This string is fourty characters long.==This string is fourty characters long.==This string is fourty characters long.==This string is fourty characters long.==This string is fourty characters long.==This string is fourty characters long.==This string is fourty characters long.==This string is fourty characters long.==This string is fourty characters long.==This string is fourty characters long.==This string is fourty characters long.==This string is fourty characters long.==This string is fourty characters long.==This string is fourty characters long.==This string is fourty characters long.==This string is fourty characters long.==This string is fourty characters long.==This string is fourty characters long.==This string is fourty characters long.==This string is fourty characters long.==This string is fourty characters long.==This string is fourty characters long.==This string is fourty characters long.==This string is fourty characters long.==This string is fourty characters long.==This string is fourty characters long.==This string is fourty characters long.==This string is fourty characters long.==This string is fourty characters long.==This string is fourty characters long.==This string is fourty characters long.==This string is fourty characters long.==This string is fourty characters long.==This string is fourty characters long.==This string is fourty characters long.==This string is fourty characters long.==This string is fourty characters long.==This string is fourty characters long.=
aracters long.==This string is fourty characters long.==This string is fourty characters long.==This string is fourty characters long.==This string is fourty characters long.==This string is fourty characters long.==This string is fourty characters long.==This string is fourty characters long.==This string is fourty characters long.==This string is fourty characters long.==This string is fourty characters long.==This string is fourty characters long.==This string is fourty characters long.==This string is fourty characters long.==This string is fourty characters long.==This string is fourty characters long.==This string is fourty characters long.==This string is fourty characters long.==This string is fourty characters long.==This string is fourty characters long.==This string is fourty characters long.==This string is fourty characters long.==This string is fourty characters long.==This string is fourty characters long.==This string is fourty c, 3, 0) -> 3
write(/numbers/34.num, 3 bytes, @+0) -> 3
pages_get_node(1)
 -> success
get_dir_inum(1)
current dir->data in dirs list is numbers
pages_get_node(13)
 -> success
pages_get_node(13)
 -> success
get_dir_inum(13)
current dir->data in dirs list is 35.num
tree_lookup(/numbers/35.num) -> -2
getattr(/numbers/35.num) -> (-2) {mode: 0000, size: 0}
IN MAKE NODE
get_dir_path(/numbers)
pages_get_node(1)
 -> success
get_dir_inum(1)
current dir->data in dirs list is numbers
pages_get_node(13)
 -> success
pages_get_node(13)
 -> success
get_dir_inum(13)
tree_lookup(/numbers) -> 13
pages_get_node(13)
 -> success
get_dir_inum(13)
directory_lookup(dd, 35.num) -> -2
pages_get_empty_pg() -> 49
pages_get_node(48)
 -> success
init_inode(node, 100664)
storage_mknod(/numbers/35.num, 100664)
directory_put(dd, 35.num, 48) -> 0
mknod(/numbers/35.num, 100664) -> 0
pages_get_node(1)
 -> success
get_dir_inum(1)
current dir->data in dirs list is numbers
pages_get_node(13)
 -> success
pages_get_node(13)
 -> success
get_dir_inum(13)
current dir->data in dirs list is 35.num
pages_get_node(48)
 -> success
tree_lookup(/numbers/35.num) -> 48
storage_stat(/numbers/35.num)
getattr(/numbers/35.num) -> (0) {mode: 100664, size: 0}
access(/numbers/35.num, 0000) -> 0
open(/numbers/35.num) -> 0
ioctl(/numbers/35.num, 21505, ...) -> -1
pages_get_node(1)
 -> success
get_dir_inum(1)
current dir->data in dirs list is numbers
pages_get_node(13)
 -> success
pages_get_node(13)
 -> success
get_dir_inum(13)
current dir->data in dirs list is 35.num
pages_get_node(48)
 -> success
tree_lookup(/numbers/35.num) -> 48
storage_write(/numbers/35.num, 35
lo there
ng.==This string is fourty characters long.==This string is fourty characters long.==This string is fourty characters long.==This string is fourty characters long.==This string is fourty characters long.==This string is fourty characters long.==This string is fourty characters long.==This string is fourty characters long.==This string is fourty characters long.==This string is fourty characters long.==This string is fourty characters long.==This string is fourty characters long.==This string is fourty characters long.==This string is fourty characters long.==This string is fourty characters long.==This string is fourty characters long.==This string is fourty characters long.==This string is fourty characters long.==This string is fourty characters long.==This string is fourty characters long.==This string is fourty characters long.==This string is fourty characters long.==This string is fourty characters long.==This string is fourty characters long.==This string is fourty characters long.==This string is fourty characters long.==This string is fourty characters long.==This string is fourty characters long.==This string is fourty characters long.==This string is fourty characters long.==This string is fourty characters long.==This string is fourty characters long.==This string is fourty characters long.==This string is fourty characters long.==This string is fourty characters long.==This string is fourty characters long.==This string is fourty characters long.==This string is fourty characters long.==This string is fourty characters long.==This string is fourty characters long.==This string is fourty characters long.==This string is fourty characters long.==This string is fourty characters long.==This string is fourty characters long.==This string is fourty characters long.==This string is fourty characters long.==This string is fourty characters long.==This string is fourty characters long.==This string is fourty characters long.==This string is fourty characters long.==This string is fourty characters long.==This string is fourty characters long.==This string is fourty characters long.==This string is fourty characters long.==This string is fourty characters long.==This string is fourty characters long.==This string is fourty characters long.==This string is fourty characters long.==This string is fourty characters long.==This string is fourty characters long.==This string is fourty characters long.==This string is fourty characters long.==This string is fourty characters long.==This string is fourty characters long.==This string is fourty characters long.==This string is fourty characters long.==This string is fourty characters long.==This string is fourty characters long.==This string is fourty characters long.==This string is fourty characters long.==This string is fourty characters long.==This string is fourty characters long.==This string is fourty characters long.==This string is fourty characters long.==This string is fourty characters long.==This string is fourty characters long.==This string is fourty characters long.==This string is fourty characters long.=
aracters long.==This string is fourty characters long.==This string is fourty characters long.==This string is fourty characters long.==This string is fourty characters long.==This string is fourty characters long.==This string is fourty characters long.==This string is fourty characters long.==This string is fourty characters long.==This string is fourty characters long.==This string is fourty characters long.==This string is fourty characters long.==This string is fourty characters long.==This string is fourty characters long.==This string is fourty characters long.==This string is fourty characters long.==This string is fourty characters long.==This string is fourty characters long.==This string is fourty characters long.==This string is fourty characters long.==This string is fourty characters long.==This string is fourty characters long.==This string is fourty characters long.==This string is fourty characters long.==This string is fourty c, 3, 0) -> 3
write(/numbers/35.num, 3 bytes, @+0) -> 3
pages_get_node(1)
 -> success
get_dir_inum(1)
current dir->data in dirs list is numbers
pages_get_node(13)
 -> success
pages_get_node(13)
 -> success
get_dir_inum(13)
current dir->data in dirs list is 36.num
tree_lookup(/numbers/36.num) -> -2
getattr(/numbers/36.num) -> (-2) {mode: 0000, size: 0}
IN MAKE NODE
get_dir_path(/numbers)
pages_get_node(1)
 -> success
get_dir_inum(1)
current dir->data in dirs list is numbers
pages_get_node(13)
 -> success
pages_get_node(13)
 -> success
get_dir_inum(13)
tree_lookup(/numbers) -> 13
pages_get_node(13)
 -> success
get_dir_inum(13)
directory_lookup(dd, 36.num) -> -2
pages_get_empty_pg() -> 50
pages_get_node(49)
 -> success
init_inode(node, 100664)
storage_mknod(/numbers/36.num, 100664)
directory_put(dd, 36.num, 49) -> 0
mknod(/numbers/36.num, 100664) -> 0
pages_get_node(1)
 -> success
get_dir_inum(1)
current dir->data in dirs list is numbers
pages_get_node(13)
 -> success
pages_get_node(13)
 -> success
get_dir_inum(13)
current dir->data in dirs list is 36.num
pages_get_node(49)
 -> success
tree_lookup(/numbers/36.num) -> 49
storage_stat(/numbers/36.num)
getattr(/numbers/36.num) -> (0) {mode: 100664, size: 0}
access(/numbers/36.num, 0000) -> 0
open(/numbers/36.num) -> 0
ioctl(/numbers/36.num, 21505, ...) -> -1
pages_get_node(1)
 -> success
get_dir_inum(1)
current dir->data in dirs list is numbers
pages_get_node(13)
 -> success
pages_get_node(13)
 -> success
get_dir_inum(13)
current dir->data in dirs list is 36.num
pages_get_node(49)
 -> success
tree_lookup(/numbers/36.num) -> 49
storage_write(/numbers/36.num, 36
lo there
ng.==This string is fourty characters long.==This string is fourty characters long.==This string is fourty characters long.==This string is fourty characters long.==This string is fourty characters long.==This string is fourty characters long.==This string is fourty characters long.==This string is fourty characters long.==This string is fourty characters long.==This string is fourty characters long.==This string is fourty characters long.==This string is fourty characters long.==This string is fourty characters long.==This string is fourty characters long.==This string is fourty characters long.==This string is fourty characters long.==This string is fourty characters long.==This string is fourty characters long.==This string is fourty characters long.==This string is fourty characters long.==This string is fourty characters long.==This string is fourty characters long.==This string is fourty characters long.==This string is fourty characters long.==This string is fourty characters long.==This string is fourty characters long.==This string is fourty characters long.==This string is fourty characters long.==This string is fourty characters long.==This string is fourty characters long.==This string is fourty characters long.==This string is fourty characters long.==This string is fourty characters long.==This string is fourty characters long.==This string is fourty characters long.==This string is fourty characters long.==This string is fourty characters long.==This string is fourty characters long.==This string is fourty characters long.==This string is fourty characters long.==This string is fourty characters long.==This string is fourty characters long.==This string is fourty characters long.==This string is fourty characters long.==This string is fourty characters long.==This string is fourty characters long.==This string is fourty characters long.==This string is fourty characters long.==This string is fourty characters long.==This string is fourty characters long.==This string is fourty characters long.==This string is fourty characters long.==This string is fourty characters long.==This string is fourty characters long.==This string is fourty characters long.==This string is fourty characters long.==This string is fourty characters long.==This string is fourty characters long.==This string is fourty characters long.==This string is fourty characters long.==This string is fourty characters long.==This string is fourty characters long.==This string is fourty characters long.==This string is fourty characters long.==This string is fourty characters long.==This string is fourty characters long.==This string is fourty characters long.==This string is fourty characters long.==This string is fourty characters long.==This string is fourty characters long.==This string is fourty characters long.==This string is fourty characters long.==This string is fourty characters long.==This string is fourty characters long.==This string is fourty characters long.==This string is fourty characters long.==This string is fourty characters long.==This string is fourty characters long.=
aracters long.==This string is fourty characters long.==This string is fourty characters long.==This string is fourty characters long.==This string is fourty characters long.==This string is fourty characters long.==This string is fourty characters long.==This string is fourty characters long.==This string is fourty characters long.==This string is fourty characters long.==This string is fourty characters long.==This string is fourty characters long.==This string is fourty characters long.==This string is fourty characters long.==This string is fourty characters long.==This string is fourty characters long.==This string is fourty characters long.==This string is fourty characters long.==This string is fourty characters long.==This string is fourty characters long.==This string is fourty characters long.==This string is fourty characters long.==This string is fourty characters long.==This string is fourty characters long.==This string is fourty c, 3, 0) -> 3
write(/numbers/36.num, 3 bytes, @+0) -> 3
pages_get_node(1)
 -> success
get_dir_inum(1)
current dir->data in dirs list is numbers
pages_get_node(13)
 -> success
pages_get_node(13)
 -> success
get_dir_inum(13)
current dir->data in dirs list is 37.num
tree_lookup(/numbers/37.num) -> -2
getattr(/numbers/37.num) -> (-2) {mode: 0000, size: 0}
IN MAKE NODE
get_dir_path(/numbers)
pages_get_node(1)
 -> success
get_dir_inum(1)
current dir->data in dirs list is numbers
pages_get_node(13)
 -> success
pages_get_node(13)
 -> success
get_dir_inum(13)
tree_lookup(/numbers) -> 13
pages_get_node(13)
 -> success
get_dir_inum(13)
directory_lookup(dd, 37.num) -> -2
pages_get_empty_pg() -> 51
pages_get_node(50)
 -> success
init_inode(node, 100664)
storage_mknod(/numbers/37.num, 100664)
directory_put(dd, 37.num, 50) -> 0
mknod(/numbers/37.num, 100664) -> 0
pages_get_node(1)
 -> success
get_dir_inum(1)
current dir->data in dirs list is numbers
pages_get_node(13)
 -> success
pages_get_node(13)
 -> success
get_dir_inum(13)
current dir->data in dirs list is 37.num
pages_get_node(50)
 -> success
tree_lookup(/numbers/37.num) -> 50
storage_stat(/numbers/37.num)
getattr(/numbers/37.num) -> (0) {mode: 100664, size: 0}
access(/numbers/37.num, 0000) -> 0
open(/numbers/37.num) -> 0
ioctl(/numbers/37.num, 21505, ...) -> -1
pages_get_node(1)
 -> success
get_dir_inum(1)
current dir->data in dirs list is numbers
pages_get_node(13)
 -> success
pages_get_node(13)
 -> success
get_dir_inum(13)
current dir->data in dirs list is 37.num
pages_get_node(50)
 -> success
tree_lookup(/numbers/37.num) -> 50
storage_write(/numbers/37.num, 37
lo there
ng.==This string is fourty characters long.==This string is fourty characters long.==This string is fourty characters long.==This string is fourty characters long.==This string is fourty characters long.==This string is fourty characters long.==This string is fourty characters long.==This string is fourty characters long.==This string is fourty characters long.==This string is fourty characters long.==This string is fourty characters long.==This string is fourty characters long.==This string is fourty characters long.==This string is fourty characters long.==This string is fourty characters long.==This string is fourty characters long.==This string is fourty characters long.==This string is fourty characters long.==This string is fourty characters long.==This string is fourty characters long.==This string is fourty characters long.==This string is fourty characters long.==This string is fourty characters long.==This string is fourty characters long.==This string is fourty characters long.==This string is fourty characters long.==This string is fourty characters long.==This string is fourty characters long.==This string is fourty characters long.==This string is fourty characters long.==This string is fourty characters long.==This string is fourty characters long.==This string is fourty characters long.==This string is fourty characters long.==This string is fourty characters long.==This string is fourty characters long.==This string is fourty characters long.==This string is fourty characters long.==This string is fourty characters long.==This string is fourty characters long.==This string is fourty characters long.==This string is fourty characters long.==This string is fourty characters long.==This string is fourty characters long.==This string is fourty characters long.==This string is fourty characters long.==This string is fourty characters long.==This string is fourty characters long.==This string is fourty characters long.==This string is fourty characters long.==This string is fourty characters long.==This string is fourty characters long.==This string is fourty characters long.==This string is fourty characters long.==This string is fourty characters long.==This string is fourty characters long.==This string is fourty characters long.==This string is fourty characters long.==This string is fourty characters long.==This string is fourty characters long.==This string is fourty characters long.==This string is fourty characters long.==This string is fourty characters long.==This string is fourty characters long.==This string is fourty characters long.==This string is fourty characters long.==This string is fourty characters long.==This string is fourty characters long.==This string is fourty characters long.==This string is fourty characters long.==This string is fourty characters long.==This string is fourty characters long.==This string is fourty characters long.==This string is fourty characters long.==This string is fourty characters long.==This string is fourty characters long.==This string is fourty characters long.==This string is fourty characters long.=
aracters long.==This string is fourty characters long.==This string is fourty characters long.==This string is fourty characters long.==This string is fourty characters long.==This string is fourty characters long.==This string is fourty characters long.==This string is fourty characters long.==This string is fourty characters long.==This string is fourty characters long.==This string is fourty characters long.==This string is fourty characters long.==This string is fourty characters long.==This string is fourty characters long.==This string is fourty characters long.==This string is fourty characters long.==This string is fourty characters long.==This string is fourty characters long.==This string is fourty characters long.==This string is fourty characters long.==This string is fourty characters long.==This string is fourty characters long.==This string is fourty characters long.==This string is fourty characters long.==This string is fourty c, 3, 0) -> 3
write(/numbers/37.num, 3 bytes, @+0) -> 3
pages_get_node(1)
 -> success
get_dir_inum(1)
current dir->data in dirs list is numbers
pages_get_node(13)
 -> success
pages_get_node(13)
 -> success
get_dir_inum(13)
current dir->data in dirs list is 38.num
tree_lookup(/numbers/38.num) -> -2
getattr(/numbers/38.num) -> (-2) {mode: 0000, size: 0}
IN MAKE NODE
get_dir_path(/numbers)
pages_get_node(1)
 -> success
get_dir_inum(1)
current dir->data in dirs list is numbers
pages_get_node(13)
 -> success
pages_get_node(13)
 -> success
get_dir_inum(13)
tree_lookup(/numbers) -> 13
pages_get_node(13)
 -> success
get_dir_inum(13)
directory_lookup(dd, 38.num) -> -2
pages_get_empty_pg() -> 52
pages_get_node(51)
 -> success
init_inode(node, 100664)
storage_mknod(/numbers/38.num, 100664)
directory_put(dd, 38.num, 51) -> 0
mknod(/numbers/38.num, 100664) -> 0
pages_get_node(1)
 -> success
get_dir_inum(1)
current dir->data in dirs list is numbers
pages_get_node(13)
 -> success
pages_get_node(13)
 -> success
get_dir_inum(13)
current dir->data in dirs list is 38.num
pages_get_node(51)
 -> success
tree_lookup(/numbers/38.num) -> 51
storage_stat(/numbers/38.num)
getattr(/numbers/38.num) -> (0) {mode: 100664, size: 0}
access(/numbers/38.num, 0000) -> 0
open(/numbers/38.num) -> 0
ioctl(/numbers/38.num, 21505, ...) -> -1
pages_get_node(1)
 -> success
get_dir_inum(1)
current dir->data in dirs list is numbers
pages_get_node(13)
 -> success
pages_get_node(13)
 -> success
get_dir_inum(13)
current dir->data in dirs list is 38.num
pages_get_node(51)
 -> success
tree_lookup(/numbers/38.num) -> 51
storage_write(/numbers/38.num, 38
lo there
ng.==This string is fourty characters long.==This string is fourty characters long.==This string is fourty characters long.==This string is fourty characters long.==This string is fourty characters long.==This string is fourty characters long.==This string is fourty characters long.==This string is fourty characters long.==This string is fourty characters long.==This string is fourty characters long.==This string is fourty characters long.==This string is fourty characters long.==This string is fourty characters long.==This string is fourty characters long.==This string is fourty characters long.==This string is fourty characters long.==This string is fourty characters long.==This string is fourty characters long.==This string is fourty characters long.==This string is fourty characters long.==This string is fourty characters long.==This string is fourty characters long.==This string is fourty characters long.==This string is fourty characters long.==This string is fourty characters long.==This string is fourty characters long.==This string is fourty characters long.==This string is fourty characters long.==This string is fourty characters long.==This string is fourty characters long.==This string is fourty characters long.==This string is fourty characters long.==This string is fourty characters long.==This string is fourty characters long.==This string is fourty characters long.==This string is fourty characters long.==This string is fourty characters long.==This string is fourty characters long.==This string is fourty characters long.==This string is fourty characters long.==This string is fourty characters long.==This string is fourty characters long.==This string is fourty characters long.==This string is fourty characters long.==This string is fourty characters long.==This string is fourty characters long.==This string is fourty characters long.==This string is fourty characters long.==This string is fourty characters long.==This string is fourty characters long.==This string is fourty characters long.==This string is fourty characters long.==This string is fourty characters long.==This string is fourty characters long.==This string is fourty characters long.==This string is fourty characters long.==This string is fourty characters long.==This string is fourty characters long.==This string is fourty characters long.==This string is fourty characters long.==This string is fourty characters long.==This string is fourty characters long.==This string is fourty characters long.==This string is fourty characters long.==This string is fourty characters long.==This string is fourty characters long.==This string is fourty characters long.==This string is fourty characters long.==This string is fourty characters long.==This string is fourty characters long.==This string is fourty characters long.==This string is fourty characters long.==This string is fourty characters long.==This string is fourty characters long.==This string is fourty characters long.==This string is fourty characters long.==This string is fourty characters long.==This string is fourty characters long.=
aracters long.==This string is fourty characters long.==This string is fourty characters long.==This string is fourty characters long.==This string is fourty characters long.==This string is fourty characters long.==This string is fourty characters long.==This string is fourty characters long.==This string is fourty characters long.==This string is fourty characters long.==This string is fourty characters long.==This string is fourty characters long.==This string is fourty characters long.==This string is fourty characters long.==This string is fourty characters long.==This string is fourty characters long.==This string is fourty characters long.==This string is fourty characters long.==This string is fourty characters long.==This string is fourty characters long.==This string is fourty characters long.==This string is fourty characters long.==This string is fourty characters long.==This string is fourty characters long.==This string is fourty c, 3, 0) -> 3
write(/numbers/38.num, 3 bytes, @+0) -> 3
pages_get_node(1)
 -> success
get_dir_inum(1)
current dir->data in dirs list is numbers
pages_get_node(13)
 -> success
pages_get_node(13)
 -> success
get_dir_inum(13)
current dir->data in dirs list is 39.num
tree_lookup(/numbers/39.num) -> -2
getattr(/numbers/39.num) -> (-2) {mode: 0000, size: 0}
IN MAKE NODE
get_dir_path(/numbers)
pages_get_node(1)
 -> success
get_dir_inum(1)
current dir->data in dirs list is numbers
pages_get_node(13)
 -> success
pages_get_node(13)
 -> success
get_dir_inum(13)
tree_lookup(/numbers) -> 13
pages_get_node(13)
 -> success
get_dir_inum(13)
directory_lookup(dd, 39.num) -> -2
pages_get_empty_pg() -> 53
pages_get_node(52)
 -> success
init_inode(node, 100664)
storage_mknod(/numbers/39.num, 100664)
directory_put(dd, 39.num, 52) -> 0
mknod(/numbers/39.num, 100664) -> 0
pages_get_node(1)
 -> success
get_dir_inum(1)
current dir->data in dirs list is numbers
pages_get_node(13)
 -> success
pages_get_node(13)
 -> success
get_dir_inum(13)
current dir->data in dirs list is 39.num
pages_get_node(52)
 -> success
tree_lookup(/numbers/39.num) -> 52
storage_stat(/numbers/39.num)
getattr(/numbers/39.num) -> (0) {mode: 100664, size: 0}
access(/numbers/39.num, 0000) -> 0
open(/numbers/39.num) -> 0
ioctl(/numbers/39.num, 21505, ...) -> -1
pages_get_node(1)
 -> success
get_dir_inum(1)
current dir->data in dirs list is numbers
pages_get_node(13)
 -> success
pages_get_node(13)
 -> success
get_dir_inum(13)
current dir->data in dirs list is 39.num
pages_get_node(52)
 -> success
tree_lookup(/numbers/39.num) -> 52
storage_write(/numbers/39.num, 39
lo there
ng.==This string is fourty characters long.==This string is fourty characters long.==This string is fourty characters long.==This string is fourty characters long.==This string is fourty characters long.==This string is fourty characters long.==This string is fourty characters long.==This string is fourty characters long.==This string is fourty characters long.==This string is fourty characters long.==This string is fourty characters long.==This string is fourty characters long.==This string is fourty characters long.==This string is fourty characters long.==This string is fourty characters long.==This string is fourty characters long.==This string is fourty characters long.==This string is fourty characters long.==This string is fourty characters long.==This string is fourty characters long.==This string is fourty characters long.==This string is fourty characters long.==This string is fourty characters long.==This string is fourty characters long.==This string is fourty characters long.==This string is fourty characters long.==This string is fourty characters long.==This string is fourty characters long.==This string is fourty characters long.==This string is fourty characters long.==This string is fourty characters long.==This string is fourty characters long.==This string is fourty characters long.==This string is fourty characters long.==This string is fourty characters long.==This string is fourty characters long.==This string is fourty characters long.==This string is fourty characters long.==This string is fourty characters long.==This string is fourty characters long.==This string is fourty characters long.==This string is fourty characters long.==This string is fourty characters long.==This string is fourty characters long.==This string is fourty characters long.==This string is fourty characters long.==This string is fourty characters long.==This string is fourty characters long.==This string is fourty characters long.==This string is fourty characters long.==This string is fourty characters long.==This string is fourty characters long.==This string is fourty characters long.==This string is fourty characters long.==This string is fourty characters long.==This string is fourty characters long.==This string is fourty characters long.==This string is fourty characters long.==This string is fourty characters long.==This string is fourty characters long.==This string is fourty characters long.==This string is fourty characters long.==This string is fourty characters long.==This string is fourty characters long.==This string is fourty characters long.==This string is fourty characters long.==This string is fourty characters long.==This string is fourty characters long.==This string is fourty characters long.==This string is fourty characters long.==This string is fourty characters long.==This string is fourty characters long.==This string is fourty characters long.==This string is fourty characters long.==This string is fourty characters long.==This string is fourty characters long.==This string is fourty characters long.==This string is fourty characters long.=
aracters long.==This string is fourty characters long.==This string is fourty characters long.==This string is fourty characters long.==This string is fourty characters long.==This string is fourty characters long.==This string is fourty characters long.==This string is fourty characters long.==This string is fourty characters long.==This string is fourty characters long.==This string is fourty characters long.==This string is fourty characters long.==This string is fourty characters long.==This string is fourty characters long.==This string is fourty characters long.==This string is fourty characters long.==This string is fourty characters long.==This string is fourty characters long.==This string is fourty characters long.==This string is fourty characters long.==This string is fourty characters long.==This string is fourty characters long.==This string is fourty characters long.==This string is fourty characters long.==This string is fourty c, 3, 0) -> 3
write(/numbers/39.num, 3 bytes, @+0) -> 3
pages_get_node(1)
 -> success
get_dir_inum(1)
current dir->data in dirs list is numbers
pages_get_node(13)
 -> success
pages_get_node(13)
 -> success
get_dir_inum(13)
current dir->data in dirs list is 40.num
tree_lookup(/numbers/40.num) -> -2
getattr(/numbers/40.num) -> (-2) {mode: 0000, size: 0}
IN MAKE NODE
get_dir_path(/numbers)
pages_get_node(1)
 -> success
get_dir_inum(1)
current dir->data in dirs list is numbers
pages_get_node(13)
 -> success
pages_get_node(13)
 -> success
get_dir_inum(13)
tree_lookup(/numbers) -> 13
pages_get_node(13)
 -> success
get_dir_inum(13)
directory_lookup(dd, 40.num) -> -2
pages_get_empty_pg() -> 54
pages_get_node(53)
 -> success
init_inode(node, 100664)
storage_mknod(/numbers/40.num, 100664)
directory_put(dd, 40.num, 53) -> 0
mknod(/numbers/40.num, 100664) -> 0
pages_get_node(1)
 -> success
get_dir_inum(1)
current dir->data in dirs list is numbers
pages_get_node(13)
 -> success
pages_get_node(13)
 -> success
get_dir_inum(13)
current dir->data in dirs list is 40.num
pages_get_node(53)
 -> success
tree_lookup(/numbers/40.num) -> 53
storage_stat(/numbers/40.num)
getattr(/numbers/40.num) -> (0) {mode: 100664, size: 0}
access(/numbers/40.num, 0000) -> 0
open(/numbers/40.num) -> 0
ioctl(/numbers/40.num, 21505, ...) -> -1
pages_get_node(1)
 -> success
get_dir_inum(1)
current dir->data in dirs list is numbers
pages_get_node(13)
 -> success
pages_get_node(13)
 -> success
get_dir_inum(13)
current dir->data in dirs list is 40.num
pages_get_node(53)
 -> success
tree_lookup(/numbers/40.num) -> 53
storage_write(/numbers/40.num, 40
lo there
ng.==This string is fourty characters long.==This string is fourty characters long.==This string is fourty characters long.==This string is fourty characters long.==This string is fourty characters long.==This string is fourty characters long.==This string is fourty characters long.==This string is fourty characters long.==This string is fourty characters long.==This string is fourty characters long.==This string is fourty characters long.==This string is fourty characters long.==This string is fourty characters long.==This string is fourty characters long.==This string is fourty characters long.==This string is fourty characters long.==This string is fourty characters long.==This string is fourty characters long.==This string is fourty characters long.==This string is fourty characters long.==This string is fourty characters long.==This string is fourty characters long.==This string is fourty characters long.==This string is fourty characters long.==This string is fourty characters long.==This string is fourty characters long.==This string is fourty characters long.==This string is fourty characters long.==This string is fourty characters long.==This string is fourty characters long.==This string is fourty characters long.==This string is fourty characters long.==This string is fourty characters long.==This string is fourty characters long.==This string is fourty characters long.==This string is fourty characters long.==This string is fourty characters long.==This string is fourty characters long.==This string is fourty characters long.==This string is fourty characters long.==This string is fourty characters long.==This string is fourty characters long.==This string is fourty characters long.==This string is fourty characters long.==This string is fourty characters long.==This string is fourty characters long.==This string is fourty characters long.==This string is fourty characters long.==This string is fourty characters long.==This string is fourty characters long.==This string is fourty characters long.==This string is fourty characters long.==This string is fourty characters long.==This string is fourty characters long.==This string is fourty characters long.==This string is fourty characters long.==This string is fourty characters long.==This string is fourty characters long.==This string is fourty characters long.==This string is fourty characters long.==This string is fourty characters long.==This string is fourty characters long.==This string is fourty characters long.==This string is fourty characters long.==This string is fourty characters long.==This string is fourty characters long.==This string is fourty characters long.==This string is fourty characters long.==This string is fourty characters long.==This string is fourty characters long.==This string is fourty characters long.==This string is fourty characters long.==This string is fourty characters long.==This string is fourty characters long.==This string is fourty characters long.==This string is fourty characters long.==This string is fourty characters long.==This string is fourty characters long.=
aracters long.==This string is fourty characters long.==This string is fourty characters long.==This string is fourty characters long.==This string is fourty characters long.==This string is fourty characters long.==This string is fourty characters long.==This string is fourty characters long.==This string is fourty characters long.==This string is fourty characters long.==This string is fourty characters long.==This string is fourty characters long.==This string is fourty characters long.==This string is fourty characters long.==This string is fourty characters long.==This string is fourty characters long.==This string is fourty characters long.==This string is fourty characters long.==This string is fourty characters long.==This string is fourty characters long.==This string is fourty characters long.==This string is fourty characters long.==This string is fourty characters long.==This string is fourty characters long.==This string is fourty c, 3, 0) -> 3
write(/numbers/40.num, 3 bytes, @+0) -> 3
pages_get_node(1)
 -> success
get_dir_inum(1)
current dir->data in dirs list is numbers
pages_get_node(13)
 -> success
pages_get_node(13)
 -> success
get_dir_inum(13)
current dir->data in dirs list is 41.num
tree_lookup(/numbers/41.num) -> -2
getattr(/numbers/41.num) -> (-2) {mode: 0000, size: 0}
IN MAKE NODE
get_dir_path(/numbers)
pages_get_node(1)
 -> success
get_dir_inum(1)
current dir->data in dirs list is numbers
pages_get_node(13)
 -> success
pages_get_node(13)
 -> success
get_dir_inum(13)
tree_lookup(/numbers) -> 13
pages_get_node(13)
 -> success
get_dir_inum(13)
directory_lookup(dd, 41.num) -> -2
pages_get_empty_pg() -> 55
pages_get_node(54)
 -> success
init_inode(node, 100664)
storage_mknod(/numbers/41.num, 100664)
directory_put(dd, 41.num, 54) -> 0
mknod(/numbers/41.num, 100664) -> 0
pages_get_node(1)
 -> success
get_dir_inum(1)
current dir->data in dirs list is numbers
pages_get_node(13)
 -> success
pages_get_node(13)
 -> success
get_dir_inum(13)
current dir->data in dirs list is 41.num
pages_get_node(54)
 -> success
tree_lookup(/numbers/41.num) -> 54
storage_stat(/numbers/41.num)
getattr(/numbers/41.num) -> (0) {mode: 100664, size: 0}
access(/numbers/41.num, 0000) -> 0
open(/numbers/41.num) -> 0
ioctl(/numbers/41.num, 21505, ...) -> -1
pages_get_node(1)
 -> success
get_dir_inum(1)
current dir->data in dirs list is numbers
pages_get_node(13)
 -> success
pages_get_node(13)
 -> success
get_dir_inum(13)
current dir->data in dirs list is 41.num
pages_get_node(54)
 -> success
tree_lookup(/numbers/41.num) -> 54
storage_write(/numbers/41.num, 41
lo there
ng.==This string is fourty characters long.==This string is fourty characters long.==This string is fourty characters long.==This string is fourty characters long.==This string is fourty characters long.==This string is fourty characters long.==This string is fourty characters long.==This string is fourty characters long.==This string is fourty characters long.==This string is fourty characters long.==This string is fourty characters long.==This string is fourty characters long.==This string is fourty characters long.==This string is fourty characters long.==This string is fourty characters long.==This string is fourty characters long.==This string is fourty characters long.==This string is fourty characters long.==This string is fourty characters long.==This string is fourty characters long.==This string is fourty characters long.==This string is fourty characters long.==This string is fourty characters long.==This string is fourty characters long.==This string is fourty characters long.==This string is fourty characters long.==This string is fourty characters long.==This string is fourty characters long.==This string is fourty characters long.==This string is fourty characters long.==This string is fourty characters long.==This string is fourty characters long.==This string is fourty characters long.==This string is fourty characters long.==This string is fourty characters long.==This string is fourty characters long.==This string is fourty characters long.==This string is fourty characters long.==This string is fourty characters long.==This string is fourty characters long.==This string is fourty characters long.==This string is fourty characters long.==This string is fourty characters long.==This string is fourty characters long.==This string is fourty characters long.==This string is fourty characters long.==This string is fourty characters long.==This string is fourty characters long.==This string is fourty characters long.==This string is fourty characters long.==This string is fourty characters long.==This string is fourty characters long.==This string is fourty characters long.==This string is fourty characters long.==This string is fourty characters long.==This string is fourty characters long.==This string is fourty characters long.==This string is fourty characters long.==This string is fourty characters long.==This string is fourty characters long.==This string is fourty characters long.==This string is fourty characters long.==This string is fourty characters long.==This string is fourty characters long.==This string is fourty characters long.==This string is fourty characters long.==This string is fourty characters long.==This string is fourty characters long.==This string is fourty characters long.==This string is fourty characters long.==This string is fourty characters long.==This string is fourty characters long.==This string is fourty characters long.==This string is fourty characters long.==This string is fourty characters long.==This string is fourty characters long.==This string is fourty characters long.==This string is fourty characters long.=
aracters long.==This string is fourty characters long.==This string is fourty characters long.==This string is fourty characters long.==This string is fourty characters long.==This string is fourty characters long.==This string is fourty characters long.==This string is fourty characters long.==This string is fourty characters long.==This string is fourty characters long.==This string is fourty characters long.==This string is fourty characters long.==This string is fourty characters long.==This string is fourty characters long.==This string is fourty characters long.==This string is fourty characters long.==This string is fourty characters long.==This string is fourty characters long.==This string is fourty characters long.==This string is fourty characters long.==This string is fourty characters long.==This string is fourty characters long.==This string is fourty characters long.==This string is fourty characters long.==This string is fourty c, 3, 0) -> 3
write(/numbers/41.num, 3 bytes, @+0) -> 3
pages_get_node(1)
 -> success
get_dir_inum(1)
current dir->data in dirs list is numbers
pages_get_node(13)
 -> success
pages_get_node(13)
 -> success
get_dir_inum(13)
current dir->data in dirs list is 42.num
tree_lookup(/numbers/42.num) -> -2
getattr(/numbers/42.num) -> (-2) {mode: 0000, size: 0}
IN MAKE NODE
get_dir_path(/numbers)
pages_get_node(1)
 -> success
get_dir_inum(1)
current dir->data in dirs list is numbers
pages_get_node(13)
 -> success
pages_get_node(13)
 -> success
get_dir_inum(13)
tree_lookup(/numbers) -> 13
pages_get_node(13)
 -> success
get_dir_inum(13)
directory_lookup(dd, 42.num) -> -2
pages_get_empty_pg() -> 56
pages_get_node(55)
 -> success
init_inode(node, 100664)
storage_mknod(/numbers/42.num, 100664)
directory_put(dd, 42.num, 55) -> 0
mknod(/numbers/42.num, 100664) -> 0
pages_get_node(1)
 -> success
get_dir_inum(1)
current dir->data in dirs list is numbers
pages_get_node(13)
 -> success
pages_get_node(13)
 -> success
get_dir_inum(13)
current dir->data in dirs list is 42.num
pages_get_node(55)
 -> success
tree_lookup(/numbers/42.num) -> 55
storage_stat(/numbers/42.num)
getattr(/numbers/42.num) -> (0) {mode: 100664, size: 0}
access(/numbers/42.num, 0000) -> 0
open(/numbers/42.num) -> 0
ioctl(/numbers/42.num, 21505, ...) -> -1
pages_get_node(1)
 -> success
get_dir_inum(1)
current dir->data in dirs list is numbers
pages_get_node(13)
 -> success
pages_get_node(13)
 -> success
get_dir_inum(13)
current dir->data in dirs list is 42.num
pages_get_node(55)
 -> success
tree_lookup(/numbers/42.num) -> 55
storage_write(/numbers/42.num, 42
lo there
ng.==This string is fourty characters long.==This string is fourty characters long.==This string is fourty characters long.==This string is fourty characters long.==This string is fourty characters long.==This string is fourty characters long.==This string is fourty characters long.==This string is fourty characters long.==This string is fourty characters long.==This string is fourty characters long.==This string is fourty characters long.==This string is fourty characters long.==This string is fourty characters long.==This string is fourty characters long.==This string is fourty characters long.==This string is fourty characters long.==This string is fourty characters long.==This string is fourty characters long.==This string is fourty characters long.==This string is fourty characters long.==This string is fourty characters long.==This string is fourty characters long.==This string is fourty characters long.==This string is fourty characters long.==This string is fourty characters long.==This string is fourty characters long.==This string is fourty characters long.==This string is fourty characters long.==This string is fourty characters long.==This string is fourty characters long.==This string is fourty characters long.==This string is fourty characters long.==This string is fourty characters long.==This string is fourty characters long.==This string is fourty characters long.==This string is fourty characters long.==This string is fourty characters long.==This string is fourty characters long.==This string is fourty characters long.==This string is fourty characters long.==This string is fourty characters long.==This string is fourty characters long.==This string is fourty characters long.==This string is fourty characters long.==This string is fourty characters long.==This string is fourty characters long.==This string is fourty characters long.==This string is fourty characters long.==This string is fourty characters long.==This string is fourty characters long.==This string is fourty characters long.==This string is fourty characters long.==This string is fourty characters long.==This string is fourty characters long.==This string is fourty characters long.==This string is fourty characters long.==This string is fourty characters long.==This string is fourty characters long.==This string is fourty characters long.==This string is fourty characters long.==This string is fourty characters long.==This string is fourty characters long.==This string is fourty characters long.==This string is fourty characters long.==This string is fourty characters long.==This string is fourty characters long.==This string is fourty characters long.==This string is fourty characters long.==This string is fourty characters long.==This string is fourty characters long.==This string is fourty characters long.==This string is fourty characters long.==This string is fourty characters long.==This string is fourty characters long.==This string is fourty characters long.==This string is fourty characters long.==This string is fourty characters long.==This string is fourty characters long.=
aracters long.==This string is fourty characters long.==This string is fourty characters long.==This string is fourty characters long.==This string is fourty characters long.==This string is fourty characters long.==This string is fourty characters long.==This string is fourty characters long.==This string is fourty characters long.==This string is fourty characters long.==This string is fourty characters long.==This string is fourty characters long.==This string is fourty characters long.==This string is fourty characters long.==This string is fourty characters long.==This string is fourty characters long.==This string is fourty characters long.==This string is fourty characters long.==This string is fourty characters long.==This string is fourty characters long.==This string is fourty characters long.==This string is fourty characters long.==This string is fourty characters long.==This string is fourty characters long.==This string is fourty c, 3, 0) -> 3
write(/numbers/42.num, 3 bytes, @+0) -> 3
pages_get_node(1)
 -> success
get_dir_inum(1)
current dir->data in dirs list is numbers
pages_get_node(13)
 -> success
pages_get_node(13)
 -> success
get_dir_inum(13)
current dir->data in dirs list is 43.num
tree_lookup(/numbers/43.num) -> -2
getattr(/numbers/43.num) -> (-2) {mode: 0000, size: 0}
IN MAKE NODE
get_dir_path(/numbers)
pages_get_node(1)
 -> success
get_dir_inum(1)
current dir->data in dirs list is numbers
pages_get_node(13)
 -> success
pages_get_node(13)
 -> success
get_dir_inum(13)
tree_lookup(/numbers) -> 13
pages_get_node(13)
 -> success
get_dir_inum(13)
directory_lookup(dd, 43.num) -> -2
pages_get_empty_pg() -> 57
pages_get_node(56)
 -> success
init_inode(node, 100664)
storage_mknod(/numbers/43.num, 100664)
directory_put(dd, 43.num, 56) -> 0
mknod(/numbers/43.num, 100664) -> 0
pages_get_node(1)
 -> success
get_dir_inum(1)
current dir->data in dirs list is numbers
pages_get_node(13)
 -> success
pages_get_node(13)
 -> success
get_dir_inum(13)
current dir->data in dirs list is 43.num
pages_get_node(56)
 -> success
tree_lookup(/numbers/43.num) -> 56
storage_stat(/numbers/43.num)
getattr(/numbers/43.num) -> (0) {mode: 100664, size: 0}
access(/numbers/43.num, 0000) -> 0
open(/numbers/43.num) -> 0
ioctl(/numbers/43.num, 21505, ...) -> -1
pages_get_node(1)
 -> success
get_dir_inum(1)
current dir->data in dirs list is numbers
pages_get_node(13)
 -> success
pages_get_node(13)
 -> success
get_dir_inum(13)
current dir->data in dirs list is 43.num
pages_get_node(56)
 -> success
tree_lookup(/numbers/43.num) -> 56
storage_write(/numbers/43.num, 43
lo there
ng.==This string is fourty characters long.==This string is fourty characters long.==This string is fourty characters long.==This string is fourty characters long.==This string is fourty characters long.==This string is fourty characters long.==This string is fourty characters long.==This string is fourty characters long.==This string is fourty characters long.==This string is fourty characters long.==This string is fourty characters long.==This string is fourty characters long.==This string is fourty characters long.==This string is fourty characters long.==This string is fourty characters long.==This string is fourty characters long.==This string is fourty characters long.==This string is fourty characters long.==This string is fourty characters long.==This string is fourty characters long.==This string is fourty characters long.==This string is fourty characters long.==This string is fourty characters long.==This string is fourty characters long.==This string is fourty characters long.==This string is fourty characters long.==This string is fourty characters long.==This string is fourty characters long.==This string is fourty characters long.==This string is fourty characters long.==This string is fourty characters long.==This string is fourty characters long.==This string is fourty characters long.==This string is fourty characters long.==This string is fourty characters long.==This string is fourty characters long.==This string is fourty characters long.==This string is fourty characters long.==This string is fourty characters long.==This string is fourty characters long.==This string is fourty characters long.==This string is fourty characters long.==This string is fourty characters long.==This string is fourty characters long.==This string is fourty characters long.==This string is fourty characters long.==This string is fourty characters long.==This string is fourty characters long.==This string is fourty characters long.==This string is fourty characters long.==This string is fourty characters long.==This string is fourty characters long.==This string is fourty characters long.==This string is fourty characters long.==This string is fourty characters long.==This string is fourty characters long.==This string is fourty characters long.==This string is fourty characters long.==This string is fourty characters long.==This string is fourty characters long.==This string is fourty characters long.==This string is fourty characters long.==This string is fourty characters long.==This string is fourty characters long.==This string is fourty characters long.==This string is fourty characters long.==This string is fourty characters long.==This string is fourty characters long.==This string is fourty characters long.==This string is fourty characters long.==This string is fourty characters long.==This string is fourty characters long.==This string is fourty characters long.==This string is fourty characters long.==This string is fourty characters long.==This string is fourty characters long.==This string is fourty characters long.==This string is fourty characters long.=
aracters long.==This string is fourty characters long.==This string is fourty characters long.==This string is fourty characters long.==This string is fourty characters long.==This string is fourty characters long.==This string is fourty characters long.==This string is fourty characters long.==This string is fourty characters long.==This string is fourty characters long.==This string is fourty characters long.==This string is fourty characters long.==This string is fourty characters long.==This string is fourty characters long.==This string is fourty characters long.==This string is fourty characters long.==This string is fourty characters long.==This string is fourty characters long.==This string is fourty characters long.==This string is fourty characters long.==This string is fourty characters long.==This string is fourty characters long.==This string is fourty characters long.==This string is fourty characters long.==This string is fourty c, 3, 0) -> 3
write(/numbers/43.num, 3 bytes, @+0) -> 3
pages_get_node(1)
 -> success
get_dir_inum(1)
current dir->data in dirs list is numbers
pages_get_node(13)
 -> success
pages_get_node(13)
 -> success
get_dir_inum(13)
current dir->data in dirs list is 44.num
tree_lookup(/numbers/44.num) -> -2
getattr(/numbers/44.num) -> (-2) {mode: 0000, size: 0}
IN MAKE NODE
get_dir_path(/numbers)
pages_get_node(1)
 -> success
get_dir_inum(1)
current dir->data in dirs list is numbers
pages_get_node(13)
 -> success
pages_get_node(13)
 -> success
get_dir_inum(13)
tree_lookup(/numbers) -> 13
pages_get_node(13)
 -> success
get_dir_inum(13)
directory_lookup(dd, 44.num) -> -2
pages_get_empty_pg() -> 58
pages_get_node(57)
 -> success
init_inode(node, 100664)
storage_mknod(/numbers/44.num, 100664)
directory_put(dd, 44.num, 57) -> 0
mknod(/numbers/44.num, 100664) -> 0
pages_get_node(1)
 -> success
get_dir_inum(1)
current dir->data in dirs list is numbers
pages_get_node(13)
 -> success
pages_get_node(13)
 -> success
get_dir_inum(13)
current dir->data in dirs list is 44.num
pages_get_node(57)
 -> success
tree_lookup(/numbers/44.num) -> 57
storage_stat(/numbers/44.num)
getattr(/numbers/44.num) -> (0) {mode: 100664, size: 0}
access(/numbers/44.num, 0000) -> 0
open(/numbers/44.num) -> 0
ioctl(/numbers/44.num, 21505, ...) -> -1
pages_get_node(1)
 -> success
get_dir_inum(1)
current dir->data in dirs list is numbers
pages_get_node(13)
 -> success
pages_get_node(13)
 -> success
get_dir_inum(13)
current dir->data in dirs list is 44.num
pages_get_node(57)
 -> success
tree_lookup(/numbers/44.num) -> 57
storage_write(/numbers/44.num, 44
lo there
ng.==This string is fourty characters long.==This string is fourty characters long.==This string is fourty characters long.==This string is fourty characters long.==This string is fourty characters long.==This string is fourty characters long.==This string is fourty characters long.==This string is fourty characters long.==This string is fourty characters long.==This string is fourty characters long.==This string is fourty characters long.==This string is fourty characters long.==This string is fourty characters long.==This string is fourty characters long.==This string is fourty characters long.==This string is fourty characters long.==This string is fourty characters long.==This string is fourty characters long.==This string is fourty characters long.==This string is fourty characters long.==This string is fourty characters long.==This string is fourty characters long.==This string is fourty characters long.==This string is fourty characters long.==This string is fourty characters long.==This string is fourty characters long.==This string is fourty characters long.==This string is fourty characters long.==This string is fourty characters long.==This string is fourty characters long.==This string is fourty characters long.==This string is fourty characters long.==This string is fourty characters long.==This string is fourty characters long.==This string is fourty characters long.==This string is fourty characters long.==This string is fourty characters long.==This string is fourty characters long.==This string is fourty characters long.==This string is fourty characters long.==This string is fourty characters long.==This string is fourty characters long.==This string is fourty characters long.==This string is fourty characters long.==This string is fourty characters long.==This string is fourty characters long.==This string is fourty characters long.==This string is fourty characters long.==This string is fourty characters long.==This string is fourty characters long.==This string is fourty characters long.==This string is fourty characters long.==This string is fourty characters long.==This string is fourty characters long.==This string is fourty characters long.==This string is fourty characters long.==This string is fourty characters long.==This string is fourty characters long.==This string is fourty characters long.==This string is fourty characters long.==This string is fourty characters long.==This string is fourty characters long.==This string is fourty characters long.==This string is fourty characters long.==This string is fourty characters long.==This string is fourty characters long.==This string is fourty characters long.==This string is fourty characters long.==This string is fourty characters long.==This string is fourty characters long.==This string is fourty characters long.==This string is fourty characters long.==This string is fourty characters long.==This string is fourty characters long.==This string is fourty characters long.==This string is fourty characters long.==This string is fourty characters long.==This string is fourty characters long.=
aracters long.==This string is fourty characters long.==This string is fourty characters long.==This string is fourty characters long.==This string is fourty characters long.==This string is fourty characters long.==This string is fourty characters long.==This string is fourty characters long.==This string is fourty characters long.==This string is fourty characters long.==This string is fourty characters long.==This string is fourty characters long.==This string is fourty characters long.==This string is fourty characters long.==This string is fourty characters long.==This string is fourty characters long.==This string is fourty characters long.==This string is fourty characters long.==This string is fourty characters long.==This string is fourty characters long.==This string is fourty characters long.==This string is fourty characters long.==This string is fourty characters long.==This string is fourty characters long.==This string is fourty c, 3, 0) -> 3
write(/numbers/44.num, 3 bytes, @+0) -> 3
pages_get_node(1)
 -> success
get_dir_inum(1)
current dir->data in dirs list is numbers
pages_get_node(13)
 -> success
pages_get_node(13)
 -> success
get_dir_inum(13)
current dir->data in dirs list is 45.num
tree_lookup(/numbers/45.num) -> -2
getattr(/numbers/45.num) -> (-2) {mode: 0000, size: 0}
IN MAKE NODE
get_dir_path(/numbers)
pages_get_node(1)
 -> success
get_dir_inum(1)
current dir->data in dirs list is numbers
pages_get_node(13)
 -> success
pages_get_node(13)
 -> success
get_dir_inum(13)
tree_lookup(/numbers) -> 13
pages_get_node(13)
 -> success
get_dir_inum(13)
directory_lookup(dd, 45.num) -> -2
pages_get_empty_pg() -> 59
pages_get_node(58)
 -> success
init_inode(node, 100664)
storage_mknod(/numbers/45.num, 100664)
directory_put(dd, 45.num, 58) -> 0
mknod(/numbers/45.num, 100664) -> 0
pages_get_node(1)
 -> success
get_dir_inum(1)
current dir->data in dirs list is numbers
pages_get_node(13)
 -> success
pages_get_node(13)
 -> success
get_dir_inum(13)
current dir->data in dirs list is 45.num
pages_get_node(58)
 -> success
tree_lookup(/numbers/45.num) -> 58
storage_stat(/numbers/45.num)
getattr(/numbers/45.num) -> (0) {mode: 100664, size: 0}
access(/numbers/45.num, 0000) -> 0
open(/numbers/45.num) -> 0
ioctl(/numbers/45.num, 21505, ...) -> -1
pages_get_node(1)
 -> success
get_dir_inum(1)
current dir->data in dirs list is numbers
pages_get_node(13)
 -> success
pages_get_node(13)
 -> success
get_dir_inum(13)
current dir->data in dirs list is 45.num
pages_get_node(58)
 -> success
tree_lookup(/numbers/45.num) -> 58
storage_write(/numbers/45.num, 45
lo there
ng.==This string is fourty characters long.==This string is fourty characters long.==This string is fourty characters long.==This string is fourty characters long.==This string is fourty characters long.==This string is fourty characters long.==This string is fourty characters long.==This string is fourty characters long.==This string is fourty characters long.==This string is fourty characters long.==This string is fourty characters long.==This string is fourty characters long.==This string is fourty characters long.==This string is fourty characters long.==This string is fourty characters long.==This string is fourty characters long.==This string is fourty characters long.==This string is fourty characters long.==This string is fourty characters long.==This string is fourty characters long.==This string is fourty characters long.==This string is fourty characters long.==This string is fourty characters long.==This string is fourty characters long.==This string is fourty characters long.==This string is fourty characters long.==This string is fourty characters long.==This string is fourty characters long.==This string is fourty characters long.==This string is fourty characters long.==This string is fourty characters long.==This string is fourty characters long.==This string is fourty characters long.==This string is fourty characters long.==This string is fourty characters long.==This string is fourty characters long.==This string is fourty characters long.==This string is fourty characters long.==This string is fourty characters long.==This string is fourty characters long.==This string is fourty characters long.==This string is fourty characters long.==This string is fourty characters long.==This string is fourty characters long.==This string is fourty characters long.==This string is fourty characters long.==This string is fourty characters long.==This string is fourty characters long.==This string is fourty characters long.==This string is fourty characters long.==This string is fourty characters long.==This string is fourty characters long.==This string is fourty characters long.==This string is fourty characters long.==This string is fourty characters long.==This string is fourty characters long.==This string is fourty characters long.==This string is fourty characters long.==This string is fourty characters long.==This string is fourty characters long.==This string is fourty characters long.==This string is fourty characters long.==This string is fourty characters long.==This string is fourty characters long.==This string is fourty characters long.==This string is fourty characters long.==This string is fourty characters long.==This string is fourty characters long.==This string is fourty characters long.==This string is fourty characters long.==This string is fourty characters long.==This string is fourty characters long.==This string is fourty characters long.==This string is fourty characters long.==This string is fourty characters long.==This string is fourty characters long.==This string is fourty characters long.==This string is fourty characters long.=
aracters long.==This string is fourty characters long.==This string is fourty characters long.==This string is fourty characters long.==This string is fourty characters long.==This string is fourty characters long.==This string is fourty characters long.==This string is fourty characters long.==This string is fourty characters long.==This string is fourty characters long.==This string is fourty characters long.==This string is fourty characters long.==This string is fourty characters long.==This string is fourty characters long.==This string is fourty characters long.==This string is fourty characters long.==This string is fourty characters long.==This string is fourty characters long.==This string is fourty characters long.==This string is fourty characters long.==This string is fourty characters long.==This string is fourty characters long.==This string is fourty characters long.==This string is fourty characters long.==This string is fourty c, 3, 0) -> 3
write(/numbers/45.num, 3 bytes, @+0) -> 3
pages_get_node(1)
 -> success
get_dir_inum(1)
current dir->data in dirs list is numbers
pages_get_node(13)
 -> success
pages_get_node(13)
 -> success
get_dir_inum(13)
current dir->data in dirs list is 46.num
tree_lookup(/numbers/46.num) -> -2
getattr(/numbers/46.num) -> (-2) {mode: 0000, size: 0}
IN MAKE NODE
get_dir_path(/numbers)
pages_get_node(1)
 -> success
get_dir_inum(1)
current dir->data in dirs list is numbers
pages_get_node(13)
 -> success
pages_get_node(13)
 -> success
get_dir_inum(13)
tree_lookup(/numbers) -> 13
pages_get_node(13)
 -> success
get_dir_inum(13)
directory_lookup(dd, 46.num) -> -2
pages_get_empty_pg() -> 60
pages_get_node(59)
 -> success
init_inode(node, 100664)
storage_mknod(/numbers/46.num, 100664)
directory_put(dd, 46.num, 59) -> 0
mknod(/numbers/46.num, 100664) -> 0
pages_get_node(1)
 -> success
get_dir_inum(1)
current dir->data in dirs list is numbers
pages_get_node(13)
 -> success
pages_get_node(13)
 -> success
get_dir_inum(13)
current dir->data in dirs list is 46.num
pages_get_node(59)
 -> success
tree_lookup(/numbers/46.num) -> 59
storage_stat(/numbers/46.num)
getattr(/numbers/46.num) -> (0) {mode: 100664, size: 0}
access(/numbers/46.num, 0000) -> 0
open(/numbers/46.num) -> 0
ioctl(/numbers/46.num, 21505, ...) -> -1
pages_get_node(1)
 -> success
get_dir_inum(1)
current dir->data in dirs list is numbers
pages_get_node(13)
 -> success
pages_get_node(13)
 -> success
get_dir_inum(13)
current dir->data in dirs list is 46.num
pages_get_node(59)
 -> success
tree_lookup(/numbers/46.num) -> 59
storage_write(/numbers/46.num, 46
lo there
ng.==This string is fourty characters long.==This string is fourty characters long.==This string is fourty characters long.==This string is fourty characters long.==This string is fourty characters long.==This string is fourty characters long.==This string is fourty characters long.==This string is fourty characters long.==This string is fourty characters long.==This string is fourty characters long.==This string is fourty characters long.==This string is fourty characters long.==This string is fourty characters long.==This string is fourty characters long.==This string is fourty characters long.==This string is fourty characters long.==This string is fourty characters long.==This string is fourty characters long.==This string is fourty characters long.==This string is fourty characters long.==This string is fourty characters long.==This string is fourty characters long.==This string is fourty characters long.==This string is fourty characters long.==This string is fourty characters long.==This string is fourty characters long.==This string is fourty characters long.==This string is fourty characters long.==This string is fourty characters long.==This string is fourty characters long.==This string is fourty characters long.==This string is fourty characters long.==This string is fourty characters long.==This string is fourty characters long.==This string is fourty characters long.==This string is fourty characters long.==This string is fourty characters long.==This string is fourty characters long.==This string is fourty characters long.==This string is fourty characters long.==This string is fourty characters long.==This string is fourty characters long.==This string is fourty characters long.==This string is fourty characters long.==This string is fourty characters long.==This string is fourty characters long.==This string is fourty characters long.==This string is fourty characters long.==This string is fourty characters long.==This string is fourty characters long.==This string is fourty characters long.==This string is fourty characters long.==This string is fourty characters long.==This string is fourty characters long.==This string is fourty characters long.==This string is fourty characters long.==This string is fourty characters long.==This string is fourty characters long.==This string is fourty characters long.==This string is fourty characters long.==This string is fourty characters long.==This string is fourty characters long.==This string is fourty characters long.==This string is fourty characters long.==This string is fourty characters long.==This string is fourty characters long.==This string is fourty characters long.==This string is fourty characters long.==This string is fourty characters long.==This string is fourty characters long.==This string is fourty characters long.==This string is fourty characters long.==This string is fourty characters long.==This string is fourty characters long.==This string is fourty characters long.==This string is fourty characters long.==This string is fourty characters long.==This string is fourty characters long.=
aracters long.==This string is fourty characters long.==This string is fourty characters long.==This string is fourty characters long.==This string is fourty characters long.==This string is fourty characters long.==This string is fourty characters long.==This string is fourty characters long.==This string is fourty characters long.==This string is fourty characters long.==This string is fourty characters long.==This string is fourty characters long.==This string is fourty characters long.==This string is fourty characters long.==This string is fourty characters long.==This string is fourty characters long.==This string is fourty characters long.==This string is fourty characters long.==This string is fourty characters long.==This string is fourty characters long.==This string is fourty characters long.==This string is fourty characters long.==This string is fourty characters long.==This string is fourty characters long.==This string is fourty c, 3, 0) -> 3
write(/numbers/46.num, 3 bytes, @+0) -> 3
pages_get_node(1)
 -> success
get_dir_inum(1)
current dir->data in dirs list is numbers
pages_get_node(13)
 -> success
pages_get_node(13)
 -> success
get_dir_inum(13)
current dir->data in dirs list is 47.num
tree_lookup(/numbers/47.num) -> -2
getattr(/numbers/47.num) -> (-2) {mode: 0000, size: 0}
IN MAKE NODE
get_dir_path(/numbers)
pages_get_node(1)
 -> success
get_dir_inum(1)
current dir->data in dirs list is numbers
pages_get_node(13)
 -> success
pages_get_node(13)
 -> success
get_dir_inum(13)
tree_lookup(/numbers) -> 13
pages_get_node(13)
 -> success
get_dir_inum(13)
directory_lookup(dd, 47.num) -> -2
pages_get_empty_pg() -> 61
pages_get_node(60)
 -> success
init_inode(node, 100664)
storage_mknod(/numbers/47.num, 100664)
directory_put(dd, 47.num, 60) -> 0
mknod(/numbers/47.num, 100664) -> 0
pages_get_node(1)
 -> success
get_dir_inum(1)
current dir->data in dirs list is numbers
pages_get_node(13)
 -> success
pages_get_node(13)
 -> success
get_dir_inum(13)
current dir->data in dirs list is 47.num
pages_get_node(60)
 -> success
tree_lookup(/numbers/47.num) -> 60
storage_stat(/numbers/47.num)
getattr(/numbers/47.num) -> (0) {mode: 100664, size: 0}
access(/numbers/47.num, 0000) -> 0
open(/numbers/47.num) -> 0
ioctl(/numbers/47.num, 21505, ...) -> -1
pages_get_node(1)
 -> success
get_dir_inum(1)
current dir->data in dirs list is numbers
pages_get_node(13)
 -> success
pages_get_node(13)
 -> success
get_dir_inum(13)
current dir->data in dirs list is 47.num
pages_get_node(60)
 -> success
tree_lookup(/numbers/47.num) -> 60
storage_write(/numbers/47.num, 47
lo there
ng.==This string is fourty characters long.==This string is fourty characters long.==This string is fourty characters long.==This string is fourty characters long.==This string is fourty characters long.==This string is fourty characters long.==This string is fourty characters long.==This string is fourty characters long.==This string is fourty characters long.==This string is fourty characters long.==This string is fourty characters long.==This string is fourty characters long.==This string is fourty characters long.==This string is fourty characters long.==This string is fourty characters long.==This string is fourty characters long.==This string is fourty characters long.==This string is fourty characters long.==This string is fourty characters long.==This string is fourty characters long.==This string is fourty characters long.==This string is fourty characters long.==This string is fourty characters long.==This string is fourty characters long.==This string is fourty characters long.==This string is fourty characters long.==This string is fourty characters long.==This string is fourty characters long.==This string is fourty characters long.==This string is fourty characters long.==This string is fourty characters long.==This string is fourty characters long.==This string is fourty characters long.==This string is fourty characters long.==This string is fourty characters long.==This string is fourty characters long.==This string is fourty characters long.==This string is fourty characters long.==This string is fourty characters long.==This string is fourty characters long.==This string is fourty characters long.==This string is fourty characters long.==This string is fourty characters long.==This string is fourty characters long.==This string is fourty characters long.==This string is fourty characters long.==This string is fourty characters long.==This string is fourty characters long.==This string is fourty characters long.==This string is fourty characters long.==This string is fourty characters long.==This string is fourty characters long.==This string is fourty characters long.==This string is fourty characters long.==This string is fourty characters long.==This string is fourty characters long.==This string is fourty characters long.==This string is fourty characters long.==This string is fourty characters long.==This string is fourty characters long.==This string is fourty characters long.==This string is fourty characters long.==This string is fourty characters long.==This string is fourty characters long.==This string is fourty characters long.==This string is fourty characters long.==This string is fourty characters long.==This string is fourty characters long.==This string is fourty characters long.==This string is fourty characters long.==This string is fourty characters long.==This string is fourty characters long.==This string is fourty characters long.==This string is fourty characters long.==This string is fourty characters long.==This string is fourty characters long.==This string is fourty characters long.==This string is fourty characters long.=
aracters long.==This string is fourty characters long.==This string is fourty characters long.==This string is fourty characters long.==This string is fourty characters long.==This string is fourty characters long.==This string is fourty characters long.==This string is fourty characters long.==This string is fourty characters long.==This string is fourty characters long.==This string is fourty characters long.==This string is fourty characters long.==This string is fourty characters long.==This string is fourty characters long.==This string is fourty characters long.==This string is fourty characters long.==This string is fourty characters long.==This string is fourty characters long.==This string is fourty characters long.==This string is fourty characters long.==This string is fourty characters long.==This string is fourty characters long.==This string is fourty characters long.==This string is fourty characters long.==This string is fourty c, 3, 0) -> 3
write(/numbers/47.num, 3 bytes, @+0) -> 3
pages_get_node(1)
 -> success
get_dir_inum(1)
current dir->data in dirs list is numbers
pages_get_node(13)
 -> success
pages_get_node(13)
 -> success
get_dir_inum(13)
current dir->data in dirs list is 48.num
tree_lookup(/numbers/48.num) -> -2
getattr(/numbers/48.num) -> (-2) {mode: 0000, size: 0}
IN MAKE NODE
get_dir_path(/numbers)
pages_get_node(1)
 -> success
get_dir_inum(1)
current dir->data in dirs list is numbers
pages_get_node(13)
 -> success
pages_get_node(13)
 -> success
get_dir_inum(13)
tree_lookup(/numbers) -> 13
pages_get_node(13)
 -> success
get_dir_inum(13)
directory_lookup(dd, 48.num) -> -2
pages_get_empty_pg() -> 62
pages_get_node(61)
 -> success
init_inode(node, 100664)
storage_mknod(/numbers/48.num, 100664)
directory_put(dd, 48.num, 61) -> 0
mknod(/numbers/48.num, 100664) -> 0
pages_get_node(1)
 -> success
get_dir_inum(1)
current dir->data in dirs list is numbers
pages_get_node(13)
 -> success
pages_get_node(13)
 -> success
get_dir_inum(13)
current dir->data in dirs list is 48.num
pages_get_node(61)
 -> success
tree_lookup(/numbers/48.num) -> 61
storage_stat(/numbers/48.num)
getattr(/numbers/48.num) -> (0) {mode: 100664, size: 0}
access(/numbers/48.num, 0000) -> 0
open(/numbers/48.num) -> 0
ioctl(/numbers/48.num, 21505, ...) -> -1
pages_get_node(1)
 -> success
get_dir_inum(1)
current dir->data in dirs list is numbers
pages_get_node(13)
 -> success
pages_get_node(13)
 -> success
get_dir_inum(13)
current dir->data in dirs list is 48.num
pages_get_node(61)
 -> success
tree_lookup(/numbers/48.num) -> 61
storage_write(/numbers/48.num, 48
lo there
ng.==This string is fourty characters long.==This string is fourty characters long.==This string is fourty characters long.==This string is fourty characters long.==This string is fourty characters long.==This string is fourty characters long.==This string is fourty characters long.==This string is fourty characters long.==This string is fourty characters long.==This string is fourty characters long.==This string is fourty characters long.==This string is fourty characters long.==This string is fourty characters long.==This string is fourty characters long.==This string is fourty characters long.==This string is fourty characters long.==This string is fourty characters long.==This string is fourty characters long.==This string is fourty characters long.==This string is fourty characters long.==This string is fourty characters long.==This string is fourty characters long.==This string is fourty characters long.==This string is fourty characters long.==This string is fourty characters long.==This string is fourty characters long.==This string is fourty characters long.==This string is fourty characters long.==This string is fourty characters long.==This string is fourty characters long.==This string is fourty characters long.==This string is fourty characters long.==This string is fourty characters long.==This string is fourty characters long.==This string is fourty characters long.==This string is fourty characters long.==This string is fourty characters long.==This string is fourty characters long.==This string is fourty characters long.==This string is fourty characters long.==This string is fourty characters long.==This string is fourty characters long.==This string is fourty characters long.==This string is fourty characters long.==This string is fourty characters long.==This string is fourty characters long.==This string is fourty characters long.==This string is fourty characters long.==This string is fourty characters long.==This string is fourty characters long.==This string is fourty characters long.==This string is fourty characters long.==This string is fourty characters long.==This string is fourty characters long.==This string is fourty characters long.==This string is fourty characters long.==This string is fourty characters long.==This string is fourty characters long.==This string is fourty characters long.==This string is fourty characters long.==This string is fourty characters long.==This string is fourty characters long.==This string is fourty characters long.==This string is fourty characters long.==This string is fourty characters long.==This string is fourty characters long.==This string is fourty characters long.==This string is fourty characters long.==This string is fourty characters long.==This string is fourty characters long.==This string is fourty characters long.==This string is fourty characters long.==This string is fourty characters long.==This string is fourty characters long.==This string is fourty characters long.==This string is fourty characters long.==This string is fourty characters long.==This string is fourty characters long.=
aracters long.==This string is fourty characters long.==This string is fourty characters long.==This string is fourty characters long.==This string is fourty characters long.==This string is fourty characters long.==This string is fourty characters long.==This string is fourty characters long.==This string is fourty characters long.==This string is fourty characters long.==This string is fourty characters long.==This string is fourty characters long.==This string is fourty characters long.==This string is fourty characters long.==This string is fourty characters long.==This string is fourty characters long.==This string is fourty characters long.==This string is fourty characters long.==This string is fourty characters long.==This string is fourty characters long.==This string is fourty characters long.==This string is fourty characters long.==This string is fourty characters long.==This string is fourty characters long.==This string is fourty c, 3, 0) -> 3
write(/numbers/48.num, 3 bytes, @+0) -> 3
pages_get_node(1)
 -> success
get_dir_inum(1)
current dir->data in dirs list is numbers
pages_get_node(13)
 -> success
pages_get_node(13)
 -> success
get_dir_inum(13)
current dir->data in dirs list is 49.num
tree_lookup(/numbers/49.num) -> -2
getattr(/numbers/49.num) -> (-2) {mode: 0000, size: 0}
IN MAKE NODE
get_dir_path(/numbers)
pages_get_node(1)
 -> success
get_dir_inum(1)
current dir->data in dirs list is numbers
pages_get_node(13)
 -> success
pages_get_node(13)
 -> success
get_dir_inum(13)
tree_lookup(/numbers) -> 13
pages_get_node(13)
 -> success
get_dir_inum(13)
directory_lookup(dd, 49.num) -> -2
pages_get_empty_pg() -> 63
pages_get_node(62)
 -> success
init_inode(node, 100664)
storage_mknod(/numbers/49.num, 100664)
directory_put(dd, 49.num, 62) -> 0
mknod(/numbers/49.num, 100664) -> 0
pages_get_node(1)
 -> success
get_dir_inum(1)
current dir->data in dirs list is numbers
pages_get_node(13)
 -> success
pages_get_node(13)
 -> success
get_dir_inum(13)
current dir->data in dirs list is 49.num
pages_get_node(62)
 -> success
tree_lookup(/numbers/49.num) -> 62
storage_stat(/numbers/49.num)
getattr(/numbers/49.num) -> (0) {mode: 100664, size: 0}
access(/numbers/49.num, 0000) -> 0
open(/numbers/49.num) -> 0
ioctl(/numbers/49.num, 21505, ...) -> -1
pages_get_node(1)
 -> success
get_dir_inum(1)
current dir->data in dirs list is numbers
pages_get_node(13)
 -> success
pages_get_node(13)
 -> success
get_dir_inum(13)
current dir->data in dirs list is 49.num
pages_get_node(62)
 -> success
tree_lookup(/numbers/49.num) -> 62
storage_write(/numbers/49.num, 49
lo there
ng.==This string is fourty characters long.==This string is fourty characters long.==This string is fourty characters long.==This string is fourty characters long.==This string is fourty characters long.==This string is fourty characters long.==This string is fourty characters long.==This string is fourty characters long.==This string is fourty characters long.==This string is fourty characters long.==This string is fourty characters long.==This string is fourty characters long.==This string is fourty characters long.==This string is fourty characters long.==This string is fourty characters long.==This string is fourty characters long.==This string is fourty characters long.==This string is fourty characters long.==This string is fourty characters long.==This string is fourty characters long.==This string is fourty characters long.==This string is fourty characters long.==This string is fourty characters long.==This string is fourty characters long.==This string is fourty characters long.==This string is fourty characters long.==This string is fourty characters long.==This string is fourty characters long.==This string is fourty characters long.==This string is fourty characters long.==This string is fourty characters long.==This string is fourty characters long.==This string is fourty characters long.==This string is fourty characters long.==This string is fourty characters long.==This string is fourty characters long.==This string is fourty characters long.==This string is fourty characters long.==This string is fourty characters long.==This string is fourty characters long.==This string is fourty characters long.==This string is fourty characters long.==This string is fourty characters long.==This string is fourty characters long.==This string is fourty characters long.==This string is fourty characters long.==This string is fourty characters long.==This string is fourty characters long.==This string is fourty characters long.==This string is fourty characters long.==This string is fourty characters long.==This string is fourty characters long.==This string is fourty characters long.==This string is fourty characters long.==This string is fourty characters long.==This string is fourty characters long.==This string is fourty characters long.==This string is fourty characters long.==This string is fourty characters long.==This string is fourty characters long.==This string is fourty characters long.==This string is fourty characters long.==This string is fourty characters long.==This string is fourty characters long.==This string is fourty characters long.==This string is fourty characters long.==This string is fourty characters long.==This string is fourty characters long.==This string is fourty characters long.==This string is fourty characters long.==This string is fourty characters long.==This string is fourty characters long.==This string is fourty characters long.==This string is fourty characters long.==This string is fourty characters long.==This string is fourty characters long.==This string is fourty characters long.==This string is fourty characters long.=
aracters long.==This string is fourty characters long.==This string is fourty characters long.==This string is fourty characters long.==This string is fourty characters long.==This string is fourty characters long.==This string is fourty characters long.==This string is fourty characters long.==This string is fourty characters long.==This string is fourty characters long.==This string is fourty characters long.==This string is fourty characters long.==This string is fourty characters long.==This string is fourty characters long.==This string is fourty characters long.==This string is fourty characters long.==This string is fourty characters long.==This string is fourty characters long.==This string is fourty characters long.==This string is fourty characters long.==This string is fourty characters long.==This string is fourty characters long.==This string is fourty characters long.==This string is fourty characters long.==This string is fourty c, 3, 0) -> 3
write(/numbers/49.num, 3 bytes, @+0) -> 3
pages_get_node(1)
 -> success
get_dir_inum(1)
current dir->data in dirs list is numbers
pages_get_node(13)
 -> success
pages_get_node(13)
 -> success
get_dir_inum(13)
current dir->data in dirs list is 50.num
tree_lookup(/numbers/50.num) -> -2
getattr(/numbers/50.num) -> (-2) {mode: 0000, size: 0}
IN MAKE NODE
get_dir_path(/numbers)
pages_get_node(1)
 -> success
get_dir_inum(1)
current dir->data in dirs list is numbers
pages_get_node(13)
 -> success
pages_get_node(13)
 -> success
get_dir_inum(13)
tree_lookup(/numbers) -> 13
pages_get_node(13)
 -> success
get_dir_inum(13)
directory_lookup(dd, 50.num) -> -2
pages_get_empty_pg() -> 64
pages_get_node(63)
 -> success
init_inode(node, 100664)
storage_mknod(/numbers/50.num, 100664)
directory_put(dd, 50.num, 63) -> 0
mknod(/numbers/50.num, 100664) -> 0
pages_get_node(1)
 -> success
get_dir_inum(1)
current dir->data in dirs list is numbers
pages_get_node(13)
 -> success
pages_get_node(13)
 -> success
get_dir_inum(13)
current dir->data in dirs list is 50.num
pages_get_node(63)
 -> success
tree_lookup(/numbers/50.num) -> 63
storage_stat(/numbers/50.num)
getattr(/numbers/50.num) -> (0) {mode: 100664, size: 0}
access(/numbers/50.num, 0000) -> 0
open(/numbers/50.num) -> 0
ioctl(/numbers/50.num, 21505, ...) -> -1
pages_get_node(1)
 -> success
get_dir_inum(1)
current dir->data in dirs list is numbers
pages_get_node(13)
 -> success
pages_get_node(13)
 -> success
get_dir_inum(13)
current dir->data in dirs list is 50.num
pages_get_node(63)
 -> success
tree_lookup(/numbers/50.num) -> 63
storage_write(/numbers/50.num, 50
lo there
ng.==This string is fourty characters long.==This string is fourty characters long.==This string is fourty characters long.==This string is fourty characters long.==This string is fourty characters long.==This string is fourty characters long.==This string is fourty characters long.==This string is fourty characters long.==This string is fourty characters long.==This string is fourty characters long.==This string is fourty characters long.==This string is fourty characters long.==This string is fourty characters long.==This string is fourty characters long.==This string is fourty characters long.==This string is fourty characters long.==This string is fourty characters long.==This string is fourty characters long.==This string is fourty characters long.==This string is fourty characters long.==This string is fourty characters long.==This string is fourty characters long.==This string is fourty characters long.==This string is fourty characters long.==This string is fourty characters long.==This string is fourty characters long.==This string is fourty characters long.==This string is fourty characters long.==This string is fourty characters long.==This string is fourty characters long.==This string is fourty characters long.==This string is fourty characters long.==This string is fourty characters long.==This string is fourty characters long.==This string is fourty characters long.==This string is fourty characters long.==This string is fourty characters long.==This string is fourty characters long.==This string is fourty characters long.==This string is fourty characters long.==This string is fourty characters long.==This string is fourty characters long.==This string is fourty characters long.==This string is fourty characters long.==This string is fourty characters long.==This string is fourty characters long.==This string is fourty characters long.==This string is fourty characters long.==This string is fourty characters long.==This string is fourty characters long.==This string is fourty characters long.==This string is fourty characters long.==This string is fourty characters long.==This string is fourty characters long.==This string is fourty characters long.==This string is fourty characters long.==This string is fourty characters long.==This string is fourty characters long.==This string is fourty characters long.==This string is fourty characters long.==This string is fourty characters long.==This string is fourty characters long.==This string is fourty characters long.==This string is fourty characters long.==This string is fourty characters long.==This string is fourty characters long.==This string is fourty characters long.==This string is fourty characters long.==This string is fourty characters long.==This string is fourty characters long.==This string is fourty characters long.==This string is fourty characters long.==This string is fourty characters long.==This string is fourty characters long.==This string is fourty characters long.==This string is fourty characters long.==This string is fourty characters long.==This string is fourty characters long.=
aracters long.==This string is fourty characters long.==This string is fourty characters long.==This string is fourty characters long.==This string is fourty characters long.==This string is fourty characters long.==This string is fourty characters long.==This string is fourty characters long.==This string is fourty characters long.==This string is fourty characters long.==This string is fourty characters long.==This string is fourty characters long.==This string is fourty characters long.==This string is fourty characters long.==This string is fourty characters long.==This string is fourty characters long.==This string is fourty characters long.==This string is fourty characters long.==This string is fourty characters long.==This string is fourty characters long.==This string is fourty characters long.==This string is fourty characters long.==This string is fourty characters long.==This string is fourty characters long.==This string is fourty c, 3, 0) -> 3
write(/numbers/50.num, 3 bytes, @+0) -> 3
pages_get_node(1)
 -> success
get_dir_inum(1)
current dir->data in dirs list is numbers
pages_get_node(13)
 -> success
pages_get_node(13)
 -> success
get_dir_inum(13)
tree_lookup(/numbers) -> 13
storage_stat(/numbers)
getattr(/numbers) -> (0) {mode: 40775, size: 4096}
get_dir_path(/numbers)
pages_get_node(1)
 -> success
get_dir_inum(1)
current dir->data in dirs list is numbers
pages_get_node(13)
 -> success
pages_get_node(13)
 -> success
get_dir_inum(13)
tree_lookup(/numbers) -> 13
pages_get_node(13)
 -> success
get_dir_inum(13)
pages_get_node(1)
 -> success
get_dir_inum(1)
current dir->data in dirs list is numbers1.num
tree_lookup(/numbers1.num) -> -2
pages_get_node(1)
 -> success
get_dir_inum(1)
current dir->data in dirs list is numbers2.num
tree_lookup(/numbers2.num) -> -2
pages_get_node(1)
 -> success
get_dir_inum(1)
current dir->data in dirs list is numbers3.num
tree_lookup(/numbers3.num) -> -2
pages_get_node(1)
 -> success
get_dir_inum(1)
current dir->data in dirs list is numbers4.num
tree_lookup(/numbers4.num) -> -2
pages_get_node(1)
 -> success
get_dir_inum(1)
current dir->data in dirs list is numbers5.num
tree_lookup(/numbers5.num) -> -2
pages_get_node(1)
 -> success
get_dir_inum(1)
current dir->data in dirs list is numbers6.num
tree_lookup(/numbers6.num) -> -2
pages_get_node(1)
 -> success
get_dir_inum(1)
current dir->data in dirs list is numbers7.num
tree_lookup(/numbers7.num) -> -2
pages_get_node(1)
 -> success
get_dir_inum(1)
current dir->data in dirs list is numbers8.num
tree_lookup(/numbers8.num) -> -2
pages_get_node(1)
 -> success
get_dir_inum(1)
current dir->data in dirs list is numbers9.num
tree_lookup(/numbers9.num) -> -2
pages_get_node(1)
 -> success
get_dir_inum(1)
current dir->data in dirs list is numbers10.num
tree_lookup(/numbers10.num) -> -2
pages_get_node(1)
 -> success
get_dir_inum(1)
current dir->data in dirs list is numbers11.num
tree_lookup(/numbers11.num) -> -2
pages_get_node(1)
 -> success
get_dir_inum(1)
current dir->data in dirs list is numbers12.num
tree_lookup(/numbers12.num) -> -2
pages_get_node(1)
 -> success
get_dir_inum(1)
current dir->data in dirs list is numbers13.num
tree_lookup(/numbers13.num) -> -2
pages_get_node(1)
 -> success
get_dir_inum(1)
current dir->data in dirs list is numbers14.num
tree_lookup(/numbers14.num) -> -2
pages_get_node(1)
 -> success
get_dir_inum(1)
current dir->data in dirs list is numbers15.num
tree_lookup(/numbers15.num) -> -2
pages_get_node(1)
 -> success
get_dir_inum(1)
current dir->data in dirs list is numbers16.num
tree_lookup(/numbers16.num) -> -2
pages_get_node(1)
 -> success
get_dir_inum(1)
current dir->data in dirs list is numbers17.num
tree_lookup(/numbers17.num) -> -2
pages_get_node(1)
 -> success
get_dir_inum(1)
current dir->data in dirs list is numbers18.num
tree_lookup(/numbers18.num) -> -2
pages_get_node(1)
 -> success
get_dir_inum(1)
current dir->data in dirs list is numbers19.num
tree_lookup(/numbers19.num) -> -2
pages_get_node(1)
 -> success
get_dir_inum(1)
current dir->data in dirs list is numbers20.num
tree_lookup(/numbers20.num) -> -2
pages_get_node(1)
 -> success
get_dir_inum(1)
current dir->data in dirs list is numbers21.num
tree_lookup(/numbers21.num) -> -2
pages_get_node(1)
 -> success
get_dir_inum(1)
current dir->data in dirs list is numbers22.num
tree_lookup(/numbers22.num) -> -2
pages_get_node(1)
 -> success
get_dir_inum(1)
current dir->data in dirs list is numbers23.num
tree_lookup(/numbers23.num) -> -2
pages_get_node(1)
 -> success
get_dir_inum(1)
current dir->data in dirs list is numbers24.num
tree_lookup(/numbers24.num) -> -2
pages_get_node(1)
 -> success
get_dir_inum(1)
current dir->data in dirs list is numbers25.num
tree_lookup(/numbers25.num) -> -2
pages_get_node(1)
 -> success
get_dir_inum(1)
current dir->data in dirs list is numbers26.num
tree_lookup(/numbers26.num) -> -2
pages_get_node(1)
 -> success
get_dir_inum(1)
current dir->data in dirs list is numbers27.num
tree_lookup(/numbers27.num) -> -2
pages_get_node(1)
 -> success
get_dir_inum(1)
current dir->data in dirs list is numbers28.num
tree_lookup(/numbers28.num) -> -2
pages_get_node(1)
 -> success
get_dir_inum(1)
current dir->data in dirs list is numbers29.num
tree_lookup(/numbers29.num) -> -2
pages_get_node(1)
 -> success
get_dir_inum(1)
current dir->data in dirs list is numbers30.num
tree_lookup(/numbers30.num) -> -2
pages_get_node(1)
 -> success
get_dir_inum(1)
current dir->data in dirs list is numbers31.num
tree_lookup(/numbers31.num) -> -2
pages_get_node(1)
 -> success
get_dir_inum(1)
current dir->data in dirs list is numbers32.num
tree_lookup(/numbers32.num) -> -2
pages_get_node(1)
 -> success
get_dir_inum(1)
current dir->data in dirs list is numbers33.num
tree_lookup(/numbers33.num) -> -2
pages_get_node(1)
 -> success
get_dir_inum(1)
current dir->data in dirs list is numbers34.num
tree_lookup(/numbers34.num) -> -2
pages_get_node(1)
 -> success
get_dir_inum(1)
current dir->data in dirs list is numbers35.num
tree_lookup(/numbers35.num) -> -2
pages_get_node(1)
 -> success
get_dir_inum(1)
current dir->data in dirs list is numbers36.num
tree_lookup(/numbers36.num) -> -2
pages_get_node(1)
 -> success
get_dir_inum(1)
current dir->data in dirs list is numbers37.num
tree_lookup(/numbers37.num) -> -2
pages_get_node(1)
 -> success
get_dir_inum(1)
current dir->data in dirs list is numbers38.num
tree_lookup(/numbers38.num) -> -2
pages_get_node(1)
 -> success
get_dir_inum(1)
current dir->data in dirs list is numbers39.num
tree_lookup(/numbers39.num) -> -2
pages_get_node(1)
 -> success
get_dir_inum(1)
current dir->data in dirs list is numbers40.num
tree_lookup(/numbers40.num) -> -2
pages_get_node(1)
 -> success
get_dir_inum(1)
current dir->data in dirs list is numbers41.num
tree_lookup(/numbers41.num) -> -2
pages_get_node(1)
 -> success
get_dir_inum(1)
current dir->data in dirs list is numbers42.num
tree_lookup(/numbers42.num) -> -2
pages_get_node(1)
 -> success
get_dir_inum(1)
current dir->data in dirs list is numbers43.num
tree_lookup(/numbers43.num) -> -2
pages_get_node(1)
 -> success
get_dir_inum(1)
current dir->data in dirs list is numbers44.num
tree_lookup(/numbers44.num) -> -2
pages_get_node(1)
 -> success
get_dir_inum(1)
current dir->data in dirs list is numbers45.num
tree_lookup(/numbers45.num) -> -2
pages_get_node(1)
 -> success
get_dir_inum(1)
current dir->data in dirs list is numbers46.num
tree_lookup(/numbers46.num) -> -2
pages_get_node(1)
 -> success
get_dir_inum(1)
current dir->data in dirs list is numbers47.num
tree_lookup(/numbers47.num) -> -2
pages_get_node(1)
 -> success
get_dir_inum(1)
current dir->data in dirs list is numbers48.num
tree_lookup(/numbers48.num) -> -2
pages_get_node(1)
 -> success
get_dir_inum(1)
current dir->data in dirs list is numbers49.num
tree_lookup(/numbers49.num) -> -2
pages_get_node(1)
 -> success
get_dir_inum(1)
current dir->data in dirs list is numbers50.num
tree_lookup(/numbers50.num) -> -2
storage_readdir(/numbers)
readdir(/numbers) -> 0
access(/numbers/10.num, 0000) -> 0
open(/numbers/10.num) -> 0
ioctl(/numbers/10.num, 21505, ...) -> -1
pages_get_node(1)
 -> success
get_dir_inum(1)
current dir->data in dirs list is numbers
pages_get_node(13)
 -> success
pages_get_node(13)
 -> success
get_dir_inum(13)
current dir->data in dirs list is 10.num
pages_get_node(23)
 -> success
tree_lookup(/numbers/10.num) -> 23
storage_stat(/numbers/10.num)
getattr(/numbers/10.num) -> (0) {mode: 100664, size: 3}
pages_get_node(1)
 -> success
get_dir_inum(1)
current dir->data in dirs list is numbers
pages_get_node(13)
 -> success
pages_get_node(13)
 -> success
get_dir_inum(13)
current dir->data in dirs list is 10.num
pages_get_node(23)
 -> success
tree_lookup(/numbers/10.num) -> 23
storage_data(/numbers/10.num) -> 10

read(/numbers/10.num, 4096 bytes, @+0) -> 4
pages_get_node(1)
 -> success
get_dir_inum(1)
current dir->data in dirs list is numbers
pages_get_node(13)
 -> success
pages_get_node(13)
 -> success
get_dir_inum(13)
current dir->data in dirs list is 10.num
pages_get_node(23)
 -> success
tree_lookup(/numbers/10.num) -> 23
storage_stat(/numbers/10.num)
getattr(/numbers/10.num) -> (0) {mode: 100664, size: 3}
access(/numbers/20.num, 0000) -> 0
open(/numbers/20.num) -> 0
ioctl(/numbers/20.num, 21505, ...) -> -1
pages_get_node(1)
 -> success
get_dir_inum(1)
current dir->data in dirs list is numbers
pages_get_node(13)
 -> success
pages_get_node(13)
 -> success
get_dir_inum(13)
current dir->data in dirs list is 20.num
pages_get_node(33)
 -> success
tree_lookup(/numbers/20.num) -> 33
storage_stat(/numbers/20.num)
getattr(/numbers/20.num) -> (0) {mode: 100664, size: 3}
pages_get_node(1)
 -> success
get_dir_inum(1)
current dir->data in dirs list is numbers
pages_get_node(13)
 -> success
pages_get_node(13)
 -> success
get_dir_inum(13)
current dir->data in dirs list is 20.num
pages_get_node(33)
 -> success
tree_lookup(/numbers/20.num) -> 33
storage_data(/numbers/20.num) -> 20

read(/numbers/20.num, 4096 bytes, @+0) -> 4
pages_get_node(1)
 -> success
get_dir_inum(1)
current dir->data in dirs list is numbers
pages_get_node(13)
 -> success
pages_get_node(13)
 -> success
get_dir_inum(13)
current dir->data in dirs list is 20.num
pages_get_node(33)
 -> success
tree_lookup(/numbers/20.num) -> 33
storage_stat(/numbers/20.num)
getattr(/numbers/20.num) -> (0) {mode: 100664, size: 3}
access(/numbers/30.num, 0000) -> 0
open(/numbers/30.num) -> 0
ioctl(/numbers/30.num, 21505, ...) -> -1
pages_get_node(1)
 -> success
get_dir_inum(1)
current dir->data in dirs list is numbers
pages_get_node(13)
 -> success
pages_get_node(13)
 -> success
get_dir_inum(13)
current dir->data in dirs list is 30.num
pages_get_node(43)
 -> success
tree_lookup(/numbers/30.num) -> 43
storage_stat(/numbers/30.num)
getattr(/numbers/30.num) -> (0) {mode: 100664, size: 3}
pages_get_node(1)
 -> success
get_dir_inum(1)
current dir->data in dirs list is numbers
pages_get_node(13)
 -> success
pages_get_node(13)
 -> success
get_dir_inum(13)
current dir->data in dirs list is 30.num
pages_get_node(43)
 -> success
tree_lookup(/numbers/30.num) -> 43
storage_data(/numbers/30.num) -> 30

read(/numbers/30.num, 4096 bytes, @+0) -> 4
pages_get_node(1)
 -> success
get_dir_inum(1)
current dir->data in dirs list is numbers
pages_get_node(13)
 -> success
pages_get_node(13)
 -> success
get_dir_inum(13)
current dir->data in dirs list is 30.num
pages_get_node(43)
 -> success
tree_lookup(/numbers/30.num) -> 43
storage_stat(/numbers/30.num)
getattr(/numbers/30.num) -> (0) {mode: 100664, size: 3}
access(/numbers/40.num, 0000) -> 0
open(/numbers/40.num) -> 0
ioctl(/numbers/40.num, 21505, ...) -> -1
pages_get_node(1)
 -> success
get_dir_inum(1)
current dir->data in dirs list is numbers
pages_get_node(13)
 -> success
pages_get_node(13)
 -> success
get_dir_inum(13)
current dir->data in dirs list is 40.num
pages_get_node(53)
 -> success
tree_lookup(/numbers/40.num) -> 53
storage_stat(/numbers/40.num)
getattr(/numbers/40.num) -> (0) {mode: 100664, size: 3}
pages_get_node(1)
 -> success
get_dir_inum(1)
current dir->data in dirs list is numbers
pages_get_node(13)
 -> success
pages_get_node(13)
 -> success
get_dir_inum(13)
current dir->data in dirs list is 40.num
pages_get_node(53)
 -> success
tree_lookup(/numbers/40.num) -> 53
storage_data(/numbers/40.num) -> 40

read(/numbers/40.num, 4096 bytes, @+0) -> 4
pages_get_node(1)
 -> success
get_dir_inum(1)
current dir->data in dirs list is numbers
pages_get_node(13)
 -> success
pages_get_node(13)
 -> success
get_dir_inum(13)
current dir->data in dirs list is 40.num
pages_get_node(53)
 -> success
tree_lookup(/numbers/40.num) -> 53
storage_stat(/numbers/40.num)
getattr(/numbers/40.num) -> (0) {mode: 100664, size: 3}
access(/numbers/50.num, 0000) -> 0
open(/numbers/50.num) -> 0
ioctl(/numbers/50.num, 21505, ...) -> -1
pages_get_node(1)
 -> success
get_dir_inum(1)
current dir->data in dirs list is numbers
pages_get_node(13)
 -> success
pages_get_node(13)
 -> success
get_dir_inum(13)
current dir->data in dirs list is 50.num
pages_get_node(63)
 -> success
tree_lookup(/numbers/50.num) -> 63
storage_stat(/numbers/50.num)
getattr(/numbers/50.num) -> (0) {mode: 100664, size: 3}
pages_get_node(1)
 -> success
get_dir_inum(1)
current dir->data in dirs list is numbers
pages_get_node(13)
 -> success
pages_get_node(13)
 -> success
get_dir_inum(13)
current dir->data in dirs list is 50.num
pages_get_node(63)
 -> success
tree_lookup(/numbers/50.num) -> 63
storage_data(/numbers/50.num) -> 50

read(/numbers/50.num, 4096 bytes, @+0) -> 4
pages_get_node(1)
 -> success
get_dir_inum(1)
current dir->data in dirs list is numbers
pages_get_node(13)
 -> success
pages_get_node(13)
 -> success
get_dir_inum(13)
current dir->data in dirs list is 50.num
pages_get_node(63)
 -> success
tree_lookup(/numbers/50.num) -> 63
storage_stat(/numbers/50.num)
getattr(/numbers/50.num) -> (0) {mode: 100664, size: 3}
pages_get_node(1)
 -> success
get_dir_inum(1)
current dir->data in dirs list is numbers
pages_get_node(13)
 -> success
pages_get_node(13)
 -> success
get_dir_inum(13)
current dir->data in dirs list is 7.num
pages_get_node(20)
 -> success
tree_lookup(/numbers/7.num) -> 20
storage_stat(/numbers/7.num)
getattr(/numbers/7.num) -> (0) {mode: 100664, size: 2}
access(/numbers/7.num, 0002) -> 0
pages_get_node(1)
 -> success
get_dir_inum(1)
current dir->data in dirs list is numbers
pages_get_node(13)
 -> success
pages_get_node(13)
 -> success
get_dir_inum(13)
tree_lookup(/numbers) -> 13
pages_get_node(13)
 -> success
get_dir_inum(13)
directory_lookup(dd, 7.num) -> 20
directory_delete(dd, 7.num) -> 20
storage_unlink(/numbers/7.num)
unlink(/numbers/7.num) -> 0
pages_get_node(1)
 -> success
get_dir_inum(1)
current dir->data in dirs list is numbers
pages_get_node(13)
 -> success
pages_get_node(13)
 -> success
get_dir_inum(13)
current dir->data in dirs list is 14.num
pages_get_node(27)
 -> success
tree_lookup(/numbers/14.num) -> 27
storage_stat(/numbers/14.num)
getattr(/numbers/14.num) -> (0) {mode: 100664, size: 3}
access(/numbers/14.num, 0002) -> 0
pages_get_node(1)
 -> success
get_dir_inum(1)
current dir->data in dirs list is numbers
pages_get_node(13)
 -> success
pages_get_node(13)
 -> success
get_dir_inum(13)
tree_lookup(/numbers) -> 13
pages_get_node(13)
 -> success
get_dir_inum(13)
directory_lookup(dd, 14.num) -> 27
directory_delete(dd, 14.num) -> 27
storage_unlink(/numbers/14.num)
unlink(/numbers/14.num) -> 0
pages_get_node(1)
 -> success
get_dir_inum(1)
current dir->data in dirs list is numbers
pages_get_node(13)
 -> success
pages_get_node(13)
 ->fusermount -u mnt || true
 success
get_dir_inum(13)
current dir->data in dirs list is 21.num
pages_get_node(34)
 -> success
tree_lookup(/numbers/21.num) -> 34
storage_stat(/numbers/21.num)
getattr(/numbers/21.num) -> (0) {mode: 100664, size: 3}
access(/numbers/21.num, 0002) -> 0
pages_get_node(1)
 -> success
get_dir_inum(1)
current dir->data in dirs list is numbers
pages_get_node(13)
 -> success
pages_get_node(13)
 -> success
get_dir_inum(13)
tree_lookup(/numbers) -> 13
pages_get_node(13)
 -> success
get_dir_inum(13)
directory_lookup(dd, 21.num) -> 34
directory_delete(dd, 21.num) -> 34
storage_unlink(/numbers/21.num)
unlink(/numbers/21.num) -> 0
pages_get_node(1)
 -> success
get_dir_inum(1)
current dir->data in dirs list is numbers
pages_get_node(13)
 -> success
pages_get_node(13)
 -> success
get_dir_inum(13)
current dir->data in dirs list is 28.num
pages_get_node(41)
 -> success
tree_lookup(/numbers/28.num) -> 41
storage_stat(/numbers/28.num)
getattr(/numbers/28.num) -> (0) {mode: 100664, size: 3}
access(/numbers/28.num, 0002) -> 0
pages_get_node(1)
 -> success
get_dir_inum(1)
current dir->data in dirs list is numbers
pages_get_node(13)
 -> success
pages_get_node(13)
 -> success
get_dir_inum(13)
tree_lookup(/numbers) -> 13
pages_get_node(13)
 -> success
get_dir_inum(13)
directory_lookup(dd, 28.num) -> 41
directory_delete(dd, 28.num) -> 41
storage_unlink(/numbers/28.num)
unlink(/numbers/28.num) -> 0
mkdir -p mnt || true
./nufs -s -f mnt data.nufs
pages_init(data.nufs) -> done
pages_get_node(1)
 -> success
directory_init()
storage_init(data.nufs)
pages_get_node(1)
 -> success
get_dir_inum(1)
current dir->data in dirs list is .xdg-volume-info
tree_lookup(/.xdg-volume-info) -> -2
getattr(/.xdg-volume-info) -> (-2) {mode: 0000, size: 0}
pages_get_node(1)
 -> success
get_dir_inum(1)
current dir->data in dirs list is autorun.inf
tree_lookup(/autorun.inf) -> -2
getattr(/autorun.inf) -> (-2) {mode: 0000, size: 0}
pages_get_node(1)
 -> success
get_dir_inum(1)
tree_lookup(/) -> 1
storage_stat(/)
getattr(/) -> (0) {mode: 40755, size: 4096}
get_dir_path(/)
pages_get_node(1)
 -> success
get_dir_inum(1)
tree_lookup(/) -> 1
pages_get_node(1)
 -> success
get_dir_inum(1)
pages_get_node(1)
 -> success
get_dir_inum(1)
current dir->data in dirs list is foo
pages_get_node(2)
 -> success
pages_get_node(2)
 -> success
get_dir_inum(2)
tree_lookup(/foo) -> 2
storage_stat(/foo)
pages_get_node(1)
 -> success
get_dir_inum(1)
current dir->data in dirs list is def.txt
pages_get_node(3)
 -> success
tree_lookup(/def.txt) -> 3
storage_stat(/def.txt)
pages_get_node(1)
 -> success
get_dir_inum(1)
current dir->data in dirs list is 2k.txt
pages_get_node(4)
 -> success
tree_lookup(/2k.txt) -> 4
storage_stat(/2k.txt)
pages_get_node(1)
 -> success
get_dir_inum(1)
current dir->data in dirs list is 40k.txt
pages_get_node(6)
 -> success
tree_lookup(/40k.txt) -> 6
storage_stat(/40k.txt)
pages_get_node(1)
 -> success
get_dir_inum(1)
current dir->data in dirs list is dir1
pages_get_node(7)
 -> success
pages_get_node(7)
 -> success
get_dir_inum(7)
tree_lookup(/dir1) -> 7
storage_stat(/dir1)
pages_get_node(1)
 -> success
get_dir_inum(1)
current dir->data in dirs list is numbers
pages_get_node(13)
 -> success
pages_get_node(13)
 -> success
get_dir_inum(13)
tree_lookup(/numbers) -> 13
storage_stat(/numbers)
storage_readdir(/)
readdir(/) -> 0
pages_get_node(1)
 -> success
get_dir_inum(1)
tree_lookup(/) -> 1
storage_stat(/)
getattr(/) -> (0) {mode: 40755, size: 4096}
get_dir_path(/)
pages_get_node(1)
 -> success
get_dir_inum(1)
tree_lookup(/) -> 1
pages_get_node(1)
 -> success
get_dir_inum(1)
pages_get_node(1)
 -> success
get_dir_inum(1)
current dir->data in dirs list is foo
pages_get_node(2)
 -> success
pages_get_node(2)
 -> success
get_dir_inum(2)
tree_lookup(/foo) -> 2
storage_stat(/foo)
pages_get_node(1)
 -> success
get_dir_inum(1)
current dir->data in dirs list is def.txt
pages_get_node(3)
 -> success
tree_lookup(/def.txt) -> 3
storage_stat(/def.txt)
pages_get_node(1)
 -> success
get_dir_inum(1)
current dir->data in dirs list is 2k.txt
pages_get_node(4)
 -> success
tree_lookup(/2k.txt) -> 4
storage_stat(/2k.txt)
pages_get_node(1)
 -> success
get_dir_inum(1)
current dir->data in dirs list is 40k.txt
pages_get_node(6)
 -> success
tree_lookup(/40k.txt) -> 6
storage_stat(/40k.txt)
pages_get_node(1)
 -> success
get_dir_inum(1)
current dir->data in dirs list is dir1
pages_get_node(7)
 -> success
pages_get_node(7)
 -> success
get_dir_inum(7)
tree_lookup(/dir1) -> 7
storage_stat(/dir1)
pages_get_node(1)
 -> success
get_dir_inum(1)
current dir->data in dirs list is numbers
pages_get_node(13)
 -> success
pages_get_node(13)
 -> success
get_dir_inum(13)
tree_lookup(/numbers) -> 13
storage_stat(/numbers)
storage_readdir(/)
readdir(/) -> 0
pages_get_node(1)
 -> success
get_dir_inum(1)
tree_lookup(/) -> 1
storage_stat(/)
getattr(/) -> (0) {mode: 40755, size: 4096}
get_dir_path(/)
pages_get_node(1)
 -> success
get_dir_inum(1)
tree_lookup(/) -> 1
pages_get_node(1)
 -> success
get_dir_inum(1)
pages_get_node(1)
 -> success
get_dir_inum(1)
current dir->data in dirs list is foo
pages_get_node(2)
 -> success
pages_get_node(2)
 -> success
get_dir_inum(2)
tree_lookup(/foo) -> 2
storage_stat(/foo)
pages_get_node(1)
 -> success
get_dir_inum(1)
current dir->data in dirs list is def.txt
pages_get_node(3)
 -> success
tree_lookup(/def.txt) -> 3
storage_stat(/def.txt)
pages_get_node(1)
 -> success
get_dir_inum(1)
current dir->data in dirs list is 2k.txt
pages_get_node(4)
 -> success
tree_lookup(/2k.txt) -> 4
storage_stat(/2k.txt)
pages_get_node(1)
 -> success
get_dir_inum(1)
current dir->data in dirs list is 40k.txt
pages_get_node(6)
 -> success
tree_lookup(/40k.txt) -> 6
storage_stat(/40k.txt)
pages_get_node(1)
 -> success
get_dir_inum(1)
current dir->data in dirs list is dir1
pages_get_node(7)
 -> success
pages_get_node(7)
 -> success
get_dir_inum(7)
tree_lookup(/dir1) -> 7
storage_stat(/dir1)
pages_get_node(1)
 -> success
get_dir_inum(1)
current dir->data in dirs list is numbers
pages_get_node(13)
 -> success
pages_get_node(13)
 -> success
get_dir_inum(13)
tree_lookup(/numbers) -> 13
storage_stat(/numbers)
storage_readdir(/)
readdir(/) -> 0
pages_get_node(1)
 -> success
get_dir_inum(1)
tree_lookup(/) -> 1
storage_stat(/)
getattr(/) -> (0) {mode: 40755, size: 4096}
get_dir_path(/)
pages_get_node(1)
 -> success
get_dir_inum(1)
tree_lookup(/) -> 1
pages_get_node(1)
 -> success
get_dir_inum(1)
pages_get_node(1)
 -> success
get_dir_inum(1)
current dir->data in dirs list is foo
pages_get_node(2)
 -> success
pages_get_node(2)
 -> success
get_dir_inum(2)
tree_lookup(/foo) -> 2
storage_stat(/foo)
pages_get_node(1)
 -> success
get_dir_inum(1)
current dir->data in dirs list is def.txt
pages_get_node(3)
 -> success
tree_lookup(/def.txt) -> 3
storage_stat(/def.txt)
pages_get_node(1)
 -> success
get_dir_inum(1)
current dir->data in dirs list is 2k.txt
pages_get_node(4)
 -> success
tree_lookup(/2k.txt) -> 4
storage_stat(/2k.txt)
pages_get_node(1)
 -> success
get_dir_inum(1)
current dir->data in dirs list is 40k.txt
pages_get_node(6)
 -> success
tree_lookup(/40k.txt) -> 6
storage_stat(/40k.txt)
pages_get_node(1)
 -> success
get_dir_inum(1)
current dir->data in dirs list is dir1
pages_get_node(7)
 -> success
pages_get_node(7)
 -> success
get_dir_inum(7)
tree_lookup(/dir1) -> 7
storage_stat(/dir1)
pages_get_node(1)
 -> success
get_dir_inum(1)
current dir->data in dirs list is numbers
pages_get_node(13)
 -> success
pages_get_node(13)
 -> success
get_dir_inum(13)
tree_lookup(/numbers) -> 13
storage_stat(/numbers)
storage_readdir(/)
readdir(/) -> 0
pages_get_node(1)
 -> success
get_dir_inum(1)
tree_lookup(/) -> 1
storage_stat(/)
getattr(/) -> (0) {mode: 40755, size: 4096}
get_dir_path(/)
pages_get_node(1)
 -> success
get_dir_inum(1)
tree_lookup(/) -> 1
pages_get_node(1)
 -> success
get_dir_inum(1)
pages_get_node(1)
 -> success
get_dir_inum(1)
current dir->data in dirs list is foo
pages_get_node(2)
 -> success
pages_get_node(2)
 -> success
get_dir_inum(2)
tree_lookup(/foo) -> 2
storage_stat(/foo)
pages_get_node(1)
 -> success
get_dir_inum(1)
current dir->data in dirs list is def.txt
pages_get_node(3)
 -> success
tree_lookup(/def.txt) -> 3
storage_stat(/def.txt)
pages_get_node(1)
 -> success
get_dir_inum(1)
current dir->data in dirs list is 2k.txt
pages_get_node(4)
 -> success
tree_lookup(/2k.txt) -> 4
storage_stat(/2k.txt)
pages_get_node(1)
 -> success
get_dir_inum(1)
current dir->data in dirs list is 40k.txt
pages_get_node(6)
 -> success
tree_lookup(/40k.txt) -> 6
storage_stat(/40k.txt)
pages_get_node(1)
 -> success
get_dir_inum(1)
current dir->data in dirs list is dir1
pages_get_node(7)
 -> success
pages_get_node(7)
 -> success
get_dir_inum(7)
tree_lookup(/dir1) -> 7
storage_stat(/dir1)
pages_get_node(1)
 -> success
get_dir_inum(1)
current dir->data in dirs list is numbers
pages_get_node(13)
 -> success
pages_get_node(13)
 -> success
get_dir_inum(13)
tree_lookup(/numbers) -> 13
storage_stat(/numbers)
storage_readdir(/)
readdir(/) -> 0
pages_get_node(1)
 -> success
get_dir_inum(1)
tree_lookup(/) -> 1
storage_stat(/)
getattr(/) -> (0) {mode: 40755, size: 4096}
get_dir_path(/)
pages_get_node(1)
 -> success
get_dir_inum(1)
tree_lookup(/) -> 1
pages_get_node(1)
 -> success
get_dir_inum(1)
pages_get_node(1)
 -> success
get_dir_inum(1)
current dir->data in dirs list is foo
pages_get_node(2)
 -> success
pages_get_node(2)
 -> success
get_dir_inum(2)
tree_lookup(/foo) -> 2
storage_stat(/foo)
pages_get_node(1)
 -> success
get_dir_inum(1)
current dir->data in dirs list is def.txt
pages_get_node(3)
 -> success
tree_lookup(/def.txt) -> 3
storage_stat(/def.txt)
pages_get_node(1)
 -> success
get_dir_inum(1)
current dir->data in dirs list is 2k.txt
pages_get_node(4)
 -> success
tree_lookup(/2k.txt) -> 4
storage_stat(/2k.txt)
pages_get_node(1)
 -> success
get_dir_inum(1)
current dir->data in dirs list is 40k.txt
pages_get_node(6)
 -> success
tree_lookup(/40k.txt) -> 6
storage_stat(/40k.txt)
pages_get_node(1)
 -> success
get_dir_inum(1)
current dir->data in dirs list is dir1
pages_get_node(7)
 -> success
pages_get_node(7)
 -> success
get_dir_inum(7)
tree_lookup(/dir1) -> 7
storage_stat(/dir1)
pages_get_node(1)
 -> success
get_dir_inum(1)
current dir->data in dirs list is numbers
pages_get_node(13)
 -> success
pages_get_node(13)
 -> success
get_dir_inum(13)
tree_lookup(/numbers) -> 13
storage_stat(/numbers)
storage_readdir(/)
readdir(/) -> 0
pages_get_node(1)
 -> success
get_dir_inum(1)
tree_lookup(/) -> 1
storage_stat(/)
getattr(/) -> (0) {mode: 40755, size: 4096}
get_dir_path(/)
pages_get_node(1)
 -> success
get_dir_inum(1)
tree_lookup(/) -> 1
pages_get_node(1)
 -> success
get_dir_inum(1)
pages_get_node(1)
 -> success
get_dir_inum(1)
current dir->data in dirs list is foo
pages_get_node(2)
 -> success
pages_get_node(2)
 -> success
get_dir_inum(2)
tree_lookup(/foo) -> 2
storage_stat(/foo)
pages_get_node(1)
 -> success
get_dir_inum(1)
current dir->data in dirs list is def.txt
pages_get_node(3)
 -> success
tree_lookup(/def.txt) -> 3
storage_stat(/def.txt)
pages_get_node(1)
 -> success
get_dir_inum(1)
current dir->data in dirs list is 2k.txt
pages_get_node(4)
 -> success
tree_lookup(/2k.txt) -> 4
storage_stat(/2k.txt)
pages_get_node(1)
 -> success
get_dir_inum(1)
current dir->data in dirs list is 40k.txt
pages_get_node(6)
 -> success
tree_lookup(/40k.txt) -> 6
storage_stat(/40k.txt)
pages_get_node(1)
 -> success
get_dir_inum(1)
current dir->data in dirs list is dir1
pages_get_node(7)
 -> success
pages_get_node(7)
 -> success
get_dir_inum(7)
tree_lookup(/dir1) -> 7
storage_stat(/dir1)
pages_get_node(1)
 -> success
get_dir_inum(1)
current dir->data in dirs list is numbers
pages_get_node(13)
 -> success
pages_get_node(13)
 -> success
get_dir_inum(13)
tree_lookup(/numbers) -> 13
storage_stat(/numbers)
storage_readdir(/)
readdir(/) -> 0
pages_get_node(1)
 -> success
get_dir_inum(1)
tree_lookup(/) -> 1
storage_stat(/)
getattr(/) -> (0) {mode: 40755, size: 4096}
get_dir_path(/)
pages_get_node(1)
 -> success
get_dir_inum(1)
tree_lookup(/) -> 1
pages_get_node(1)
 -> success
get_dir_inum(1)
pages_get_node(1)
 -> success
get_dir_inum(1)
current dir->data in dirs list is foo
pages_get_node(2)
 -> success
pages_get_node(2)
 -> success
get_dir_inum(2)
tree_lookup(/foo) -> 2
storage_stat(/foo)
pages_get_node(1)
 -> success
get_dir_inum(1)
current dir->data in dirs list is def.txt
pages_get_node(3)
 -> success
tree_lookup(/def.txt) -> 3
storage_stat(/def.txt)
pages_get_node(1)
 -> success
get_dir_inum(1)
current dir->data in dirs list is 2k.txt
pages_get_node(4)
 -> success
tree_lookup(/2k.txt) -> 4
storage_stat(/2k.txt)
pages_get_node(1)
 -> success
get_dir_inum(1)
current dir->data in dirs list is 40k.txt
pages_get_node(6)
 -> success
tree_lookup(/40k.txt) -> 6
storage_stat(/40k.txt)
pages_get_node(1)
 -> success
get_dir_inum(1)
current dir->data in dirs list is dir1
pages_get_node(7)
 -> success
pages_get_node(7)
 -> success
get_dir_inum(7)
tree_lookup(/dir1) -> 7
storage_stat(/dir1)
pages_get_node(1)
 -> success
get_dir_inum(1)
current dir->data in dirs list is numbers
pages_get_node(13)
 -> success
pages_get_node(13)
 -> success
get_dir_inum(13)
tree_lookup(/numbers) -> 13
storage_stat(/numbers)
storage_readdir(/)
readdir(/) -> 0
pages_get_node(1)
 -> success
get_dir_inum(1)
tree_lookup(/) -> 1
storage_stat(/)
getattr(/) -> (0) {mode: 40755, size: 4096}
get_dir_path(/)
pages_get_node(1)
 -> success
get_dir_inum(1)
tree_lookup(/) -> 1
pages_get_node(1)
 -> success
get_dir_inum(1)
pages_get_node(1)
 -> success
get_dir_inum(1)
current dir->data in dirs list is foo
pages_get_node(2)
 -> success
pages_get_node(2)
 -> success
get_dir_inum(2)
tree_lookup(/foo) -> 2
storage_stat(/foo)
pages_get_node(1)
 -> success
get_dir_inum(1)
current dir->data in dirs list is def.txt
pages_get_node(3)
 -> success
tree_lookup(/def.txt) -> 3
storage_stat(/def.txt)
pages_get_node(1)
 -> success
get_dir_inum(1)
current dir->data in dirs list is 2k.txt
pages_get_node(4)
 -> success
tree_lookup(/2k.txt) -> 4
storage_stat(/2k.txt)
pages_get_node(1)
 -> success
get_dir_inum(1)
current dir->data in dirs list is 40k.txt
pages_get_node(6)
 -> success
tree_lookup(/40k.txt) -> 6
storage_stat(/40k.txt)
pages_get_node(1)
 -> success
get_dir_inum(1)
current dir->data in dirs list is dir1
pages_get_node(7)
 -> success
pages_get_node(7)
 -> success
get_dir_inum(7)
tree_lookup(/dir1) -> 7
storage_stat(/dir1)
pages_get_node(1)
 -> success
get_dir_inum(1)
current dir->data in dirs list is numbers
pages_get_node(13)
 -> success
pages_get_node(13)
 -> success
get_dir_inum(13)
tree_lookup(/numbers) -> 13
storage_stat(/numbers)
storage_readdir(/)
readdir(/) -> 0
pages_get_node(1)
 -> success
get_dir_inum(1)
tree_lookup(/) -> 1
storage_stat(/)
getattr(/) -> (0) {mode: 40755, size: 4096}
get_dir_path(/)
pages_get_node(1)
 -> success
get_dir_inum(1)
tree_lookup(/) -> 1
pages_get_node(1)
 -> success
get_dir_inum(1)
pages_get_node(1)
 -> success
get_dir_inum(1)
current dir->data in dirs list is foo
pages_get_node(2)
 -> success
pages_get_node(2)
 -> success
get_dir_inum(2)
tree_lookup(/foo) -> 2
storage_stat(/foo)
pages_get_node(1)
 -> success
get_dir_inum(1)
current dir->data in dirs list is def.txt
pages_get_node(3)
 -> success
tree_lookup(/def.txt) -> 3
storage_stat(/def.txt)
pages_get_node(1)
 -> success
get_dir_inum(1)
current dir->data in dirs list is 2k.txt
pages_get_node(4)
 -> success
tree_lookup(/2k.txt) -> 4
storage_stat(/2k.txt)
pages_get_node(1)
 -> success
get_dir_inum(1)
current dir->data in dirs list is 40k.txt
pages_get_node(6)
 -> success
tree_lookup(/40k.txt) -> 6
storage_stat(/40k.txt)
pages_get_node(1)
 -> success
get_dir_inum(1)
current dir->data in dirs list is dir1
pages_get_node(7)
 -> success
pages_get_node(7)
 -> success
get_dir_inum(7)
tree_lookup(/dir1) -> 7
storage_stat(/dir1)
pages_get_node(1)
 -> success
get_dir_inum(1)
current dir->data in dirs list is numbers
pages_get_node(13)
 -> success
pages_get_node(13)
 -> success
get_dir_inum(13)
tree_lookup(/numbers) -> 13
storage_stat(/numbers)
storage_readdir(/)
readdir(/) -> 0
pages_get_node(1)
 -> success
get_dir_inum(1)
tree_lookup(/) -> 1
storage_stat(/)
getattr(/) -> (0) {mode: 40755, size: 4096}
get_dir_path(/)
pages_get_node(1)
 -> success
get_dir_inum(1)
tree_lookup(/) -> 1
pages_get_node(1)
 -> success
get_dir_inum(1)
pages_get_node(1)
 -> success
get_dir_inum(1)
current dir->data in dirs list is foo
pages_get_node(2)
 -> success
pages_get_node(2)
 -> success
get_dir_inum(2)
tree_lookup(/foo) -> 2
storage_stat(/foo)
pages_get_node(1)
 -> success
get_dir_inum(1)
current dir->data in dirs list is def.txt
pages_get_node(3)
 -> success
tree_lookup(/def.txt) -> 3
storage_stat(/def.txt)
pages_get_node(1)
 -> success
get_dir_inum(1)
current dir->data in dirs list is 2k.txt
pages_get_node(4)
 -> success
tree_lookup(/2k.txt) -> 4
storage_stat(/2k.txt)
pages_get_node(1)
 -> success
get_dir_inum(1)
current dir->data in dirs list is 40k.txt
pages_get_node(6)
 -> success
tree_lookup(/40k.txt) -> 6
storage_stat(/40k.txt)
pages_get_node(1)
 -> success
get_dir_inum(1)
current dir->data in dirs list is dir1
pages_get_node(7)
 -> success
pages_get_node(7)
 -> success
get_dir_inum(7)
tree_lookup(/dir1) -> 7
storage_stat(/dir1)
pages_get_node(1)
 -> success
get_dir_inum(1)
current dir->data in dirs list is numbers
pages_get_node(13)
 -> success
pages_get_node(13)
 -> success
get_dir_inum(13)
tree_lookup(/numbers) -> 13
storage_stat(/numbers)
storage_readdir(/)
readdir(/) -> 0
pages_get_node(1)
 -> success
get_dir_inum(1)
tree_lookup(/) -> 1
storage_stat(/)
getattr(/) -> (0) {mode: 40755, size: 4096}
get_dir_path(/)
pages_get_node(1)
 -> success
get_dir_inum(1)
tree_lookup(/) -> 1
pages_get_node(1)
 -> success
get_dir_inum(1)
pages_get_node(1)
 -> success
get_dir_inum(1)
current dir->data in dirs list is foo
pages_get_node(2)
 -> success
pages_get_node(2)
 -> success
get_dir_inum(2)
tree_lookup(/foo) -> 2
storage_stat(/foo)
pages_get_node(1)
 -> success
get_dir_inum(1)
current dir->data in dirs list is def.txt
pages_get_node(3)
 -> success
tree_lookup(/def.txt) -> 3
storage_stat(/def.txt)
pages_get_node(1)
 -> success
get_dir_inum(1)
current dir->data in dirs list is 2k.txt
pages_get_node(4)
 -> success
tree_lookup(/2k.txt) -> 4
storage_stat(/2k.txt)
pages_get_node(1)
 -> success
get_dir_inum(1)
current dir->data in dirs list is 40k.txt
pages_get_node(6)
 -> success
tree_lookup(/40k.txt) -> 6
storage_stat(/40k.txt)
pages_get_node(1)
 -> success
get_dir_inum(1)
current dir->data in dirs list is dir1
pages_get_node(7)
 -> success
pages_get_node(7)
 -> success
get_dir_inum(7)
tree_lookup(/dir1) -> 7
storage_stat(/dir1)
pages_get_node(1)
 -> success
get_dir_inum(1)
current dir->data in dirs list is numbers
pages_get_node(13)
 -> success
pages_get_node(13)
 -> success
get_dir_inum(13)
tree_lookup(/numbers) -> 13
storage_stat(/numbers)
storage_readdir(/)
readdir(/) -> 0
pages_get_node(1)
 -> success
get_dir_inum(1)
tree_lookup(/) -> 1
storage_stat(/)
getattr(/) -> (0) {mode: 40755, size: 4096}
get_dir_path(/)
pages_get_node(1)
 -> success
get_dir_inum(1)
tree_lookup(/) -> 1
pages_get_node(1)
 -> success
get_dir_inum(1)
pages_get_node(1)
 -> success
get_dir_inum(1)
current dir->data in dirs list is foo
pages_get_node(2)
 -> success
pages_get_node(2)
 -> success
get_dir_inum(2)
tree_lookup(/foo) -> 2
storage_stat(/foo)
pages_get_node(1)
 -> success
get_dir_inum(1)
current dir->data in dirs list is def.txt
pages_get_node(3)
 -> success
tree_lookup(/def.txt) -> 3
storage_stat(/def.txt)
pages_get_node(1)
 -> success
get_dir_inum(1)
current dir->data in dirs list is 2k.txt
pages_get_node(4)
 -> success
tree_lookup(/2k.txt) -> 4
storage_stat(/2k.txt)
pages_get_node(1)
 -> success
get_dir_inum(1)
current dir->data in dirs list is 40k.txt
pages_get_node(6)
 -> success
tree_lookup(/40k.txt) -> 6
storage_stat(/40k.txt)
pages_get_node(1)
 -> success
get_dir_inum(1)
current dir->data in dirs list is dir1
pages_get_node(7)
 -> success
pages_get_node(7)
 -> success
get_dir_inum(7)
tree_lookup(/dir1) -> 7
storage_stat(/dir1)
pages_get_node(1)
 -> success
get_dir_inum(1)
current dir->data in dirs list is numbers
pages_get_node(13)
 -> success
pages_get_node(13)
 -> success
get_dir_inum(13)
tree_lookup(/numbers) -> 13
storage_stat(/numbers)
storage_readdir(/)
readdir(/) -> 0
pages_get_node(1)
 -> success
get_dir_inum(1)
tree_lookup(/) -> 1
storage_stat(/)
getattr(/) -> (0) {mode: 40755, size: 4096}
get_dir_path(/)
pages_get_node(1)
 -> success
get_dir_inum(1)
tree_lookup(/) -> 1
pages_get_node(1)
 -> success
get_dir_inum(1)
pages_get_node(1)
 -> success
get_dir_inum(1)
current dir->data in dirs list is foo
pages_get_node(2)
 -> success
pages_get_node(2)
 -> success
get_dir_inum(2)
tree_lookup(/foo) -> 2
storage_stat(/foo)
pages_get_node(1)
 -> success
get_dir_inum(1)
current dir->data in dirs list is def.txt
pages_get_node(3)
 -> success
tree_lookup(/def.txt) -> 3
storage_stat(/def.txt)
pages_get_node(1)
 -> success
get_dir_inum(1)
current dir->data in dirs list is 2k.txt
pages_get_node(4)
 -> success
tree_lookup(/2k.txt) -> 4
storage_stat(/2k.txt)
pages_get_node(1)
 -> success
get_dir_inum(1)
current dir->data in dirs list is 40k.txt
pages_get_node(6)
 -> success
tree_lookup(/40k.txt) -> 6
storage_stat(/40k.txt)
pages_get_node(1)
 -> success
get_dir_inum(1)
current dir->data in dirs list is dir1
pages_get_node(7)
 -> success
pages_get_node(7)
 -> success
get_dir_inum(7)
tree_lookup(/dir1) -> 7
storage_stat(/dir1)
pages_get_node(1)
 -> success
get_dir_inum(1)
current dir->data in dirs list is numbers
pages_get_node(13)
 -> success
pages_get_node(13)
 -> success
get_dir_inum(13)
tree_lookup(/numbers) -> 13
storage_stat(/numbers)
storage_readdir(/)
readdir(/) -> 0
pages_get_node(1)
 -> success
get_dir_inum(1)
tree_lookup(/) -> 1
storage_stat(/)
getattr(/) -> (0) {mode: 40755, size: 4096}
get_dir_path(/)
pages_get_node(1)
 -> success
get_dir_inum(1)
tree_lookup(/) -> 1
pages_get_node(1)
 -> success
get_dir_inum(1)
pages_get_node(1)
 -> success
get_dir_inum(1)
current dir->data in dirs list is foo
pages_get_node(2)
 -> success
pages_get_node(2)
 -> success
get_dir_inum(2)
tree_lookup(/foo) -> 2
storage_stat(/foo)
pages_get_node(1)
 -> success
get_dir_inum(1)
current dir->data in dirs list is def.txt
pages_get_node(3)
 -> success
tree_lookup(/def.txt) -> 3
storage_stat(/def.txt)
pages_get_node(1)
 -> success
get_dir_inum(1)
current dir->data in dirs list is 2k.txt
pages_get_node(4)
 -> success
tree_lookup(/2k.txt) -> 4
storage_stat(/2k.txt)
pages_get_node(1)
 -> success
get_dir_inum(1)
current dir->data in dirs list is 40k.txt
pages_get_node(6)
 -> success
tree_lookup(/40k.txt) -> 6
storage_stat(/40k.txt)
pages_get_node(1)
 -> success
get_dir_inum(1)
current dir->data in dirs list is dir1
pages_get_node(7)
 -> success
pages_get_node(7)
 -> success
get_dir_inum(7)
tree_lookup(/dir1) -> 7
storage_stat(/dir1)
pages_get_node(1)
 -> success
get_dir_inum(1)
current dir->data in dirs list is numbers
pages_get_node(13)
 -> success
pages_get_node(13)
 -> success
get_dir_inum(13)
tree_lookup(/numbers) -> 13
storage_stat(/numbers)
storage_readdir(/)
readdir(/) -> 0
pages_get_node(1)
 -> success
get_dir_inum(1)
tree_lookup(/) -> 1
storage_stat(/)
getattr(/) -> (0) {mode: 40755, size: 4096}
get_dir_path(/)
pages_get_node(1)
 -> success
get_dir_inum(1)
tree_lookup(/) -> 1
pages_get_node(1)
 -> success
get_dir_inum(1)
pages_get_node(1)
 -> success
get_dir_inum(1)
current dir->data in dirs list is foo
pages_get_node(2)
 -> success
pages_get_node(2)
 -> success
get_dir_inum(2)
tree_lookup(/foo) -> 2
storage_stat(/foo)
pages_get_node(1)
 -> success
get_dir_inum(1)
current dir->data in dirs list is def.txt
pages_get_node(3)
 -> success
tree_lookup(/def.txt) -> 3
storage_stat(/def.txt)
pages_get_node(1)
 -> success
get_dir_inum(1)
current dir->data in dirs list is 2k.txt
pages_get_node(4)
 -> success
tree_lookup(/2k.txt) -> 4
storage_stat(/2k.txt)
pages_get_node(1)
 -> success
get_dir_inum(1)
current dir->data in dirs list is 40k.txt
pages_get_node(6)
 -> success
tree_lookup(/40k.txt) -> 6
storage_stat(/40k.txt)
pages_get_node(1)
 -> success
get_dir_inum(1)
current dir->data in dirs list is dir1
pages_get_node(7)
 -> success
pages_get_node(7)
 -> success
get_dir_inum(7)
tree_lookup(/dir1) -> 7
storage_stat(/dir1)
pages_get_node(1)
 -> success
get_dir_inum(1)
current dir->data in dirs list is numbers
pages_get_node(13)
 -> success
pages_get_node(13)
 -> success
get_dir_inum(13)
tree_lookup(/numbers) -> 13
storage_stat(/numbers)
storage_readdir(/)
readdir(/) -> 0
pages_get_node(1)
 -> success
get_dir_inum(1)
tree_lookup(/) -> 1
storage_stat(/)
getattr(/) -> (0) {mode: 40755, size: 4096}
get_dir_path(/)
pages_get_node(1)
 -> success
get_dir_inum(1)
tree_lookup(/) -> 1
pages_get_node(1)
 -> success
get_dir_inum(1)
pages_get_node(1)
 -> success
get_dir_inum(1)
current dir->data in dirs list is foo
pages_get_node(2)
 -> success
pages_get_node(2)
 -> success
get_dir_inum(2)
tree_lookup(/foo) -> 2
storage_stat(/foo)
pages_get_node(1)
 -> success
get_dir_inum(1)
current dir->data in dirs list is def.txt
pages_get_node(3)
 -> success
tree_lookup(/def.txt) -> 3
storage_stat(/def.txt)
pages_get_node(1)
 -> success
get_dir_inum(1)
current dir->data in dirs list is 2k.txt
pages_get_node(4)
 -> success
tree_lookup(/2k.txt) -> 4
storage_stat(/2k.txt)
pages_get_node(1)
 -> success
get_dir_inum(1)
current dir->data in dirs list is 40k.txt
pages_get_node(6)
 -> success
tree_lookup(/40k.txt) -> 6
storage_stat(/40k.txt)
pages_get_node(1)
 -> success
get_dir_inum(1)
current dir->data in dirs list is dir1
pages_get_node(7)
 -> success
pages_get_node(7)
 -> success
get_dir_inum(7)
tree_lookup(/dir1) -> 7
storage_stat(/dir1)
pages_get_node(1)
 -> success
get_dir_inum(1)
current dir->data in dirs list is numbers
pages_get_node(13)
 -> success
pages_get_node(13)
 -> success
get_dir_inum(13)
tree_lookup(/numbers) -> 13
storage_stat(/numbers)
storage_readdir(/)
readdir(/) -> 0
pages_get_node(1)
 -> success
get_dir_inum(1)
tree_lookup(/) -> 1
storage_stat(/)
getattr(/) -> (0) {mode: 40755, size: 4096}
get_dir_path(/)
pages_get_node(1)
 -> success
get_dir_inum(1)
tree_lookup(/) -> 1
pages_get_node(1)
 -> success
get_dir_inum(1)
pages_get_node(1)
 -> success
get_dir_inum(1)
current dir->data in dirs list is foo
pages_get_node(2)
 -> success
pages_get_node(2)
 -> success
get_dir_inum(2)
tree_lookup(/foo) -> 2
storage_stat(/foo)
pages_get_node(1)
 -> success
get_dir_inum(1)
current dir->data in dirs list is def.txt
pages_get_node(3)
 -> success
tree_lookup(/def.txt) -> 3
storage_stat(/def.txt)
pages_get_node(1)
 -> success
get_dir_inum(1)
current dir->data in dirs list is 2k.txt
pages_get_node(4)
 -> success
tree_lookup(/2k.txt) -> 4
storage_stat(/2k.txt)
pages_get_node(1)
 -> success
get_dir_inum(1)
current dir->data in dirs list is 40k.txt
pages_get_node(6)
 -> success
tree_lookup(/40k.txt) -> 6
storage_stat(/40k.txt)
pages_get_node(1)
 -> success
get_dir_inum(1)
current dir->data in dirs list is dir1
pages_get_node(7)
 -> success
pages_get_node(7)
 -> success
get_dir_inum(7)
tree_lookup(/dir1) -> 7
storage_stat(/dir1)
pages_get_node(1)
 -> success
get_dir_inum(1)
current dir->data in dirs list is numbers
pages_get_node(13)
 -> success
pages_get_node(13)
 -> success
get_dir_inum(13)
tree_lookup(/numbers) -> 13
storage_stat(/numbers)
storage_readdir(/)
readdir(/) -> 0
pages_get_node(1)
 -> success
get_dir_inum(1)
tree_lookup(/) -> 1
storage_stat(/)
getattr(/) -> (0) {mode: 40755, size: 4096}
get_dir_path(/)
pages_get_node(1)
 -> success
get_dir_inum(1)
tree_lookup(/) -> 1
pages_get_node(1)
 -> success
get_dir_inum(1)
pages_get_node(1)
 -> success
get_dir_inum(1)
current dir->data in dirs list is foo
pages_get_node(2)
 -> success
pages_get_node(2)
 -> success
get_dir_inum(2)
tree_lookup(/foo) -> 2
storage_stat(/foo)
pages_get_node(1)
 -> success
get_dir_inum(1)
current dir->data in dirs list is def.txt
pages_get_node(3)
 -> success
tree_lookup(/def.txt) -> 3
storage_stat(/def.txt)
pages_get_node(1)
 -> success
get_dir_inum(1)
current dir->data in dirs list is 2k.txt
pages_get_node(4)
 -> success
tree_lookup(/2k.txt) -> 4
storage_stat(/2k.txt)
pages_get_node(1)
 -> success
get_dir_inum(1)
current dir->data in dirs list is 40k.txt
pages_get_node(6)
 -> success
tree_lookup(/40k.txt) -> 6
storage_stat(/40k.txt)
pages_get_node(1)
 -> success
get_dir_inum(1)
current dir->data in dirs list is dir1
pages_get_node(7)
 -> success
pages_get_node(7)
 -> success
get_dir_inum(7)
tree_lookup(/dir1) -> 7
storage_stat(/dir1)
pages_get_node(1)
 -> success
get_dir_inum(1)
current dir->data in dirs list is numbers
pages_get_node(13)
 -> success
pages_get_node(13)
 -> success
get_dir_inum(13)
tree_lookup(/numbers) -> 13
storage_stat(/numbers)
storage_readdir(/)
readdir(/) -> 0
pages_get_node(1)
 -> success
get_dir_inum(1)
tree_lookup(/) -> 1
storage_stat(/)
getattr(/) -> (0) {mode: 40755, size: 4096}
get_dir_path(/)
pages_get_node(1)
 -> success
get_dir_inum(1)
tree_lookup(/) -> 1
pages_get_node(1)
 -> success
get_dir_inum(1)
pages_get_node(1)
 -> success
get_dir_inum(1)
current dir->data in dirs list is foo
pages_get_node(2)
 -> success
pages_get_node(2)
 -> success
get_dir_inum(2)
tree_lookup(/foo) -> 2
storage_stat(/foo)
pages_get_node(1)
 -> success
get_dir_inum(1)
current dir->data in dirs list is def.txt
pages_get_node(3)
 -> success
tree_lookup(/def.txt) -> 3
storage_stat(/def.txt)
pages_get_node(1)
 -> success
get_dir_inum(1)
current dir->data in dirs list is 2k.txt
pages_get_node(4)
 -> success
tree_lookup(/2k.txt) -> 4
storage_stat(/2k.txt)
pages_get_node(1)
 -> success
get_dir_inum(1)
current dir->data in dirs list is 40k.txt
pages_get_node(6)
 -> success
tree_lookup(/40k.txt) -> 6
storage_stat(/40k.txt)
pages_get_node(1)
 -> success
get_dir_inum(1)
current dir->data in dirs list is dir1
pages_get_node(7)
 -> success
pages_get_node(7)
 -> success
get_dir_inum(7)
tree_lookup(/dir1) -> 7
storage_stat(/dir1)
pages_get_node(1)
 -> success
get_dir_inum(1)
current dir->data in dirs list is numbers
pages_get_node(13)
 -> success
pages_get_node(13)
 -> success
get_dir_inum(13)
tree_lookup(/numbers) -> 13
storage_stat(/numbers)
storage_readdir(/)
readdir(/) -> 0
pages_get_node(1)
 -> success
get_dir_inum(1)
tree_lookup(/) -> 1
storage_stat(/)
getattr(/) -> (0) {mode: 40755, size: 4096}
get_dir_path(/)
pages_get_node(1)
 -> success
get_dir_inum(1)
tree_lookup(/) -> 1
pages_get_node(1)
 -> success
get_dir_inum(1)
pages_get_node(1)
 -> success
get_dir_inum(1)
current dir->data in dirs list is foo
pages_get_node(2)
 -> success
pages_get_node(2)
 -> success
get_dir_inum(2)
tree_lookup(/foo) -> 2
storage_stat(/foo)
pages_get_node(1)
 -> success
get_dir_inum(1)
current dir->data in dirs list is def.txt
pages_get_node(3)
 -> success
tree_lookup(/def.txt) -> 3
storage_stat(/def.txt)
pages_get_node(1)
 -> success
get_dir_inum(1)
current dir->data in dirs list is 2k.txt
pages_get_node(4)
 -> success
tree_lookup(/2k.txt) -> 4
storage_stat(/2k.txt)
pages_get_node(1)
 -> success
get_dir_inum(1)
current dir->data in dirs list is 40k.txt
pages_get_node(6)
 -> success
tree_lookup(/40k.txt) -> 6
storage_stat(/40k.txt)
pages_get_node(1)
 -> success
get_dir_inum(1)
current dir->data in dirs list is dir1
pages_get_node(7)
 -> success
pages_get_node(7)
 -> success
get_dir_inum(7)
tree_lookup(/dir1) -> 7
storage_stat(/dir1)
pages_get_node(1)
 -> success
get_dir_inum(1)
current dir->data in dirs list is numbers
pages_get_node(13)
 -> success
pages_get_node(13)
 -> success
get_dir_inum(13)
tree_lookup(/numbers) -> 13
storage_stat(/numbers)
storage_readdir(/)
readdir(/) -> 0
pages_get_node(1)
 -> success
get_dir_inum(1)
tree_lookup(/) -> 1
storage_stat(/)
getattr(/) -> (0) {mode: 40755, size: 4096}
get_dir_path(/)
pages_get_node(1)
 -> success
get_dir_inum(1)
tree_lookup(/) -> 1
pages_get_node(1)
 -> success
get_dir_inum(1)
pages_get_node(1)
 -> success
get_dir_inum(1)
current dir->data in dirs list is foo
pages_get_node(2)
 -> success
pages_get_node(2)
 -> success
get_dir_inum(2)
tree_lookup(/foo) -> 2
storage_stat(/foo)
pages_get_node(1)
 -> success
get_dir_inum(1)
current dir->data in dirs list is def.txt
pages_get_node(3)
 -> success
tree_lookup(/def.txt) -> 3
storage_stat(/def.txt)
pages_get_node(1)
 -> success
get_dir_inum(1)
current dir->data in dirs list is 2k.txt
pages_get_node(4)
 -> success
tree_lookup(/2k.txt) -> 4
storage_stat(/2k.txt)
pages_get_node(1)
 -> success
get_dir_inum(1)
current dir->data in dirs list is 40k.txt
pages_get_node(6)
 -> success
tree_lookup(/40k.txt) -> 6
storage_stat(/40k.txt)
pages_get_node(1)
 -> success
get_dir_inum(1)
current dir->data in dirs list is dir1
pages_get_node(7)
 -> success
pages_get_node(7)
 -> success
get_dir_inum(7)
tree_lookup(/dir1) -> 7
storage_stat(/dir1)
pages_get_node(1)
 -> success
get_dir_inum(1)
current dir->data in dirs list is numbers
pages_get_node(13)
 -> success
pages_get_node(13)
 -> success
get_dir_inum(13)
tree_lookup(/numbers) -> 13
storage_stat(/numbers)
storage_readdir(/)
readdir(/) -> 0
access(/, 0004) -> 0
pages_get_node(1)
 -> success
get_dir_inum(1)
tree_lookup(/) -> 1
storage_stat(/)
getattr(/) -> (0) {mode: 40755, size: 4096}
pages_get_node(1)
 -> success
get_dir_inum(1)
current dir->data in dirs list is .Trash
tree_lookup(/.Trash) -> -2
getattr(/.Trash) -> (-2) {mode: 0000, size: 0}
pages_get_node(1)
 -> success
get_dir_inum(1)
current dir->data in dirs list is .Trash-1000
tree_lookup(/.Trash-1000) -> -2
getattr(/.Trash-1000) -> (-2) {mode: 0000, size: 0}
get_dir_path(/)
pages_get_node(1)
 -> success
get_dir_inum(1)
tree_lookup(/) -> 1
pages_get_node(1)
 -> success
get_dir_inum(1)
pages_get_node(1)
 -> success
get_dir_inum(1)
current dir->data in dirs list is foo
pages_get_node(2)
 -> success
pages_get_node(2)
 -> success
get_dir_inum(2)
tree_lookup(/foo) -> 2
storage_stat(/foo)
pages_get_node(1)
 -> success
get_dir_inum(1)
current dir->data in dirs list is def.txt
pages_get_node(3)
 -> success
tree_lookup(/def.txt) -> 3
storage_stat(/def.txt)
pages_get_node(1)
 -> success
get_dir_inum(1)
current dir->data in dirs list is 2k.txt
pages_get_node(4)
 -> success
tree_lookup(/2k.txt) -> 4
storage_stat(/2k.txt)
pages_get_node(1)
 -> success
get_dir_inum(1)
current dir->data in dirs list is 40k.txt
pages_get_node(6)
 -> success
tree_lookup(/40k.txt) -> 6
storage_stat(/40k.txt)
pages_get_node(1)
 -> success
get_dir_inum(1)
current dir->data in dirs list is dir1
pages_get_node(7)
 -> success
pages_get_node(7)
 -> success
get_dir_inum(7)
tree_lookup(/dir1) -> 7
storage_stat(/dir1)
pages_get_node(1)
 -> success
get_dir_inum(1)
current dir->data in dirs list is numbers
pages_get_node(13)
 -> success
pages_get_node(13)
 -> success
get_dir_inum(13)
tree_lookup(/numbers) -> 13
storage_stat(/numbers)
storage_readdir(/)
readdir(/) -> 0
pages_get_node(1)
 -> success
get_dir_inum(1)
current dir->data in dirs list is autorun.inf
tree_lookup(/autorun.inf) -> -2
getattr(/autorun.inf) -> (-2) {mode: 0000, size: 0}
pages_get_node(1)
 -> success
get_dir_inum(1)
tree_lookup(/) -> 1
storage_stat(/)
getattr(/) -> (0) {mode: 40755, size: 4096}
pages_get_node(1)
 -> success
get_dir_inum(1)
current dir->data in dirs list is numbers
pages_get_node(13)
 -> success
pages_get_node(13)
 -> success
get_dir_inum(13)
tree_lookup(/numbers) -> 13
storage_stat(/numbers)
getattr(/numbers) -> (0) {mode: 40775, size: 4096}
get_dir_path(/numbers)
pages_get_node(1)
 -> success
get_dir_inum(1)
current dir->data in dirs list is numbers
pages_get_node(13)
 -> success
pages_get_node(13)
 -> success
get_dir_inum(13)
tree_lookup(/numbers) -> 13
pages_get_node(13)
 -> success
get_dir_inum(13)
pages_get_node(1)
 -> success
get_dir_inum(1)
current dir->data in dirs list is numbers1.num
tree_lookup(/numbers1.num) -> -2
pages_get_node(1)
 -> success
get_dir_inum(1)
current dir->data in dirs list is numbers2.num
tree_lookup(/numbers2.num) -> -2
pages_get_node(1)
 -> success
get_dir_inum(1)
current dir->data in dirs list is numbers3.num
tree_lookup(/numbers3.num) -> -2
pages_get_node(1)
 -> success
get_dir_inum(1)
current dir->data in dirs list is numbers4.num
tree_lookup(/numbers4.num) -> -2
pages_get_node(1)
 -> success
get_dir_inum(1)
current dir->data in dirs list is numbers5.num
tree_lookup(/numbers5.num) -> -2
pages_get_node(1)
 -> success
get_dir_inum(1)
current dir->data in dirs list is numbers6.num
tree_lookup(/numbers6.num) -> -2
pages_get_node(1)
 -> success
get_dir_inum(1)
current dir->data in dirs list is numbers8.num
tree_lookup(/numbers8.num) -> -2
pages_get_node(1)
 -> success
get_dir_inum(1)
current dir->data in dirs list is numbers9.num
tree_lookup(/numbers9.num) -> -2
pages_get_node(1)
 -> success
get_dir_inum(1)
current dir->data in dirs list is numbers10.num
tree_lookup(/numbers10.num) -> -2
pages_get_node(1)
 -> success
get_dir_inum(1)
current dir->data in dirs list is numbers11.num
tree_lookup(/numbers11.num) -> -2
pages_get_node(1)
 -> success
get_dir_inum(1)
current dir->data in dirs list is numbers12.num
tree_lookup(/numbers12.num) -> -2
pages_get_node(1)
 -> success
get_dir_inum(1)
current dir->data in dirs list is numbers13.num
tree_lookup(/numbers13.num) -> -2
pages_get_node(1)
 -> success
get_dir_inum(1)
current dir->data in dirs list is numbers15.num
tree_lookup(/numbers15.num) -> -2
pages_get_node(1)
 -> success
get_dir_inum(1)
current dir->data in dirs list is numbers16.num
tree_lookup(/numbers16.num) -> -2
pages_get_node(1)
 -> success
get_dir_inum(1)
current dir->data in dirs list is numbers17.num
tree_lookup(/numbers17.num) -> -2
pages_get_node(1)
 -> success
get_dir_inum(1)
current dir->data in dirs list is numbers18.num
tree_lookup(/numbers18.num) -> -2
pages_get_node(1)
 -> success
get_dir_inum(1)
current dir->data in dirs list is numbers19.num
tree_lookup(/numbers19.num) -> -2
pages_get_node(1)
 -> success
get_dir_inum(1)
current dir->data in dirs list is numbers20.num
tree_lookup(/numbers20.num) -> -2
pages_get_node(1)
 -> success
get_dir_inum(1)
current dir->data in dirs list is numbers22.num
tree_lookup(/numbers22.num) -> -2
pages_get_node(1)
 -> success
get_dir_inum(1)
current dir->data in dirs list is numbers23.num
tree_lookup(/numbers23.num) -> -2
pages_get_node(1)
 -> success
get_dir_inum(1)
current dir->data in dirs list is numbers24.num
tree_lookup(/numbefusermount -u mnt || true
rs24.num) -> -2
pages_get_node(1)
 -> success
get_dir_inum(1)
current dir->data in dirs list is numbers25.num
tree_lookup(/numbers25.num) -> -2
pages_get_node(1)
 -> success
get_dir_inum(1)
current dir->data in dirs list is numbers26.num
tree_lookup(/numbers26.num) -> -2
pages_get_node(1)
 -> success
get_dir_inum(1)
current dir->data in dirs list is numbers27.num
tree_lookup(/numbers27.num) -> -2
pages_get_node(1)
 -> success
get_dir_inum(1)
current dir->data in dirs list is numbers29.num
tree_lookup(/numbers29.num) -> -2
pages_get_node(1)
 -> success
get_dir_inum(1)
current dir->data in dirs list is numbers30.num
tree_lookup(/numbers30.num) -> -2
pages_get_node(1)
 -> success
get_dir_inum(1)
current dir->data in dirs list is numbers31.num
tree_lookup(/numbers31.num) -> -2
pages_get_node(1)
 -> success
get_dir_inum(1)
current dir->data in dirs list is numbers32.num
tree_lookup(/numbers32.num) -> -2
pages_get_node(1)
 -> success
get_dir_inum(1)
current dir->data in dirs list is numbers33.num
tree_lookup(/numbers33.num) -> -2
pages_get_node(1)
 -> success
get_dir_inum(1)
current dir->data in dirs list is numbers34.num
tree_lookup(/numbers34.num) -> -2
pages_get_node(1)
 -> success
get_dir_inum(1)
current dir->data in dirs list is numbers35.num
tree_lookup(/numbers35.num) -> -2
pages_get_node(1)
 -> success
get_dir_inum(1)
current dir->data in dirs list is numbers36.num
tree_lookup(/numbers36.num) -> -2
pages_get_node(1)
 -> success
get_dir_inum(1)
current dir->data in dirs list is numbers37.num
tree_lookup(/numbers37.num) -> -2
pages_get_node(1)
 -> success
get_dir_inum(1)
current dir->data in dirs list is numbers38.num
tree_lookup(/numbers38.num) -> -2
pages_get_node(1)
 -> success
get_dir_inum(1)
current dir->data in dirs list is numbers39.num
tree_lookup(/numbers39.num) -> -2
pages_get_node(1)
 -> success
get_dir_inum(1)
current dir->data in dirs list is numbers40.num
tree_lookup(/numbers40.num) -> -2
pages_get_node(1)
 -> success
get_dir_inum(1)
current dir->data in dirs list is numbers41.num
tree_lookup(/numbers41.num) -> -2
pages_get_node(1)
 -> success
get_dir_inum(1)
current dir->data in dirs list is numbers42.num
tree_lookup(/numbers42.num) -> -2
pages_get_node(1)
 -> success
get_dir_inum(1)
current dir->data in dirs list is numbers43.num
tree_lookup(/numbers43.num) -> -2
pages_get_node(1)
 -> success
get_dir_inum(1)
current dir->data in dirs list is numbers44.num
tree_lookup(/numbers44.num) -> -2
pages_get_node(1)
 -> success
get_dir_inum(1)
current dir->data in dirs list is numbers45.num
tree_lookup(/numbers45.num) -> -2
pages_get_node(1)
 -> success
get_dir_inum(1)
current dir->data in dirs list is numbers46.num
tree_lookup(/numbers46.num) -> -2
pages_get_node(1)
 -> success
get_dir_inum(1)
current dir->data in dirs list is numbers47.num
tree_lookup(/numbers47.num) -> -2
pages_get_node(1)
 -> success
get_dir_inum(1)
current dir->data in dirs list is numbers48.num
tree_lookup(/numbers48.num) -> -2
pages_get_node(1)
 -> success
get_dir_inum(1)
current dir->data in dirs list is numbers49.num
tree_lookup(/numbers49.num) -> -2
pages_get_node(1)
 -> success
get_dir_inum(1)
current dir->data in dirs list is numbers50.num
tree_lookup(/numbers50.num) -> -2
storage_readdir(/numbers)
readdir(/numbers) -> 0
